 zlibwapi

 Timestamp is 65bc336e (Thu Feb  1 21:12:30 2024)

 Preferred load address is 10000000

 Start         Length     Name                   Class
 0001:00000000 000235a1H .text$mn                CODE
 0002:00000000 00000104H .CRT$XCA                DATA
 0002:00000104 00000104H .CRT$XCZ                DATA
 0002:00000208 00000104H .CRT$XIA                DATA
 0002:0000030c 00000104H .CRT$XIZ                DATA
 0002:00000410 00000104H .CRT$XPA                DATA
 0002:00000514 00000104H .CRT$XPZ                DATA
 0002:00000618 00000104H .CRT$XTA                DATA
 0002:0000071c 00000104H .CRT$XTZ                DATA
 0002:00000820 000057a0H .rdata                  DATA
 0002:00005fc0 00000180H .rdata$CastGuardVftablesA DATA
 0002:00006140 0000014cH .rdata$CastGuardVftablesC DATA
 0002:0000628c 00000104H .rdata$sxdata           DATA
 0002:00006390 000001ecH .rdata$zzzdbg           DATA
 0002:0000657c 00000104H .rtc$IAA                DATA
 0002:00006680 00000104H .rtc$IZZ                DATA
 0002:00006784 00000104H .rtc$TAA                DATA
 0002:00006888 00000108H .rtc$TZZ                DATA
 0002:00006990 000001a0H .xdata$x                DATA
 0002:00006b30 000010f7H .edata                  DATA
 0003:00000000 000009f8H .data                   DATA
 0003:000009f8 00000460H .bss                    DATA
 0004:00000000 000001c0H .idata$5                DATA
 0004:000001c0 0000003cH .idata$2                DATA
 0004:000001fc 00000014H .idata$3                DATA
 0004:00000210 000001c0H .idata$4                DATA
 0004:000003d0 000005e1H .idata$6                DATA
 0005:00000000 0000010eH .00cfg                  DATA
 0006:00000000 00000170H .rsrc$01                DATA
 0006:00000170 000004dcH .rsrc$02                DATA

  Address         Publics by Value              Rva+Base       Lib:Object

 0000:00000000       ___AbsoluteZero            00000000     <absolute>
 0000:00000000       ___arm64x_extra_rfe_table  00000000     <absolute>
 0000:00000000       ___arm64x_extra_rfe_table_size 00000000     <absolute>
 0000:00000000       ___arm64x_native_entrypoint 00000000     <absolute>
 0000:00000000       ___arm64x_redirection_metadata 00000000     <absolute>
 0000:00000000       ___arm64x_redirection_metadata_count 00000000     <absolute>
 0000:00000000       ___dynamic_value_reloc_table 00000000     <absolute>
 0000:00000000       ___enclave_config          00000000     <absolute>
 0000:00000000       ___guard_check_icall_a64n_fptr 00000000     <absolute>
 0000:00000000       ___guard_eh_cont_count     00000000     <absolute>
 0000:00000000       ___guard_eh_cont_table     00000000     <absolute>
 0000:00000000       ___guard_fids_count        00000000     <absolute>
 0000:00000000       ___guard_fids_table        00000000     <absolute>
 0000:00000000       ___guard_iat_count         00000000     <absolute>
 0000:00000000       ___guard_iat_table         00000000     <absolute>
 0000:00000000       ___guard_longjmp_count     00000000     <absolute>
 0000:00000000       ___guard_longjmp_table     00000000     <absolute>
 0000:00000000       ___hybrid_auxiliary_delayload_iat 00000000     <absolute>
 0000:00000000       ___hybrid_auxiliary_delayload_iat_copy 00000000     <absolute>
 0000:00000000       ___hybrid_auxiliary_iat    00000000     <absolute>
 0000:00000000       ___hybrid_auxiliary_iat_copy 00000000     <absolute>
 0000:00000000       ___hybrid_code_map         00000000     <absolute>
 0000:00000000       ___hybrid_code_map_count   00000000     <absolute>
 0000:00000000       ___hybrid_image_info_bitfield 00000000     <absolute>
 0000:00000000       ___volatile_metadata       00000000     <absolute>
 0000:00000000       ___x64_code_ranges_to_entry_points 00000000     <absolute>
 0000:00000000       ___x64_code_ranges_to_entry_points_count 00000000     <absolute>
 0000:00000001       ___safe_se_handler_count   00000001     <absolute>
 0000:00000100       ___guard_flags             00000100     <absolute>
 0000:00000000       ___ImageBase               10000000     <linker-defined>
 0001:00000aa0       _adler32@12                10001aa0 f   adler32.obj
 0001:00000ac0       _adler32_z@12              10001ac0 f   adler32.obj
 0001:00001060       _adler32_combine@12        10002060 f   adler32.obj
 0001:00001180       _adler32_combine64@16      10002180 f   adler32.obj
 0001:00001360       _compress@16               10002360 f   compress.obj
 0001:00001380       _compress2@20              10002380 f   compress.obj
 0001:000014b0       _compressBound@4           100024b0 f   compress.obj
 0001:00001530       _crc32@12                  10002530 f   crc32.obj
 0001:00001550       _crc32_z@12                10002550 f   crc32.obj
 0001:00001cf0       _crc32_combine_op@12       10002cf0 f   crc32.obj
 0001:00001d10       _crc32_combine@12          10002d10 f   crc32.obj
 0001:00001d30       _crc32_combine_gen@4       10002d30 f   crc32.obj
 0001:00001d50       _get_crc_table@0           10002d50 f   crc32.obj
 0001:00001f20       _crc32_combine64@16        10002f20 f   crc32.obj
 0001:00001f50       _crc32_combine_gen64@8     10002f50 f   crc32.obj
 0001:00002200       _deflate@8                 10003200 f   deflate.obj
 0001:00003240       _deflateEnd@4              10004240 f   deflate.obj
 0001:00003350       _deflateSetDictionary@12   10004350 f   deflate.obj
 0001:000035c0       _deflateGetDictionary@12   100045c0 f   deflate.obj
 0001:00003660       _deflateCopy@8             10004660 f   deflate.obj
 0001:000038a0       _deflateReset@4            100048a0 f   deflate.obj
 0001:000038d0       _deflateParams@12          100048d0 f   deflate.obj
 0001:00003aa0       _deflateTune@20            10004aa0 f   deflate.obj
 0001:00003b00       _deflateBound@8            10004b00 f   deflate.obj
 0001:00003cf0       _deflatePending@12         10004cf0 f   deflate.obj
 0001:00003d40       _deflatePrime@12           10004d40 f   deflate.obj
 0001:00003e30       _deflateSetHeader@8        10004e30 f   deflate.obj
 0001:00003e70       _deflateInit_@16           10004e70 f   deflate.obj
 0001:00003ea0       _deflateInit2_@32          10004ea0 f   deflate.obj
 0001:00004210       _deflateResetKeep@4        10005210 f   deflate.obj
 0001:00007f00       _gzclose@4                 10008f00 f   gzclose.obj
 0001:00007f60       _gzdopen@8                 10008f60 f   gzlib.obj
 0001:00007fd0       _gzbuffer@8                10008fd0 f   gzlib.obj
 0001:00008040       _gzrewind@4                10009040 f   gzlib.obj
 0001:000080d0       _gzeof@4                   100090d0 f   gzlib.obj
 0001:00008130       _gzerror@8                 10009130 f   gzlib.obj
 0001:000081b0       _gzclearerr@4              100091b0 f   gzlib.obj
 0001:00008220       _gzopen@8                  10009220 f   gzlib.obj
 0001:00008240       _gzseek@12                 10009240 f   gzlib.obj
 0001:000082a0       _gztell@4                  100092a0 f   gzlib.obj
 0001:000082f0       _gzoffset@4                100092f0 f   gzlib.obj
 0001:00008340       _gzopen_w@8                10009340 f   gzlib.obj
 0001:00008360       _gzopen64@8                10009360 f   gzlib.obj
 0001:00008380       _gzseek64@16               10009380 f   gzlib.obj
 0001:00008660       _gztell64@4                10009660 f   gzlib.obj
 0001:000086e0       _gzoffset64@4              100096e0 f   gzlib.obj
 0001:00008780       _gz_error                  10009780 f   gzlib.obj
 0001:00008880       _gz_intmax                 10009880 f   gzlib.obj
 0001:00009100       ___local_stdio_printf_options 1000a100 f i gzlib.obj
 0001:00009110       _snprintf                  1000a110 f i gzlib.obj
 0001:00009160       _vsnprintf                 1000a160 f i gzlib.obj
 0001:000091d0       _gzread@12                 1000a1d0 f   gzread.obj
 0001:00009270       _gzfread@16                1000a270 f   gzread.obj
 0001:00009320       _gzgets@12                 1000a320 f   gzread.obj
 0001:000094d0       _gzgetc@4                  1000a4d0 f   gzread.obj
 0001:000095a0       _gzungetc@8                1000a5a0 f   gzread.obj
 0001:000097a0       _gzdirect@4                1000a7a0 f   gzread.obj
 0001:000097f0       _gzclose_r@4               1000a7f0 f   gzread.obj
 0001:000098e0       _gzgetc_@4                 1000a8e0 f   gzread.obj
 0001:0000a590       _gzsetparams@12            1000b590 f   gzwrite.obj
 0001:0000a690       _gzwrite@12                1000b690 f   gzwrite.obj
 0001:0000a700       _gzfwrite@16               1000b700 f   gzwrite.obj
 0001:0000a7a0       _gzprintf                  1000b7a0 f   gzwrite.obj
 0001:0000a7e0       _gzputs@8                  1000b7e0 f   gzwrite.obj
 0001:0000a880       _gzputc@8                  1000b880 f   gzwrite.obj
 0001:0000a9b0       _gzflush@8                 1000b9b0 f   gzwrite.obj
 0001:0000aa50       _gzclose_w@4               1000ba50 f   gzwrite.obj
 0001:0000ab70       _gzvprintf                 1000bb70 f   gzwrite.obj
 0001:0000b790       _inflateBack@20            1000c790 f   infback.obj
 0001:0000cb60       _inflateBackEnd@4          1000db60 f   infback.obj
 0001:0000cbb0       _inflateBackInit_@20       1000dbb0 f   infback.obj
 0001:0000d260       _inflate_fast              1000e260 f   inffast.obj
 0001:0000dbb0       _inflate@8                 1000ebb0 f   inflate.obj
 0001:0000fd90       _inflateEnd@4              10010d90 f   inflate.obj
 0001:0000fe10       _inflateSetDictionary@12   10010e10 f   inflate.obj
 0001:0000fee0       _inflateGetDictionary@12   10010ee0 f   inflate.obj
 0001:0000ff80       _inflateSync@4             10010f80 f   inflate.obj
 0001:00010150       _inflateCopy@8             10011150 f   inflate.obj
 0001:00010310       _inflateReset@4            10011310 f   inflate.obj
 0001:00010370       _inflateReset2@8           10011370 f   inflate.obj
 0001:00010450       _inflatePrime@12           10011450 f   inflate.obj
 0001:00010500       _inflateMark@4             10011500 f   inflate.obj
 0001:00010580       _inflateGetHeader@8        10011580 f   inflate.obj
 0001:000105e0       _inflateInit_@12           100115e0 f   inflate.obj
 0001:00010600       _inflateInit2_@16          10011600 f   inflate.obj
 0001:00010720       _inflateSyncPoint@4        10011720 f   inflate.obj
 0001:00010780       _inflateUndermine@8        10011780 f   inflate.obj
 0001:000107c0       _inflateValidate@8         100117c0 f   inflate.obj
 0001:00010820       _inflateCodesUsed@4        10011820 f   inflate.obj
 0001:00010860       _inflateResetKeep@4        10011860 f   inflate.obj
 0001:00011850       _inflate_table             10012850 f   inftrees.obj
 0001:00011f60       _fill_fopen64_filefunc     10012f60 f   ioapi.obj
 0001:00011fc0       _fill_fopen_filefunc       10012fc0 f   ioapi.obj
 0001:00012020       _call_zopen64              10013020 f   ioapi.obj
 0001:00012070       _call_zseek64              10013070 f   ioapi.obj
 0001:000120f0       _call_ztell64              100130f0 f   ioapi.obj
 0001:00012150       _fill_zlib_filefunc64_32_def_from_filefunc32 10013150 f   ioapi.obj
 0001:00012600       _fill_win32_filefunc       10013600 f   iowin32.obj
 0001:00012660       _fill_win32_filefunc64     10013660 f   iowin32.obj
 0001:000126c0       _fill_win32_filefunc64A    100136c0 f   iowin32.obj
 0001:00012720       _fill_win32_filefunc64W    10013720 f   iowin32.obj
 0001:00012870       _win32_open64_file_func    10013870 f   iowin32.obj
 0001:000128e0       _win32_open64_file_funcA   100138e0 f   iowin32.obj
 0001:00012950       _win32_open64_file_funcW   10013950 f   iowin32.obj
 0001:000129c0       _win32_open_file_func      100139c0 f   iowin32.obj
 0001:00012a30       _win32_read_file_func      10013a30 f   iowin32.obj
 0001:00012aa0       _win32_write_file_func     10013aa0 f   iowin32.obj
 0001:00012b80       _win32_tell_file_func      10013b80 f   iowin32.obj
 0001:00012c00       _win32_tell64_file_func    10013c00 f   iowin32.obj
 0001:00012c90       _win32_seek_file_func      10013c90 f   iowin32.obj
 0001:00012d50       _win32_seek64_file_func    10013d50 f   iowin32.obj
 0001:00012e10       _win32_close_file_func     10013e10 f   iowin32.obj
 0001:00012e60       _win32_error_file_func     10013e60 f   iowin32.obj
 0001:000130b0       __tr_init                  100140b0 f   trees.obj
 0001:00013140       __tr_tally                 10014140 f   trees.obj
 0001:000132c0       __tr_flush_block           100142c0 f   trees.obj
 0001:00013690       __tr_flush_bits            10014690 f   trees.obj
 0001:000136b0       __tr_align                 100146b0 f   trees.obj
 0001:00013920       __tr_stored_block          10014920 f   trees.obj
 0001:00016f30       _uncompress@16             10017f30 f   uncompr.obj
 0001:00016f50       _uncompress2@16            10017f50 f   uncompr.obj
 0001:00017140       _unzStringFileNameCompare@12 10018140 f   unzip.obj
 0001:00017180       _unzOpen@4                 10018180 f   unzip.obj
 0001:000171a0       _unzOpen64@4               100181a0 f   unzip.obj
 0001:000171c0       _unzOpen2@8                100181c0 f   unzip.obj
 0001:00017210       _unzOpen2_64@8             10018210 f   unzip.obj
 0001:00017270       _unzClose@4                10018270 f   unzip.obj
 0001:000172d0       _unzGetGlobalInfo@8        100182d0 f   unzip.obj
 0001:00017310       _unzGetGlobalInfo64@8      10018310 f   unzip.obj
 0001:00017350       _unzGetGlobalComment@12    10018350 f   unzip.obj
 0001:00017420       _unzGoToFirstFile@4        10018420 f   unzip.obj
 0001:000174c0       _unzGoToNextFile@4         100184c0 f   unzip.obj
 0001:00017600       _unzLocateFile@12          10018600 f   unzip.obj
 0001:00017760       _unzGetFilePos@8           10018760 f   unzip.obj
 0001:000177a0       _unzGoToFilePos@8          100187a0 f   unzip.obj
 0001:000177f0       _unzGetFilePos64@8         100187f0 f   unzip.obj
 0001:00017860       _unzGoToFilePos64@8        10018860 f   unzip.obj
 0001:00017900       _unzGetCurrentFileInfo64@32 10018900 f   unzip.obj
 0001:00017940       _unzGetCurrentFileInfo@32  10018940 f   unzip.obj
 0001:00017a40       _unzGetCurrentFileZStreamPos64@4 10018a40 f   unzip.obj
 0001:00017aa0       _unzOpenCurrentFile@4      10018aa0 f   unzip.obj
 0001:00017ac0       _unzOpenCurrentFilePassword@8 10018ac0 f   unzip.obj
 0001:00017ae0       _unzOpenCurrentFile2@16    10018ae0 f   unzip.obj
 0001:00017b00       _unzOpenCurrentFile3@20    10018b00 f   unzip.obj
 0001:00017fb0       _unzCloseCurrentFile@4     10018fb0 f   unzip.obj
 0001:00018090       _unzReadCurrentFile@12     10019090 f   unzip.obj
 0001:00018620       _unztell@4                 10019620 f   unzip.obj
 0001:00018660       _unztell64@4               10019660 f   unzip.obj
 0001:000186b0       _unzeof@4                  100196b0 f   unzip.obj
 0001:00018710       _unzGetLocalExtrafield@12  10019710 f   unzip.obj
 0001:00018820       _unzGetOffset64@4          10019820 f   unzip.obj
 0001:000188d0       _unzGetOffset@4            100198d0 f   unzip.obj
 0001:00018900       _unzSetOffset64@12         10019900 f   unzip.obj
 0001:000189a0       _unzSetOffset@8            100199a0 f   unzip.obj
 0001:0001b150       _zipOpen@8                 1001c150 f   zip.obj
 0001:0001b170       _zipOpen64@8               1001c170 f   zip.obj
 0001:0001b190       _zipOpen2@16               1001c190 f   zip.obj
 0001:0001b1e0       _zipOpen2_64@16            1001c1e0 f   zip.obj
 0001:0001b240       _zipOpen3@16               1001c240 f   zip.obj
 0001:0001b3f0       _zipOpenNewFileInZip@40    1001c3f0 f   zip.obj
 0001:0001b440       _zipOpenNewFileInZip64@44  1001c440 f   zip.obj
 0001:0001b490       _zipOpenNewFileInZip2@44   1001c490 f   zip.obj
 0001:0001b4e0       _zipOpenNewFileInZip2_64@48 1001c4e0 f   zip.obj
 0001:0001b530       _zipOpenNewFileInZip3@64   1001c530 f   zip.obj
 0001:0001b590       _zipOpenNewFileInZip3_64@68 1001c590 f   zip.obj
 0001:0001b5f0       _zipOpenNewFileInZip4@72   1001c5f0 f   zip.obj
 0001:0001b650       _zipOpenNewFileInZip4_64@76 1001c650 f   zip.obj
 0001:0001be00       _zipWriteInFileInZip@12    1001ce00 f   zip.obj
 0001:0001bfe0       _zipCloseFileInZip@4       1001cfe0 f   zip.obj
 0001:0001c000       _zipCloseFileInZipRaw@12   1001d000 f   zip.obj
 0001:0001c020       _zipCloseFileInZipRaw64@16 1001d020 f   zip.obj
 0001:0001c720       _zipClose@8                1001d720 f   zip.obj
 0001:0001c930       _zipRemoveExtraInfoBlock@12 1001d930 f   zip.obj
 0001:0001f820       _zlibVersion@0             10020820 f   zutil.obj
 0001:0001f830       _zlibCompileFlags@0        10020830 f   zutil.obj
 0001:0001f950       _zError@4                  10020950 f   zutil.obj
 0001:0001f990       _zcalloc                   10020990 f   zutil.obj
 0001:0001f9b0       _zcfree                    100209b0 f   zutil.obj
 0001:0001fa2a       _CreateFileA@28            10020a2a f   kernel32:KERNEL32.dll
 0001:0001fa30       _CreateFileW@28            10020a30 f   kernel32:KERNEL32.dll
 0001:0001fa36       _ReadFile@20               10020a36 f   kernel32:KERNEL32.dll
 0001:0001fa3c       _SetFilePointer@16         10020a3c f   kernel32:KERNEL32.dll
 0001:0001fa42       _WriteFile@20              10020a42 f   kernel32:KERNEL32.dll
 0001:0001fa48       _CloseHandle@4             10020a48 f   kernel32:KERNEL32.dll
 0001:0001fa4e       _GetLastError@0            10020a4e f   kernel32:KERNEL32.dll
 0001:0001fa60       __allrem                   10020a60 f   MSVCRTD:llrem.obj
 0001:0001fb40       __allshr                   10020b40 f   MSVCRTD:llshr.obj
 0001:0001fb70       __allmul                   10020b70 f   MSVCRTD:llmul.obj
 0001:0001fbc0       __allshl                   10020bc0 f   MSVCRTD:llshl.obj
 0001:0001fbf0       __aulldiv                  10020bf0 f   MSVCRTD:ulldiv.obj
 0001:0001fc80       __aullshr                  10020c80 f   MSVCRTD:ullshr.obj
 0001:0001fcb0       __alloca_probe             10020cb0 f   MSVCRTD:chkstk.obj
 0001:0001fcb0       __chkstk                   10020cb0 f   MSVCRTD:chkstk.obj
 0001:000202f0       __CRT_INIT@12              100212f0 f   MSVCRTD:dll_dllmain.obj
 0001:00020310       __DllMainCRTStartup@12     10021310 f   MSVCRTD:dll_dllmain.obj
 0001:000203d0       ___security_init_cookie    100213d0 f   MSVCRTD:gs_support.obj
 0001:00020470       _DllMain@12                10021470 f   MSVCRTD:dll_dllmain_stub.obj
 0001:000204a0       ?__scrt_initialize_type_info@@YAXXZ 100214a0 f   MSVCRTD:tncleanup.obj
 0001:000204c0       ?__scrt_uninitialize_type_info@@YAXXZ 100214c0 f   MSVCRTD:tncleanup.obj
 0001:000204e0       ___local_stdio_scanf_options 100214e0 f i MSVCRTD:default_local_stdio_options.obj
 0001:000204f0       ___scrt_initialize_default_local_stdio_options 100214f0 f   MSVCRTD:default_local_stdio_options.obj
 0001:00020540       ?configure_argv@__scrt_narrow_argv_policy@@SAHXZ 10021540 f i MSVCRTD:utility.obj
 0001:00020610       ?initialize_environment@__scrt_narrow_environment_policy@@SAHXZ 10021610 f i MSVCRTD:utility.obj
 0001:000206b0       _NtCurrentTeb              100216b0 f i MSVCRTD:utility.obj
 0001:000206c0       ___scrt_acquire_startup_lock 100216c0 f   MSVCRTD:utility.obj
 0001:00020720       ___scrt_dllmain_after_initialize_c 10021720 f   MSVCRTD:utility.obj
 0001:00020760       ___scrt_dllmain_before_initialize_c 10021760 f   MSVCRTD:utility.obj
 0001:00020790       ___scrt_dllmain_crt_thread_attach 10021790 f   MSVCRTD:utility.obj
 0001:000207d0       ___scrt_dllmain_crt_thread_detach 100217d0 f   MSVCRTD:utility.obj
 0001:000207f0       ___scrt_dllmain_exception_filter 100217f0 f   MSVCRTD:utility.obj
 0001:00020850       ___scrt_dllmain_uninitialize_c 10021850 f   MSVCRTD:utility.obj
 0001:00020890       ___scrt_dllmain_uninitialize_critical 10021890 f   MSVCRTD:utility.obj
 0001:000208b0       ___scrt_initialize_crt     100218b0 f   MSVCRTD:utility.obj
 0001:00020910       ___scrt_initialize_onexit_tables 10021910 f   MSVCRTD:utility.obj
 0001:00020a20       ___scrt_is_nonwritable_in_current_image 10021a20 f   MSVCRTD:utility.obj
 0001:00020ba0       ___scrt_release_startup_lock 10021ba0 f   MSVCRTD:utility.obj
 0001:00020bd0       ___scrt_uninitialize_crt   10021bd0 f   MSVCRTD:utility.obj
 0001:00020c20       __onexit                   10021c20 f   MSVCRTD:utility.obj
 0001:00020ca0       _at_quick_exit             10021ca0 f   MSVCRTD:utility.obj
 0001:00020cf0       _atexit                    10021cf0 f   MSVCRTD:utility.obj
 0001:00020d30       ___scrt_get_dyn_tls_init_callback 10021d30 f   MSVCRTD:dyn_tls_init.obj
 0001:00020d40       ___scrt_fastfail           10021d40 f   MSVCRTD:utility_desktop.obj
 0001:00020ed0       ___scrt_get_show_window_mode 10021ed0 f   MSVCRTD:utility_desktop.obj
 0001:00020f20       ___scrt_initialize_mta     10021f20 f   MSVCRTD:utility_desktop.obj
 0001:00020f30       ___scrt_initialize_winrt   10021f30 f   MSVCRTD:utility_desktop.obj
 0001:00020f40       ___scrt_is_managed_app     10021f40 f   MSVCRTD:utility_desktop.obj
 0001:00020ff0       ___scrt_set_unhandled_exception_filter 10021ff0 f   MSVCRTD:utility_desktop.obj
 0001:00021010       ___scrt_exe_initialize_mta 10022010 f   MSVCRTD:utility_desktop.obj
 0001:00021010       ___scrt_stub_for_initialize_mta 10022010 f   MSVCRTD:utility_desktop.obj
 0001:00021020       ___scrt_unhandled_exception_filter@4 10022020 f   MSVCRTD:utility_desktop.obj
 0001:000210c0       __crt_debugger_hook        100220c0 f   MSVCRTD:utility_desktop.obj
 0001:000210e0       __RTC_Initialize           100220e0 f   MSVCRTD:initsect.obj
 0001:00021120       __RTC_Terminate            10022120 f   MSVCRTD:initsect.obj
 0001:00021160       __except_handler4          10022160 f   MSVCRTD:chandler4gs.obj
 0001:000211b0       @_guard_check_icall_nop@4  100221b0 f i MSVCRTD:guard_support.obj
 0001:000211c0       _ReadNoFence               100221c0 f i MSVCRTD:guard_support.obj
 0001:000211e0       _ReadPointerNoFence        100221e0 f i MSVCRTD:guard_support.obj
 0001:00021200       __InlineInterlockedExchangePointer 10022200 f i MSVCRTD:guard_support.obj
 0001:00021210       ___castguard_check_failure_debugbreak 10022210 f i MSVCRTD:guard_support.obj
 0001:00021230       ___castguard_check_failure_fastfail 10022230 f i MSVCRTD:guard_support.obj
 0001:00021260       ___castguard_check_failure_nop 10022260 f i MSVCRTD:guard_support.obj
 0001:00021270       ___castguard_check_failure_os_handled 10022270 f i MSVCRTD:guard_support.obj
 0001:000212e0       ___castguard_check_failure_user_handled 100222e0 f i MSVCRTD:guard_support.obj
 0001:000213b0       ___castguard_set_user_handler 100223b0 f i MSVCRTD:guard_support.obj
 0001:000213e0       ___castguard_slow_path_check_debugbreak 100223e0 f i MSVCRTD:guard_support.obj
 0001:00021420       ___castguard_slow_path_check_fastfail 10022420 f i MSVCRTD:guard_support.obj
 0001:00021470       ___castguard_slow_path_check_nop 10022470 f i MSVCRTD:guard_support.obj
 0001:00021480       ___castguard_slow_path_check_os_handled 10022480 f i MSVCRTD:guard_support.obj
 0001:000214d0       ___castguard_slow_path_check_user_handled 100224d0 f i MSVCRTD:guard_support.obj
 0001:00021570       __guard_icall_checks_enforced 10022570 f i MSVCRTD:guard_support.obj
 0001:000215b0       ___isa_available_init      100225b0 f   MSVCRTD:cpu_disp.obj
 0001:000219b0       __get_startup_argv_mode    100229b0 f   MSVCRTD:argv_mode.obj
 0001:000219c0       ___scrt_is_ucrt_dll_in_use 100229c0 f   MSVCRTD:ucrt_detection.obj
 0001:000219f0       @__security_check_cookie@4 100229f0 f   MSVCRTD:secchk.obj
 0001:00021a10       ___raise_securityfailure   10022a10 f   MSVCRTD:gs_report.obj
 0001:00021a50       ___report_gsfailure        10022a50 f   MSVCRTD:gs_report.obj
 0001:00021ba0       ___report_rangecheckfailure 10022ba0 f   MSVCRTD:gs_report.obj
 0001:00021bb0       ___report_securityfailure  10022bb0 f   MSVCRTD:gs_report.obj
 0001:00021cc0       ___report_securityfailureEx 10022cc0 f   MSVCRTD:gs_report.obj
 0001:00021e2f       _memcpy                    10022e2f f   vcruntimed:VCRUNTIME140D.dll
 0001:00021e35       _memset                    10022e35 f   vcruntimed:VCRUNTIME140D.dll
 0001:00021e3b       _memchr                    10022e3b f   vcruntimed:VCRUNTIME140D.dll
 0001:00021e41       _memmove                   10022e41 f   vcruntimed:VCRUNTIME140D.dll
 0001:00021e47       ___std_type_info_destroy_list 10022e47 f   vcruntimed:VCRUNTIME140D.dll
 0001:00021e4d       ___current_exception       10022e4d f   vcruntimed:VCRUNTIME140D.dll
 0001:00021e53       ___current_exception_context 10022e53 f   vcruntimed:VCRUNTIME140D.dll
 0001:00021e59       __except_handler4_common   10022e59 f   vcruntimed:VCRUNTIME140D.dll
 0001:00021e5f       ___stdio_common_vsprintf   10022e5f f   ucrtd:ucrtbased.dll
 0001:00021e65       _strlen                    10022e65 f   ucrtd:ucrtbased.dll
 0001:00021e6b       _free                      10022e6b f   ucrtd:ucrtbased.dll
 0001:00021e71       _malloc                    10022e71 f   ucrtd:ucrtbased.dll
 0001:00021e77       _wcstombs                  10022e77 f   ucrtd:ucrtbased.dll
 0001:00021e7d       __wopen                    10022e7d f   ucrtd:ucrtbased.dll
 0001:00021e83       __lseeki64                 10022e83 f   ucrtd:ucrtbased.dll
 0001:00021e89       __open                     10022e89 f   ucrtd:ucrtbased.dll
 0001:00021e8f       __errno                    10022e8f f   ucrtd:ucrtbased.dll
 0001:00021e95       _strerror                  10022e95 f   ucrtd:ucrtbased.dll
 0001:00021e9b       __close                    10022e9b f   ucrtd:ucrtbased.dll
 0001:00021ea1       __read                     10022ea1 f   ucrtd:ucrtbased.dll
 0001:00021ea7       __write                    10022ea7 f   ucrtd:ucrtbased.dll
 0001:00021ead       _fclose                    10022ead f   ucrtd:ucrtbased.dll
 0001:00021eb3       _ferror                    10022eb3 f   ucrtd:ucrtbased.dll
 0001:00021eb9       _fopen                     10022eb9 f   ucrtd:ucrtbased.dll
 0001:00021ebf       _fread                     10022ebf f   ucrtd:ucrtbased.dll
 0001:00021ec5       _fseek                     10022ec5 f   ucrtd:ucrtbased.dll
 0001:00021ecb       __fseeki64                 10022ecb f   ucrtd:ucrtbased.dll
 0001:00021ed1       _ftell                     10022ed1 f   ucrtd:ucrtbased.dll
 0001:00021ed7       __ftelli64                 10022ed7 f   ucrtd:ucrtbased.dll
 0001:00021edd       _fwrite                    10022edd f   ucrtd:ucrtbased.dll
 0001:00021ee3       _strcmp                    10022ee3 f   ucrtd:ucrtbased.dll
 0001:00021ee9       _srand                     10022ee9 f   ucrtd:ucrtbased.dll
 0001:00021eef       _rand                      10022eef f   ucrtd:ucrtbased.dll
 0001:00021ef5       __time64                   10022ef5 f   ucrtd:ucrtbased.dll
 0001:00021efb       __initterm                 10022efb f   ucrtd:ucrtbased.dll
 0001:00021f01       __initterm_e               10022f01 f   ucrtd:ucrtbased.dll
 0001:00021f07       __seh_filter_dll           10022f07 f   ucrtd:ucrtbased.dll
 0001:00021f0d       __configure_narrow_argv    10022f0d f   ucrtd:ucrtbased.dll
 0001:00021f13       __initialize_narrow_environment 10022f13 f   ucrtd:ucrtbased.dll
 0001:00021f19       __initialize_onexit_table  10022f19 f   ucrtd:ucrtbased.dll
 0001:00021f1f       __register_onexit_function 10022f1f f   ucrtd:ucrtbased.dll
 0001:00021f25       __execute_onexit_table     10022f25 f   ucrtd:ucrtbased.dll
 0001:00021f2b       __crt_atexit               10022f2b f   ucrtd:ucrtbased.dll
 0001:00021f31       __crt_at_quick_exit        10022f31 f   ucrtd:ucrtbased.dll
 0001:00021f37       __cexit                    10022f37 f   ucrtd:ucrtbased.dll
 0001:00021f3d       _terminate                 10022f3d f   ucrtd:ucrtbased.dll
 0001:00021f43       _QueryPerformanceCounter@4 10022f43 f   kernel32:KERNEL32.dll
 0001:00021f49       _GetCurrentProcessId@0     10022f49 f   kernel32:KERNEL32.dll
 0001:00021f4f       _GetCurrentThreadId@0      10022f4f f   kernel32:KERNEL32.dll
 0001:00021f55       _GetSystemTimeAsFileTime@4 10022f55 f   kernel32:KERNEL32.dll
 0001:00021f5b       _DisableThreadLibraryCalls@4 10022f5b f   kernel32:KERNEL32.dll
 0001:00021f61       _InitializeSListHead@4     10022f61 f   kernel32:KERNEL32.dll
 0001:00021f67       _IsDebuggerPresent@0       10022f67 f   kernel32:KERNEL32.dll
 0001:00021f6d       _UnhandledExceptionFilter@4 10022f6d f   kernel32:KERNEL32.dll
 0001:00021f73       _SetUnhandledExceptionFilter@4 10022f73 f   kernel32:KERNEL32.dll
 0001:00021f79       _GetStartupInfoW@4         10022f79 f   kernel32:KERNEL32.dll
 0001:00021f7f       _IsProcessorFeaturePresent@4 10022f7f f   kernel32:KERNEL32.dll
 0001:00021f85       _GetModuleHandleW@4        10022f85 f   kernel32:KERNEL32.dll
 0001:00021f8b       _GetCurrentProcess@0       10022f8b f   kernel32:KERNEL32.dll
 0001:00021f91       _TerminateProcess@8        10022f91 f   kernel32:KERNEL32.dll
 0001:00021fa0       ___acrt_initialize         10022fa0 f   MSVCRTD:ucrt_stubs.obj
 0001:00021fa0       ___scrt_stub_for_acrt_initialize 10022fa0 f   MSVCRTD:ucrt_stubs.obj
 0001:00021fa0       ___vcrt_initialize         10022fa0 f   MSVCRTD:ucrt_stubs.obj
 0001:00021fb0       ___acrt_thread_attach      10022fb0 f   MSVCRTD:ucrt_stubs.obj
 0001:00021fb0       ___scrt_stub_for_acrt_thread_attach 10022fb0 f   MSVCRTD:ucrt_stubs.obj
 0001:00021fb0       ___vcrt_thread_attach      10022fb0 f   MSVCRTD:ucrt_stubs.obj
 0001:00021fc0       ___acrt_thread_detach      10022fc0 f   MSVCRTD:ucrt_stubs.obj
 0001:00021fc0       ___scrt_stub_for_acrt_thread_detach 10022fc0 f   MSVCRTD:ucrt_stubs.obj
 0001:00021fc0       ___vcrt_thread_detach      10022fc0 f   MSVCRTD:ucrt_stubs.obj
 0001:00021fd0       ___acrt_uninitialize       10022fd0 f   MSVCRTD:ucrt_stubs.obj
 0001:00021fd0       ___scrt_stub_for_acrt_uninitialize 10022fd0 f   MSVCRTD:ucrt_stubs.obj
 0001:00021fd0       ___vcrt_uninitialize       10022fd0 f   MSVCRTD:ucrt_stubs.obj
 0001:00021fe0       ___acrt_uninitialize_critical 10022fe0 f   MSVCRTD:ucrt_stubs.obj
 0001:00021fe0       ___scrt_stub_for_acrt_uninitialize_critical 10022fe0 f   MSVCRTD:ucrt_stubs.obj
 0001:00021fe0       ___vcrt_uninitialize_critical 10022fe0 f   MSVCRTD:ucrt_stubs.obj
 0001:00021ff0       ___scrt_stub_for_is_c_termination_complete 10022ff0 f   MSVCRTD:ucrt_stubs.obj
 0001:00021ff0       __is_c_termination_complete 10022ff0 f   MSVCRTD:ucrt_stubs.obj
 0001:00022000       __filter_x86_sse2_floating_point_exception 10023000 f   MSVCRTD:x86_exception_filter.obj
 0001:00022000       __filter_x86_sse2_floating_point_exception_default 10023000 f   MSVCRTD:x86_exception_filter.obj
 0002:00000000       ___xc_a                    10025000     MSVCRTD:initializers.obj
 0002:00000104       ___xc_z                    10025104     MSVCRTD:initializers.obj
 0002:00000208       ___xi_a                    10025208     MSVCRTD:initializers.obj
 0002:0000030c       ___xi_z                    1002530c     MSVCRTD:initializers.obj
 0002:00000410       ___xp_a                    10025410     MSVCRTD:initializers.obj
 0002:00000514       ___xp_z                    10025514     MSVCRTD:initializers.obj
 0002:00000618       ___xt_a                    10025618     MSVCRTD:initializers.obj
 0002:0000071c       ___xt_z                    1002571c     MSVCRTD:initializers.obj
 0002:000038c0       _deflate_copyright         100288c0     deflate.obj
 0002:00004e78       _inflate_copyright         10029e78     inftrees.obj
 0002:00004ff0       __length_code              10029ff0     trees.obj
 0002:000050f0       __dist_code                1002a0f0     trees.obj
 0002:00005c80       _unz_copyright             1002ac80     unzip.obj
 0002:00005ce8       _zip_copyright             1002ace8     zip.obj
 0002:00005d48       _z_errmsg                  1002ad48     zutil.obj
 0002:00005d78       __pDefaultRawDllMain       1002ad78     MSVCRTD:dll_dllmain.obj
 0002:00005d78       __pRawDllMain              1002ad78     MSVCRTD:dll_dllmain.obj
 0002:00005d88       __load_config_used         1002ad88     MSVCRTD:loadcfg.obj
 0002:00005fc0       ___CastGuardVftablesStart  1002afc0     MSVCRTD:guard_support.obj
 0002:00006140       ___CastGuardVftablesEnd    1002b140     MSVCRTD:guard_support.obj
 0002:0000628c       ___safe_se_handler_table   1002b28c     <linker-defined>
 0002:0000657c       ___rtc_iaa                 1002b57c     MSVCRTD:initsect.obj
 0002:00006680       ___rtc_izz                 1002b680     MSVCRTD:initsect.obj
 0002:00006784       ___rtc_taa                 1002b784     MSVCRTD:initsect.obj
 0002:00006888       ___rtc_tzz                 1002b888     MSVCRTD:initsect.obj
 0003:00000840       ___scrt_native_dllmain_reason 1002d840     MSVCRTD:utility.obj
 0003:00000880       ___security_cookie         1002d880     MSVCRTD:gs_cookie.obj
 0003:000008c0       ___security_cookie_complement 1002d8c0     MSVCRTD:gs_cookie.obj
 0003:000008d4       ___isa_enabled             1002d8d4     MSVCRTD:cpu_disp.obj
 0003:000008d8       ___scrt_ucrt_dll_is_in_use 1002d8d8     MSVCRTD:ucrt_stubs.obj
 0003:00000a08       ?__type_info_root_node@@3U__type_info_node@@A 1002da08     MSVCRTD:tncleanup.obj
 0003:00000a18       ?_OptionsStorage@?1??__local_stdio_printf_options@@9@4_KA 1002da18     MSVCRTD:default_local_stdio_options.obj
 0003:00000a28       ?_OptionsStorage@?1??__local_stdio_scanf_options@@9@4_KA 1002da28     MSVCRTD:default_local_stdio_options.obj
 0003:00000a34       ___scrt_current_native_startup_state 1002da34     MSVCRTD:utility.obj
 0003:00000a38       ___scrt_native_startup_lock 1002da38     MSVCRTD:utility.obj
 0003:00000a60       ___scrt_debugger_hook_flag 1002da60     MSVCRTD:utility_desktop.obj
 0003:00000a64       ___castguard_check_failure_user_handled_fptr 1002da64     MSVCRTD:guard_support.obj
 0003:00000a68       ___isa_available           1002da68     MSVCRTD:cpu_disp.obj
 0003:00000a6c       ___favor                   1002da6c     MSVCRTD:cpu_disp.obj
 0003:00000e38       ?_OptionsStorage@?1??__local_stdio_printf_options@@9@9 1002de38     <common>
 0003:00000e4c       ___dyn_tls_init_callback   1002de4c     <common>
 0004:00000000       __imp__CreateFileA@28      1002e000     kernel32:KERNEL32.dll
 0004:00000004       __imp__CreateFileW@28      1002e004     kernel32:KERNEL32.dll
 0004:00000008       __imp__ReadFile@20         1002e008     kernel32:KERNEL32.dll
 0004:0000000c       __imp__SetFilePointer@16   1002e00c     kernel32:KERNEL32.dll
 0004:00000010       __imp__WriteFile@20        1002e010     kernel32:KERNEL32.dll
 0004:00000014       __imp__CloseHandle@4       1002e014     kernel32:KERNEL32.dll
 0004:00000018       __imp__GetLastError@0      1002e018     kernel32:KERNEL32.dll
 0004:0000001c       __imp__GetCurrentProcess@0 1002e01c     kernel32:KERNEL32.dll
 0004:00000020       __imp__GetModuleHandleW@4  1002e020     kernel32:KERNEL32.dll
 0004:00000024       __imp__IsProcessorFeaturePresent@4 1002e024     kernel32:KERNEL32.dll
 0004:00000028       __imp__GetStartupInfoW@4   1002e028     kernel32:KERNEL32.dll
 0004:0000002c       __imp__SetUnhandledExceptionFilter@4 1002e02c     kernel32:KERNEL32.dll
 0004:00000030       __imp__UnhandledExceptionFilter@4 1002e030     kernel32:KERNEL32.dll
 0004:00000034       __imp__IsDebuggerPresent@0 1002e034     kernel32:KERNEL32.dll
 0004:00000038       __imp__InitializeSListHead@4 1002e038     kernel32:KERNEL32.dll
 0004:0000003c       __imp__DisableThreadLibraryCalls@4 1002e03c     kernel32:KERNEL32.dll
 0004:00000040       __imp__GetSystemTimeAsFileTime@4 1002e040     kernel32:KERNEL32.dll
 0004:00000044       __imp__GetCurrentThreadId@0 1002e044     kernel32:KERNEL32.dll
 0004:00000048       __imp__GetCurrentProcessId@0 1002e048     kernel32:KERNEL32.dll
 0004:0000004c       __imp__QueryPerformanceCounter@4 1002e04c     kernel32:KERNEL32.dll
 0004:00000050       __imp__TerminateProcess@8  1002e050     kernel32:KERNEL32.dll
 0004:00000054       \177KERNEL32_NULL_THUNK_DATA 1002e054     kernel32:KERNEL32.dll
 0004:00000090       __imp__memmove             1002e090     vcruntimed:VCRUNTIME140D.dll
 0004:00000094       __imp____std_type_info_destroy_list 1002e094     vcruntimed:VCRUNTIME140D.dll
 0004:00000098       __imp____current_exception 1002e098     vcruntimed:VCRUNTIME140D.dll
 0004:0000009c       __imp____current_exception_context 1002e09c     vcruntimed:VCRUNTIME140D.dll
 0004:000000a0       __imp___except_handler4_common 1002e0a0     vcruntimed:VCRUNTIME140D.dll
 0004:000000a4       __imp__memchr              1002e0a4     vcruntimed:VCRUNTIME140D.dll
 0004:000000a8       __imp__memcpy              1002e0a8     vcruntimed:VCRUNTIME140D.dll
 0004:000000ac       __imp__memset              1002e0ac     vcruntimed:VCRUNTIME140D.dll
 0004:000000b0       \177VCRUNTIME140D_NULL_THUNK_DATA 1002e0b0     vcruntimed:VCRUNTIME140D.dll
 0004:000000e0       __imp__ferror              1002e0e0     ucrtd:ucrtbased.dll
 0004:000000e4       __imp__fopen               1002e0e4     ucrtd:ucrtbased.dll
 0004:000000e8       __imp__fread               1002e0e8     ucrtd:ucrtbased.dll
 0004:000000ec       __imp__fseek               1002e0ec     ucrtd:ucrtbased.dll
 0004:000000f0       __imp__malloc              1002e0f0     ucrtd:ucrtbased.dll
 0004:000000f4       __imp__ftell               1002e0f4     ucrtd:ucrtbased.dll
 0004:000000f8       __imp___ftelli64           1002e0f8     ucrtd:ucrtbased.dll
 0004:000000fc       __imp__fwrite              1002e0fc     ucrtd:ucrtbased.dll
 0004:00000100       __imp__strcmp              1002e100     ucrtd:ucrtbased.dll
 0004:00000104       __imp__srand               1002e104     ucrtd:ucrtbased.dll
 0004:00000108       __imp__rand                1002e108     ucrtd:ucrtbased.dll
 0004:0000010c       __imp___time64             1002e10c     ucrtd:ucrtbased.dll
 0004:00000110       __imp___initterm           1002e110     ucrtd:ucrtbased.dll
 0004:00000114       __imp___write              1002e114     ucrtd:ucrtbased.dll
 0004:00000118       __imp___seh_filter_dll     1002e118     ucrtd:ucrtbased.dll
 0004:0000011c       __imp___configure_narrow_argv 1002e11c     ucrtd:ucrtbased.dll
 0004:00000120       __imp___initialize_narrow_environment 1002e120     ucrtd:ucrtbased.dll
 0004:00000124       __imp___initialize_onexit_table 1002e124     ucrtd:ucrtbased.dll
 0004:00000128       __imp___register_onexit_function 1002e128     ucrtd:ucrtbased.dll
 0004:0000012c       __imp___execute_onexit_table 1002e12c     ucrtd:ucrtbased.dll
 0004:00000130       __imp___crt_atexit         1002e130     ucrtd:ucrtbased.dll
 0004:00000134       __imp___crt_at_quick_exit  1002e134     ucrtd:ucrtbased.dll
 0004:00000138       __imp___cexit              1002e138     ucrtd:ucrtbased.dll
 0004:0000013c       __imp__terminate           1002e13c     ucrtd:ucrtbased.dll
 0004:00000140       __imp___read               1002e140     ucrtd:ucrtbased.dll
 0004:00000144       __imp__free                1002e144     ucrtd:ucrtbased.dll
 0004:00000148       __imp__strlen              1002e148     ucrtd:ucrtbased.dll
 0004:0000014c       __imp____stdio_common_vsprintf 1002e14c     ucrtd:ucrtbased.dll
 0004:00000150       __imp__fclose              1002e150     ucrtd:ucrtbased.dll
 0004:00000154       __imp___close              1002e154     ucrtd:ucrtbased.dll
 0004:00000158       __imp__strerror            1002e158     ucrtd:ucrtbased.dll
 0004:0000015c       __imp___errno              1002e15c     ucrtd:ucrtbased.dll
 0004:00000160       __imp___open               1002e160     ucrtd:ucrtbased.dll
 0004:00000164       __imp___lseeki64           1002e164     ucrtd:ucrtbased.dll
 0004:00000168       __imp___wopen              1002e168     ucrtd:ucrtbased.dll
 0004:0000016c       __imp___initterm_e         1002e16c     ucrtd:ucrtbased.dll
 0004:00000170       __imp__wcstombs            1002e170     ucrtd:ucrtbased.dll
 0004:00000174       __imp___fseeki64           1002e174     ucrtd:ucrtbased.dll
 0004:00000178       \177ucrtbased_NULL_THUNK_DATA 1002e178     ucrtd:ucrtbased.dll
 0004:000001c0       __IMPORT_DESCRIPTOR_KERNEL32 1002e1c0     kernel32:KERNEL32.dll
 0004:000001d4       __IMPORT_DESCRIPTOR_VCRUNTIME140D 1002e1d4     vcruntimed:VCRUNTIME140D.dll
 0004:000001e8       __IMPORT_DESCRIPTOR_ucrtbased 1002e1e8     ucrtd:ucrtbased.dll
 0004:000001fc       __NULL_IMPORT_DESCRIPTOR   1002e1fc     kernel32:KERNEL32.dll
 0005:00000000       ___guard_check_icall_fptr  1002f000     MSVCRTD:guard_support.obj
 0005:00000004       ___guard_xfg_check_icall_fptr 1002f004     MSVCRTD:guard_support.obj
 0005:00000008       ___castguard_check_failure_os_handled_fptr 1002f008     MSVCRTD:guard_support.obj

 entry point at        0001:000004a1

 Static symbols

 0000:fffce000       .debug$S                   10000000     zlibwapi.exp
 0000:fffce000       .debug$S                   10000000     ucrtd:ucrtbased.dll
 0000:fffce000       .debug$S                   10000000     ucrtd:ucrtbased.dll
 0000:fffce000       .debug$S                   10000000     ucrtd:ucrtbased.dll
 0000:fffce000       .debug$S                   10000000     ucrtd:ucrtbased.dll
 0000:fffce000       .debug$S                   10000000     ucrtd:ucrtbased.dll
 0000:fffce000       .debug$S                   10000000     ucrtd:ucrtbased.dll
 0000:fffce000       .debug$S                   10000000     ucrtd:ucrtbased.dll
 0000:fffce000       .debug$S                   10000000     ucrtd:ucrtbased.dll
 0000:fffce000       .debug$S                   10000000     ucrtd:ucrtbased.dll
 0000:fffce000       .debug$S                   10000000     ucrtd:ucrtbased.dll
 0000:fffce000       .debug$S                   10000000     ucrtd:ucrtbased.dll
 0000:fffce000       .debug$S                   10000000     ucrtd:ucrtbased.dll
 0000:fffce000       .debug$S                   10000000     ucrtd:ucrtbased.dll
 0000:fffce000       .debug$S                   10000000     ucrtd:ucrtbased.dll
 0000:fffce000       .debug$S                   10000000     ucrtd:ucrtbased.dll
 0000:fffce000       .debug$S                   10000000     ucrtd:ucrtbased.dll
 0000:fffce000       .debug$S                   10000000     ucrtd:ucrtbased.dll
 0000:fffce000       .debug$S                   10000000     ucrtd:ucrtbased.dll
 0000:fffce000       .debug$S                   10000000     ucrtd:ucrtbased.dll
 0000:fffce000       .debug$S                   10000000     ucrtd:ucrtbased.dll
 0000:fffce000       .debug$S                   10000000     ucrtd:ucrtbased.dll
 0000:fffce000       .debug$S                   10000000     ucrtd:ucrtbased.dll
 0000:fffce000       .debug$S                   10000000     ucrtd:ucrtbased.dll
 0000:fffce000       .debug$S                   10000000     ucrtd:ucrtbased.dll
 0000:fffce000       .debug$S                   10000000     ucrtd:ucrtbased.dll
 0000:fffce000       .debug$S                   10000000     ucrtd:ucrtbased.dll
 0000:fffce000       .debug$S                   10000000     ucrtd:ucrtbased.dll
 0000:fffce000       .debug$S                   10000000     ucrtd:ucrtbased.dll
 0000:fffce000       .debug$S                   10000000     ucrtd:ucrtbased.dll
 0000:fffce000       .debug$S                   10000000     ucrtd:ucrtbased.dll
 0000:fffce000       .debug$S                   10000000     ucrtd:ucrtbased.dll
 0000:fffce000       .debug$S                   10000000     ucrtd:ucrtbased.dll
 0000:fffce000       .debug$S                   10000000     ucrtd:ucrtbased.dll
 0000:fffce000       .debug$S                   10000000     ucrtd:ucrtbased.dll
 0000:fffce000       .debug$S                   10000000     ucrtd:ucrtbased.dll
 0000:fffce000       .debug$S                   10000000     ucrtd:ucrtbased.dll
 0000:fffce000       .debug$S                   10000000     ucrtd:ucrtbased.dll
 0000:fffce000       .debug$S                   10000000     ucrtd:ucrtbased.dll
 0000:fffce000       .debug$S                   10000000     kernel32:KERNEL32.dll
 0000:fffce000       .debug$S                   10000000     kernel32:KERNEL32.dll
 0000:fffce000       .debug$S                   10000000     kernel32:KERNEL32.dll
 0000:fffce000       .debug$S                   10000000     kernel32:KERNEL32.dll
 0000:fffce000       .debug$S                   10000000     kernel32:KERNEL32.dll
 0000:fffce000       .debug$S                   10000000     kernel32:KERNEL32.dll
 0000:fffce000       .debug$S                   10000000     kernel32:KERNEL32.dll
 0000:fffce000       .debug$S                   10000000     kernel32:KERNEL32.dll
 0000:fffce000       .debug$S                   10000000     kernel32:KERNEL32.dll
 0000:fffce000       .debug$S                   10000000     kernel32:KERNEL32.dll
 0000:fffce000       .debug$S                   10000000     kernel32:KERNEL32.dll
 0000:fffce000       .debug$S                   10000000     kernel32:KERNEL32.dll
 0000:fffce000       .debug$S                   10000000     kernel32:KERNEL32.dll
 0000:fffce000       .debug$S                   10000000     kernel32:KERNEL32.dll
 0000:fffce000       .debug$S                   10000000     kernel32:KERNEL32.dll
 0000:fffce000       .debug$S                   10000000     kernel32:KERNEL32.dll
 0000:fffce000       .debug$S                   10000000     kernel32:KERNEL32.dll
 0000:fffce000       .debug$S                   10000000     kernel32:KERNEL32.dll
 0000:fffce000       .debug$S                   10000000     kernel32:KERNEL32.dll
 0000:fffce000       .debug$S                   10000000     kernel32:KERNEL32.dll
 0000:fffce000       .debug$S                   10000000     kernel32:KERNEL32.dll
 0000:fffd1000       __guard_fids___except_handler4 10000000     MSVCRTD:chandler4gs.obj
 0000:00000000       _volmd                     10000000     MSVCRTD:cpu_disp.obj
 0000:fffd1000       __guard_fids_?dllmain_dispatch@@YAHQAUHINSTANCE__@@KQAX@Z 10000000     MSVCRTD:dll_dllmain.obj
 0000:00000000       _volmd                     10000000     MSVCRTD:gs_report.obj
 0000:fffd1000       __guard_fids__             10000000     MSVCRTD:guard_support.obj
 0000:fffd1000       __guard_fids__             10000000     MSVCRTD:guard_support.obj
 0000:fffd1000       __guard_fids___guard_icall_checks_enforced 10000000     MSVCRTD:guard_support.obj
 0000:00000000       _volmd                     10000000     MSVCRTD:guard_support.obj
 0000:fffd1000       __guard_fids____scrt_set_unhandled_exception_filter 10000000     MSVCRTD:utility_desktop.obj
 0000:fffce000       .debug$S                   10000000     vcruntimed:VCRUNTIME140D.dll
 0000:fffce000       .debug$S                   10000000     vcruntimed:VCRUNTIME140D.dll
 0000:fffce000       .debug$S                   10000000     vcruntimed:VCRUNTIME140D.dll
 0000:fffce000       .debug$S                   10000000     vcruntimed:VCRUNTIME140D.dll
 0000:fffce000       .debug$S                   10000000     vcruntimed:VCRUNTIME140D.dll
 0000:fffce000       .debug$S                   10000000     vcruntimed:VCRUNTIME140D.dll
 0000:fffce000       .debug$S                   10000000     vcruntimed:VCRUNTIME140D.dll
 0000:fffce000       .debug$S                   10000000     vcruntimed:VCRUNTIME140D.dll
 0001:00001080       _adler32_combine_          10002080 f   adler32.obj
 0001:00001d60       _byte_swap                 10002d60 f   crc32.obj
 0001:00001da0       _multmodp                  10002da0 f   crc32.obj
 0001:00001e10       _x2nmodp                   10002e10 f   crc32.obj
 0001:00001e90       _crc_word                  10002e90 f   crc32.obj
 0001:00001ed0       _crc_word_big              10002ed0 f   crc32.obj
 0001:00004300       _deflate_stored            10005300 f   deflate.obj
 0001:00004a20       _deflate_fast              10005a20 f   deflate.obj
 0001:000050a0       _deflate_slow              100060a0 f   deflate.obj
 0001:00005900       _deflate_rle               10006900 f   deflate.obj
 0001:00005ee0       _deflate_huff              10006ee0 f   deflate.obj
 0001:000061a0       _slide_hash                100071a0 f   deflate.obj
 0001:00006270       _read_buf                  10007270 f   deflate.obj
 0001:00006330       _fill_window               10007330 f   deflate.obj
 0001:000066a0       _deflateStateCheck         100076a0 f   deflate.obj
 0001:00006740       _lm_init                   10007740 f   deflate.obj
 0001:00006840       _putShortMSB               10007840 f   deflate.obj
 0001:00006890       _flush_pending             10007890 f   deflate.obj
 0001:00006950       _longest_match             10007950 f   deflate.obj
 0001:00008890       _gz_reset                  10009890 f   gzlib.obj
 0001:00008910       _gz_open                   10009910 f   gzlib.obj
 0001:00008d00       $LN49                      10009d00     gzlib.obj
 0001:00008d2c       $LN48                      10009d2c     gzlib.obj
 0001:000098f0       _gz_load                   1000a8f0 f   gzread.obj
 0001:000099a0       _gz_avail                  1000a9a0 f   gzread.obj
 0001:00009a80       _gz_look                   1000aa80 f   gzread.obj
 0001:00009cd0       _gz_decomp                 1000acd0 f   gzread.obj
 0001:00009e10       _gz_fetch                  1000ae10 f   gzread.obj
 0001:00009f00       _gz_skip                   1000af00 f   gzread.obj
 0001:00009fe0       _gz_read                   1000afe0 f   gzread.obj
 0001:0000ad40       _gz_init                   1000bd40 f   gzwrite.obj
 0001:0000aeb0       _gz_comp                   1000beb0 f   gzwrite.obj
 0001:0000b120       _gz_zero                   1000c120 f   gzwrite.obj
 0001:0000b230       _gz_write                  1000c230 f   gzwrite.obj
 0001:0000cb1c       $LN348                     1000db1c     infback.obj
 0001:0000cb38       $LN347                     1000db38     infback.obj
 0001:0000cb4c       $LN349                     1000db4c     infback.obj
 0001:0000ccd0       _fixedtables               1000dcd0 f   infback.obj
 0001:0000fcf8       $LN526                     10010cf8     inflate.obj
 0001:0000fd78       $LN527                     10010d78     inflate.obj
 0001:00010970       _inflateStateCheck         10011970 f   inflate.obj
 0001:000109e0       _fixedtables               100119e0 f   inflate.obj
 0001:00010a10       _updatewindow              10011a10 f   inflate.obj
 0001:00010ba0       _syncsearch                10011ba0 f   inflate.obj
 0001:000121e0       _fopen_file_func           100131e0 f   ioapi.obj
 0001:00012250       _fopen64_file_func         10013250 f   ioapi.obj
 0001:000122c0       _fread_file_func           100132c0 f   ioapi.obj
 0001:000122f0       _fwrite_file_func          100132f0 f   ioapi.obj
 0001:00012320       _ftell_file_func           10013320 f   ioapi.obj
 0001:00012340       _ftell64_file_func         10013340 f   ioapi.obj
 0001:00012370       _fseek_file_func           10013370 f   ioapi.obj
 0001:000123f0       _fseek64_file_func         100133f0 f   ioapi.obj
 0001:00012470       _fclose_file_func          10013470 f   ioapi.obj
 0001:00012490       _ferror_file_func          10013490 f   ioapi.obj
 0001:00012780       _win32_translate_open_mode 10013780 f   iowin32.obj
 0001:00012810       _win32_build_iowin         10013810 f   iowin32.obj
 0001:00012b10       _MySetFilePointerEx        10013b10 f   iowin32.obj
 0001:00013b20       _bi_reverse                10014b20 f   trees.obj
 0001:00013b60       _bi_flush                  10014b60 f   trees.obj
 0001:00013c50       _bi_windup                 10014c50 f   trees.obj
 0001:00013d10       _gen_codes                 10014d10 f   trees.obj
 0001:00013dd0       _tr_static_init            10014dd0 f   trees.obj
 0001:00013de0       _init_block                10014de0 f   trees.obj
 0001:00013ec0       _pqdownheap                10014ec0 f   trees.obj
 0001:00014050       _gen_bitlen                10015050 f   trees.obj
 0001:00014360       _build_tree                10015360 f   trees.obj
 0001:00014730       _scan_tree                 10015730 f   trees.obj
 0001:00014920       _send_tree                 10015920 f   trees.obj
 0001:000153f0       _build_bl_tree             100163f0 f   trees.obj
 0001:000154b0       _send_all_trees            100164b0 f   trees.obj
 0001:000159b0       _compress_block            100169b0 f   trees.obj
 0001:000161d0       _detect_data_type          100171d0 f   trees.obj
 0001:000189c0       _decrypt_byte              100199c0 f   unzip.obj
 0001:000189f0       _update_keys               100199f0 f   unzip.obj
 0001:00018a80       _init_keys                 10019a80 f   unzip.obj
 0001:00018ad0       _unz64local_getShort       10019ad0 f   unzip.obj
 0001:00018b60       _unz64local_getLong        10019b60 f   unzip.obj
 0001:00018c10       _unz64local_getLong64      10019c10 f   unzip.obj
 0001:00018d50       _strcmpcasenosensitive_internal 10019d50 f   unzip.obj
 0001:00018e20       _unz64local_SearchCentralDir 10019e20 f   unzip.obj
 0001:00019060       _unz64local_SearchCentralDir64 1001a060 f   unzip.obj
 0001:000193e0       _unzOpenInternal           1001a3e0 f   unzip.obj
 0001:00019970       _unz64local_DosDateToTmuDate 1001a970 f   unzip.obj
 0001:00019a50       _unz64local_GetCurrentFileInfoInternal 1001aa50 f   unzip.obj
 0001:0001a120       _unz64local_CheckCurrentFileCoherencyHeader 1001b120 f   unzip.obj
 0001:0001b130       _time                      1001c130 f   zip.obj
 0001:0001ca60       _decrypt_byte              1001da60 f   zip.obj
 0001:0001ca90       _update_keys               1001da90 f   zip.obj
 0001:0001cb20       _init_keys                 1001db20 f   zip.obj
 0001:0001cb70       _crypthead                 1001db70 f   zip.obj
 0001:0001cd50       _allocate_new_datablock    1001dd50 f   zip.obj
 0001:0001cd90       _free_datablock            1001dd90 f   zip.obj
 0001:0001cdc0       _init_linkedlist           1001ddc0 f   zip.obj
 0001:0001cde0       _free_linkedlist           1001dde0 f   zip.obj
 0001:0001ce10       _add_data_in_datablock     1001de10 f   zip.obj
 0001:0001cf40       _zip64local_putValue       1001df40 f   zip.obj
 0001:0001cff0       _zip64local_putValue_inmemory 1001dff0 f   zip.obj
 0001:0001d070       _zip64local_TmzDateToDosDate 1001e070 f   zip.obj
 0001:0001d0f0       _zip64local_getByte        1001e0f0 f   zip.obj
 0001:0001d160       _zip64local_getShort       1001e160 f   zip.obj
 0001:0001d1e0       _zip64local_getLong        1001e1e0 f   zip.obj
 0001:0001d2b0       _zip64local_getLong64      1001e2b0 f   zip.obj
 0001:0001d480       _zip64local_SearchCentralDir 1001e480 f   zip.obj
 0001:0001d6b0       _zip64local_SearchCentralDir64 1001e6b0 f   zip.obj
 0001:0001da00       _LoadCentralDirectoryRecord 1001ea00 f   zip.obj
 0001:0001e030       _Write_LocalFileHeader     1001f030 f   zip.obj
 0001:0001e3b0       _zip64FlushWriteBuffer     1001f3b0 f   zip.obj
 0001:0001e500       _Write_Zip64EndOfCentralDirectoryLocator 1001f500 f   zip.obj
 0001:0001e5c0       _Write_Zip64EndOfCentralDirectoryRecord 1001f5c0 f   zip.obj
 0001:0001e770       _Write_EndOfCentralDirectoryRecord 1001f770 f   zip.obj
 0001:0001e960       _Write_GlobalComment       1001f960 f   zip.obj
 0001:0001fa60       $$000000                   10020a60     MSVCRTD:llrem.obj
 0001:0001fa80       L1                         10020a80     MSVCRTD:llrem.obj
 0001:0001fa9b       L2                         10020a9b     MSVCRTD:llrem.obj
 0001:0001faba       L3                         10020aba     MSVCRTD:llrem.obj
 0001:0001fac8       L5                         10020ac8     MSVCRTD:llrem.obj
 0001:0001faf3       L6                         10020af3     MSVCRTD:llrem.obj
 0001:0001fafb       L7                         10020afb     MSVCRTD:llrem.obj
 0001:0001fb06       L4                         10020b06     MSVCRTD:llrem.obj
 0001:0001fb0d       L8                         10020b0d     MSVCRTD:llrem.obj
 0001:0001fb40       $$000000                   10020b40     MSVCRTD:llshr.obj
 0001:0001fb50       MORE32                     10020b50     MSVCRTD:llshr.obj
 0001:0001fb5b       RETSIGN                    10020b5b     MSVCRTD:llshr.obj
 0001:0001fb70       $$000000                   10020b70     MSVCRTD:llmul.obj
 0001:0001fb89       hard                       10020b89     MSVCRTD:llmul.obj
 0001:0001fbc0       $$000000                   10020bc0     MSVCRTD:llshl.obj
 0001:0001fbd0       MORE32                     10020bd0     MSVCRTD:llshl.obj
 0001:0001fbda       RETZERO                    10020bda     MSVCRTD:llshl.obj
 0001:0001fbf0       $$000000                   10020bf0     MSVCRTD:ulldiv.obj
 0001:0001fc12       L1                         10020c12     MSVCRTD:ulldiv.obj
 0001:0001fc20       L3                         10020c20     MSVCRTD:ulldiv.obj
 0001:0001fc4e       L4                         10020c4e     MSVCRTD:ulldiv.obj
 0001:0001fc4f       L5                         10020c4f     MSVCRTD:ulldiv.obj
 0001:0001fc53       L2                         10020c53     MSVCRTD:ulldiv.obj
 0001:0001fc80       $$000000                   10020c80     MSVCRTD:ullshr.obj
 0001:0001fc90       MORE32                     10020c90     MSVCRTD:ullshr.obj
 0001:0001fc9a       RETZERO                    10020c9a     MSVCRTD:ullshr.obj
 0001:0001fcb0       $$000000                   10020cb0     MSVCRTD:chkstk.obj
 0001:0001fcc4       cs10                       10020cc4     MSVCRTD:chkstk.obj
 0001:0001fcd2       cs20                       10020cd2     MSVCRTD:chkstk.obj
 0001:0001fcf0       ?dllmain_crt_dispatch@@YGHQAUHINSTANCE__@@KQAX@Z 10020cf0 f   MSVCRTD:dll_dllmain.obj
 0001:0001fd5c       $LN11                      10020d5c     MSVCRTD:dll_dllmain.obj
 0001:0001fd90       ?dllmain_crt_process_attach@@YAHQAUHINSTANCE__@@QAX@Z 10020d90 f   MSVCRTD:dll_dllmain.obj
 0001:0001ff60       ?dllmain_crt_process_detach@@YAH_N@Z 10020f60 f   MSVCRTD:dll_dllmain.obj
 0001:000200a0       ?dllmain_dispatch@@YAHQAUHINSTANCE__@@KQAX@Z 100210a0 f   MSVCRTD:dll_dllmain.obj
 0001:00020290       ?dllmain_raw@@YGHQAUHINSTANCE__@@KQAX@Z 10021290 f   MSVCRTD:dll_dllmain.obj
 0001:00020340       ___get_entropy             10021340 f   MSVCRTD:gs_support.obj
 0001:00020560       ?find_pe_section@@YAPAU_IMAGE_SECTION_HEADER@@QAEI@Z 10021560 f   MSVCRTD:utility.obj
 0001:00020620       ?is_potentially_valid_image_base@@YA_NQAX@Z 10021620 f   MSVCRTD:utility.obj
 0001:000212a0       ___castguard_check_failure_os_handled_wrapper 100222a0 f   MSVCRTD:guard_support.obj
 0001:00021310       ___castguard_check_failure_user_handled_wrapper 10022310 f   MSVCRTD:guard_support.obj
 0001:00021360       ___castguard_compat_check  10022360 f   MSVCRTD:guard_support.obj
 0001:00021520       ___castguard_slow_path_compat_check 10022520 f   MSVCRTD:guard_support.obj
 0002:00000820       _crc_table                 10025820     crc32.obj
 0002:00000c20       _crc_big_table             10025c20     crc32.obj
 0002:00001020       _crc_braid_table           10026020     crc32.obj
 0002:00002020       _crc_braid_big_table       10027020     crc32.obj
 0002:00003020       _x2n_table                 10028020     crc32.obj
 0002:00003908       _configuration_table       10028908     deflate.obj
 0002:00003980       ?my_version@?1??deflateInit2_@@9@9 10028980     deflate.obj
 0002:000039b8       ?lenfix@?1??fixedtables@@9@9 100289b8     infback.obj
 0002:000041b8       ?distfix@?1??fixedtables@@9@9 100291b8     infback.obj
 0002:00004238       ?order@?1??inflateBack@@9@9 10029238     infback.obj
 0002:00004418       ?lenfix@?1??fixedtables@@9@9 10029418     inflate.obj
 0002:00004c18       ?distfix@?1??fixedtables@@9@9 10029c18     inflate.obj
 0002:00004c98       ?order@?1??inflate@@9@9    10029c98     inflate.obj
 0002:00004eac       ?lbase@?1??inflate_table@@9@9 10029eac     inftrees.obj
 0002:00004eec       ?lext@?1??inflate_table@@9@9 10029eec     inftrees.obj
 0002:00004f30       ?dbase@?1??inflate_table@@9@9 10029f30     inftrees.obj
 0002:00004f70       ?dext@?1??inflate_table@@9@9 10029f70     inftrees.obj
 0002:000052f0       _extra_lbits               1002a2f0     trees.obj
 0002:00005368       _extra_dbits               1002a368     trees.obj
 0002:000053e0       _extra_blbits              1002a3e0     trees.obj
 0002:0000542c       _bl_order                  1002a42c     trees.obj
 0002:00005440       _static_ltree              1002a440     trees.obj
 0002:000058c0       _static_dtree              1002a8c0     trees.obj
 0002:00005938       _base_length               1002a938     trees.obj
 0002:000059b0       _base_dist                 1002a9b0     trees.obj
 0002:00005a28       _static_l_desc             1002aa28     trees.obj
 0002:00005a3c       _static_d_desc             1002aa3c     trees.obj
 0002:00005a50       _static_bl_desc            1002aa50     trees.obj
 0002:00005d7c       _GS_ExceptionPointers      1002ad7c     MSVCRTD:gs_report.obj
 0002:00006990       __sehtable$?dllmain_crt_process_attach@@YAHQAUHINSTANCE__@@QAX@Z 1002b990     MSVCRTD:dll_dllmain.obj
 0002:000069b0       __sehtable$?dllmain_crt_process_detach@@YAH_N@Z 1002b9b0     MSVCRTD:dll_dllmain.obj
 0002:000069e0       __sehtable$?dllmain_dispatch@@YAHQAUHINSTANCE__@@KQAX@Z 1002b9e0     MSVCRTD:dll_dllmain.obj
 0002:00006a00       __sehtable$___scrt_is_nonwritable_in_current_image 1002ba00     MSVCRTD:utility.obj
 0002:00006b30       .edata                     1002bb30     zlibwapi.exp
 0002:00006b58       rgpv                       1002bb58     zlibwapi.exp
 0002:00006e20       rgszName                   1002be20     zlibwapi.exp
 0002:00007030       rgwOrd                     1002c030     zlibwapi.exp
 0002:00007138       szName                     1002c138     zlibwapi.exp
 0002:00007145       $N00001                    1002c145     zlibwapi.exp
 0002:0000714d       $N00140                    1002c14d     zlibwapi.exp
 0002:0000715d       $N00174                    1002c15d     zlibwapi.exp
 0002:00007167       $N00039                    1002c167     zlibwapi.exp
 0002:00007171       $N00002                    1002c171     zlibwapi.exp
 0002:0000717a       $N00046                    1002c17a     zlibwapi.exp
 0002:00007188       $N00003                    1002c188     zlibwapi.exp
 0002:0000718e       $N00142                    1002c18e     zlibwapi.exp
 0002:0000719c       $N00177                    1002c19c     zlibwapi.exp
 0002:000071b0       $N00176                    1002c1b0     zlibwapi.exp
 0002:000071c2       $N00178                    1002c1c2     zlibwapi.exp
 0002:000071d3       $N00175                    1002c1d3     zlibwapi.exp
 0002:000071db       $N00004                    1002c1db     zlibwapi.exp
 0002:000071e3       $N00047                    1002c1e3     zlibwapi.exp
 0002:000071f0       $N00005                    1002c1f0     zlibwapi.exp
 0002:000071fc       $N00006                    1002c1fc     zlibwapi.exp
 0002:00007207       $N00173                    1002c207     zlibwapi.exp
 0002:0000721c       $N00007                    1002c21c     zlibwapi.exp
 0002:0000722a       $N00008                    1002c22a     zlibwapi.exp
 0002:00007237       $N00009                    1002c237     zlibwapi.exp
 0002:00007245       $N00052                    1002c245     zlibwapi.exp
 0002:00007254       $N00051                    1002c254     zlibwapi.exp
 0002:00007261       $N00010                    1002c261     zlibwapi.exp
 0002:0000726e       $N00164                    1002c26e     zlibwapi.exp
 0002:0000727f       $N00011                    1002c27f     zlibwapi.exp
 0002:00007294       $N00144                    1002c294     zlibwapi.exp
 0002:000072a5       $N00145                    1002c2a5     zlibwapi.exp
 0002:000072b1       $N00110                    1002c2b1     zlibwapi.exp
 0002:000072c5       $N00111                    1002c2c5     zlibwapi.exp
 0002:000072db       $N00112                    1002c2db     zlibwapi.exp
 0002:000072f2       $N00113                    1002c2f2     zlibwapi.exp
 0002:00007309       $N00038                    1002c309     zlibwapi.exp
 0002:00007317       $N00146                    1002c317     zlibwapi.exp
 0002:00007320       $N00048                    1002c320     zlibwapi.exp
 0002:0000732b       $N00012                    1002c32b     zlibwapi.exp
 0002:00007333       $N00147                    1002c333     zlibwapi.exp
 0002:0000733d       $N00148                    1002c33d     zlibwapi.exp
 0002:00007347       $N00149                    1002c347     zlibwapi.exp
 0002:00007350       $N00013                    1002c350     zlibwapi.exp
 0002:00007358       $N00034                    1002c358     zlibwapi.exp
 0002:0000735e       $N00014                    1002c35e     zlibwapi.exp
 0002:00007366       $N00015                    1002c366     zlibwapi.exp
 0002:0000736e       $N00171                    1002c36e     zlibwapi.exp
 0002:00007376       $N00172                    1002c376     zlibwapi.exp
 0002:0000737f       $N00030                    1002c37f     zlibwapi.exp
 0002:00007386       $N00161                    1002c386     zlibwapi.exp
 0002:0000738e       $N00041                    1002c38e     zlibwapi.exp
 0002:00007395       $N00150                    1002c395     zlibwapi.exp
 0002:0000739e       $N00016                    1002c39e     zlibwapi.exp
 0002:000073a5       $N00165                    1002c3a5     zlibwapi.exp
 0002:000073ae       $N00028                    1002c3ae     zlibwapi.exp
 0002:000073b7       $N00029                    1002c3b7     zlibwapi.exp
 0002:000073be       $N00040                    1002c3be     zlibwapi.exp
 0002:000073c5       $N00017                    1002c3c5     zlibwapi.exp
 0002:000073cc       $N00032                    1002c3cc     zlibwapi.exp
 0002:000073d5       $N00031                    1002c3d5     zlibwapi.exp
 0002:000073dc       $N00035                    1002c3dc     zlibwapi.exp
 0002:000073e8       $N00033                    1002c3e8     zlibwapi.exp
 0002:000073ef       $N00049                    1002c3ef     zlibwapi.exp
 0002:000073f8       $N00167                    1002c3f8     zlibwapi.exp
 0002:00007402       $N00018                    1002c402     zlibwapi.exp
 0002:0000740a       $N00019                    1002c40a     zlibwapi.exp
 0002:00007412       $N00044                    1002c412     zlibwapi.exp
 0002:0000741e       $N00045                    1002c41e     zlibwapi.exp
 0002:0000742d       $N00043                    1002c42d     zlibwapi.exp
 0002:0000743e       $N00168                    1002c43e     zlibwapi.exp
 0002:0000744f       $N00042                    1002c44f     zlibwapi.exp
 0002:0000745b       $N00020                    1002c45b     zlibwapi.exp
 0002:00007466       $N00166                    1002c466     zlibwapi.exp
 0002:0000747b       $N00156                    1002c47b     zlibwapi.exp
 0002:0000748c       $N00021                    1002c48c     zlibwapi.exp
 0002:0000749a       $N00022                    1002c49a     zlibwapi.exp
 0002:000074a7       $N00157                    1002c4a7     zlibwapi.exp
 0002:000074b3       $N00158                    1002c4b3     zlibwapi.exp
 0002:000074c0       $N00159                    1002c4c0     zlibwapi.exp
 0002:000074ce       $N00023                    1002c4ce     zlibwapi.exp
 0002:000074db       $N00163                    1002c4db     zlibwapi.exp
 0002:000074ec       $N00024                    1002c4ec     zlibwapi.exp
 0002:00007501       $N00025                    1002c501     zlibwapi.exp
 0002:0000750d       $N00037                    1002c50d     zlibwapi.exp
 0002:0000751e       $N00160                    1002c51e     zlibwapi.exp
 0002:0000752f       $N00169                    1002c52f     zlibwapi.exp
 0002:0000753f       $N00170                    1002c53f     zlibwapi.exp
 0002:0000754b       $N00026                    1002c54b     zlibwapi.exp
 0002:00007556       $N00062                    1002c556     zlibwapi.exp
 0002:0000755f       $N00072                    1002c55f     zlibwapi.exp
 0002:00007573       $N00124                    1002c573     zlibwapi.exp
 0002:0000758b       $N00064                    1002c58b     zlibwapi.exp
 0002:000075a1       $N00125                    1002c5a1     zlibwapi.exp
 0002:000075bf       $N00127                    1002c5bf     zlibwapi.exp
 0002:000075cf       $N00100                    1002c5cf     zlibwapi.exp
 0002:000075dd       $N00073                    1002c5dd     zlibwapi.exp
 0002:000075f1       $N00122                    1002c5f1     zlibwapi.exp
 0002:00007604       $N00063                    1002c604     zlibwapi.exp
 0002:00007615       $N00076                    1002c615     zlibwapi.exp
 0002:0000762b       $N00128                    1002c62b     zlibwapi.exp
 0002:0000763c       $N00101                    1002c63c     zlibwapi.exp
 0002:0000764b       $N00065                    1002c64b     zlibwapi.exp
 0002:0000765c       $N00066                    1002c65c     zlibwapi.exp
 0002:0000766c       $N00075                    1002c66c     zlibwapi.exp
 0002:0000767a       $N00077                    1002c67a     zlibwapi.exp
 0002:00007683       $N00121                    1002c683     zlibwapi.exp
 0002:0000768f       $N00120                    1002c68f     zlibwapi.exp
 0002:00007699       $N00061                    1002c699     zlibwapi.exp
 0002:000076a1       $N00078                    1002c6a1     zlibwapi.exp
 0002:000076b5       $N00069                    1002c6b5     zlibwapi.exp
 0002:000076c9       $N00067                    1002c6c9     zlibwapi.exp
 0002:000076dc       $N00079                    1002c6dc     zlibwapi.exp
 0002:000076f7       $N00068                    1002c6f7     zlibwapi.exp
 0002:0000770a       $N00074                    1002c70a     zlibwapi.exp
 0002:00007723       $N00071                    1002c723     zlibwapi.exp
 0002:0000772a       $N00126                    1002c72a     zlibwapi.exp
 0002:00007734       $N00070                    1002c734     zlibwapi.exp
 0002:0000773c       $N00036                    1002c73c     zlibwapi.exp
 0002:00007743       $N00084                    1002c743     zlibwapi.exp
 0002:0000774c       $N00083                    1002c74c     zlibwapi.exp
 0002:0000775e       $N00136                    1002c75e     zlibwapi.exp
 0002:00007775       $N00087                    1002c775     zlibwapi.exp
 0002:0000778a       $N00088                    1002c78a     zlibwapi.exp
 0002:00007793       $N00131                    1002c793     zlibwapi.exp
 0002:0000779f       $N00130                    1002c79f     zlibwapi.exp
 0002:000077a9       $N00080                    1002c7a9     zlibwapi.exp
 0002:000077b1       $N00086                    1002c7b1     zlibwapi.exp
 0002:000077c6       $N00133                    1002c7c6     zlibwapi.exp
 0002:000077de       $N00089                    1002c7de     zlibwapi.exp
 0002:000077f3       $N00134                    1002c7f3     zlibwapi.exp
 0002:0000780b       $N00135                    1002c80b     zlibwapi.exp
 0002:00007823       $N00132                    1002c823     zlibwapi.exp
 0002:00007839       $N00081                    1002c839     zlibwapi.exp
 0002:0000784d       $N00082                    1002c84d     zlibwapi.exp
 0002:00007861       $N00050                    1002c861     zlibwapi.exp
 0002:00007872       $N00027                    1002c872     zlibwapi.exp
 0003:00000000       $SG32996                   1002d000     compress.obj
 0003:00000014       $SG36521                   1002d014     gzlib.obj
 0003:00000018       $SG36545                   1002d018     gzlib.obj
 0003:00000020       $SG36654                   1002d020     gzlib.obj
 0003:00000030       $SG36681                   1002d030     gzlib.obj
 0003:00000034       $SG36682                   1002d034     gzlib.obj
 0003:00000044       $SG36500                   1002d044     gzread.obj
 0003:00000054       $SG36502                   1002d054     gzread.obj
 0003:00000064       $SG36503                   1002d064     gzread.obj
 0003:00000074       $SG36521                   1002d074     gzread.obj
 0003:0000008c       $SG36524                   1002d08c     gzread.obj
 0003:000000b4       $SG36526                   1002d0b4     gzread.obj
 0003:000000c4       $SG36528                   1002d0c4     gzread.obj
 0003:000000dc       $SG36610                   1002d0dc     gzread.obj
 0003:000000fc       $SG36625                   1002d0fc     gzread.obj
 0003:00000120       $SG36660                   1002d120     gzread.obj
 0003:00000174       $SG36467                   1002d174     gzwrite.obj
 0003:00000184       $SG36470                   1002d184     gzwrite.obj
 0003:00000194       $SG36471                   1002d194     gzwrite.obj
 0003:000001a4       $SG36473                   1002d1a4     gzwrite.obj
 0003:000001b4       $SG36507                   1002d1b4     gzwrite.obj
 0003:000001dc       $SG36571                   1002d1dc     gzwrite.obj
 0003:00000204       $SG36585                   1002d204     gzwrite.obj
 0003:00000228       $SG36623                   1002d228     gzwrite.obj
 0003:00000274       $SG33990                   1002d274     infback.obj
 0003:00000284       $SG34375                   1002d284     infback.obj
 0003:00000298       $SG34380                   1002d298     infback.obj
 0003:000002b8       $SG34392                   1002d2b8     infback.obj
 0003:000002dc       $SG34396                   1002d2dc     infback.obj
 0003:000002f8       $SG34407                   1002d2f8     infback.obj
 0003:00000314       $SG34415                   1002d314     infback.obj
 0003:00000330       $SG34418                   1002d330     infback.obj
 0003:00000358       $SG34420                   1002d358     infback.obj
 0003:00000374       $SG34422                   1002d374     infback.obj
 0003:0000038c       $SG34438                   1002d38c     infback.obj
 0003:000003a8       $SG34450                   1002d3a8     infback.obj
 0003:000003c0       $SG34455                   1002d3c0     infback.obj
 0003:00000428       $SG34057                   1002d428     inffast.obj
 0003:00000448       $SG34072                   1002d448     inffast.obj
 0003:00000460       $SG34077                   1002d460     inffast.obj
 0003:0000048c       $SG34029                   1002d48c     inflate.obj
 0003:0000049c       $SG34587                   1002d49c     inflate.obj
 0003:000004b4       $SG34589                   1002d4b4     inflate.obj
 0003:000004d0       $SG34593                   1002d4d0     inflate.obj
 0003:000004e4       $SG34597                   1002d4e4     inflate.obj
 0003:00000500       $SG34599                   1002d500     inflate.obj
 0003:0000051c       $SG34646                   1002d51c     inflate.obj
 0003:00000530       $SG34663                   1002d530     inflate.obj
 0003:00000544       $SG34667                   1002d544     inflate.obj
 0003:00000564       $SG34679                   1002d564     inflate.obj
 0003:00000588       $SG34683                   1002d588     inflate.obj
 0003:000005a4       $SG34693                   1002d5a4     inflate.obj
 0003:000005c0       $SG34699                   1002d5c0     inflate.obj
 0003:000005dc       $SG34702                   1002d5dc     inflate.obj
 0003:00000604       $SG34704                   1002d604     inflate.obj
 0003:00000620       $SG34706                   1002d620     inflate.obj
 0003:00000638       $SG34720                   1002d638     inflate.obj
 0003:00000654       $SG34731                   1002d654     inflate.obj
 0003:0000066c       $SG34741                   1002d66c     inflate.obj
 0003:0000068c       $SG34754                   1002d68c     inflate.obj
 0003:000006a4       $SG34759                   1002d6a4     inflate.obj
 0003:0000072c       $SG36227                   1002d72c     ioapi.obj
 0003:00000730       $SG36230                   1002d730     ioapi.obj
 0003:00000734       $SG36232                   1002d734     ioapi.obj
 0003:00000738       $SG36249                   1002d738     ioapi.obj
 0003:0000073c       $SG36252                   1002d73c     ioapi.obj
 0003:00000740       $SG36254                   1002d740     ioapi.obj
 0003:00000748       $SG32999                   1002d748     uncompr.obj
 0003:0000075c       $SG37001                   1002d75c     unzip.obj
 0003:00000770       $SG37233                   1002d770     zip.obj
 0003:00000774       $SG37256                   1002d774     zip.obj
 0003:00000788       $SG36478                   1002d788     zutil.obj
 0003:00000798       $SG36479                   1002d798     zutil.obj
 0003:000007a4       $SG36481                   1002d7a4     zutil.obj
 0003:000007b0       $SG36482                   1002d7b0     zutil.obj
 0003:000007c0       $SG36483                   1002d7c0     zutil.obj
 0003:000007cc       $SG36484                   1002d7cc     zutil.obj
 0003:000007e0       $SG36485                   1002d7e0     zutil.obj
 0003:000007f0       $SG36486                   1002d7f0     zutil.obj
 0003:00000808       $SG36490                   1002d808     zutil.obj
 0003:000009f8       $SG36655                   1002d9f8     gzlib.obj
 0003:000009fc       ?calls@?1??crypthead@@9@9  1002d9fc     zip.obj
 0003:00000a00       $SG36480                   1002da00     zutil.obj
 0003:00000a01       $SG36487                   1002da01     zutil.obj
 0003:00000a04       ?__proc_attached@@3HA      1002da04     MSVCRTD:dll_dllmain.obj
 0003:00000a3c       ?is_initialized_as_dll@@3_NA 1002da3c     MSVCRTD:utility.obj
 0003:00000a3d       ?module_local_atexit_table_initialized@@3_NA 1002da3d     MSVCRTD:utility.obj
 0003:00000a40       ?module_local_atexit_table@@3U_onexit_table_t@@A 1002da40     MSVCRTD:utility.obj
 0003:00000a4c       ?module_local_at_quick_exit_table@@3U_onexit_table_t@@A 1002da4c     MSVCRTD:utility.obj
 0003:00000a78       _GS_ExceptionRecord        1002da78     MSVCRTD:gs_report.obj
 0003:00000ac8       _GS_ContextRecord          1002dac8     MSVCRTD:gs_report.obj
 0004:00000434       .idata$6                   1002e434     kernel32:KERNEL32.dll
 0004:000004d8       .idata$6                   1002e4d8     vcruntimed:VCRUNTIME140D.dll
 0004:000006e8       .idata$6                   1002e6e8     ucrtd:ucrtbased.dll
 0006:00000170       $R000000                   10030170     zlib.res
