 zlibwapi

 Timestamp is 65bc3376 (Thu Feb  1 21:12:38 2024)

 Preferred load address is 10000000

 Start         Length     Name                   Class
 0001:00000000 0005dffdH .text$mn                CODE
 0001:0005dffd 000001d7H .text$x                 CODE
 0002:00000000 00000154H .idata$5                DATA
 0002:00000154 0000000cH .00cfg                  DATA
 0002:00000160 00000004H .CRT$XCA                DATA
 0002:00000164 00000004H .CRT$XCZ                DATA
 0002:00000168 00000004H .CRT$XIA                DATA
 0002:0000016c 00000010H .CRT$XIC                DATA
 0002:0000017c 00000004H .CRT$XIZ                DATA
 0002:00000180 00000004H .CRT$XPA                DATA
 0002:00000184 00000008H .CRT$XPX                DATA
 0002:0000018c 00000004H .CRT$XPXA               DATA
 0002:00000190 00000004H .CRT$XPZ                DATA
 0002:00000194 00000004H .CRT$XTA                DATA
 0002:00000198 00000008H .CRT$XTZ                DATA
 0002:0000019c 00000000H .gfids$y                DATA
 0002:000001a0 0000c8e0H .rdata                  DATA
 0002:0000ca80 00000040H .rdata$CastGuardVftablesA DATA
 0002:0000cac0 00000040H .rdata$CastGuardVftablesC DATA
 0002:0000cb00 000002a0H .rdata$r                DATA
 0002:0000cda0 000004b4H .rdata$voltmd           DATA
 0002:0000d254 000003b8H .rdata$zzzdbg           DATA
 0002:0000d60c 00000004H .rtc$IAA                DATA
 0002:0000d610 00000004H .rtc$IZZ                DATA
 0002:0000d614 00000004H .rtc$TAA                DATA
 0002:0000d618 00000008H .rtc$TZZ                DATA
 0002:0000d620 00000c30H .xdata$x                DATA
 0002:0000e250 00000d50H .edata                  DATA
 0002:0000efa0 00000014H .idata$2                DATA
 0002:0000efb4 00000014H .idata$3                DATA
 0002:0000efc8 00000154H .idata$4                DATA
 0002:0000f11c 0000062cH .idata$6                DATA
 0003:00000000 00000920H .data                   DATA
 0003:00000920 00000058H .data$r                 DATA
 0003:00000978 000000b8H .data$rs                DATA
 0003:00000a30 000012e0H .bss                    DATA
 0004:00000000 00000060H .rsrc$01                DATA
 0004:00000060 00000338H .rsrc$02                DATA

  Address         Publics by Value              Rva+Base       Lib:Object

 0000:00000000       ___AbsoluteZero            00000000     <absolute>
 0000:00000000       ___arm64x_extra_rfe_table  00000000     <absolute>
 0000:00000000       ___arm64x_extra_rfe_table_size 00000000     <absolute>
 0000:00000000       ___arm64x_native_entrypoint 00000000     <absolute>
 0000:00000000       ___arm64x_redirection_metadata 00000000     <absolute>
 0000:00000000       ___arm64x_redirection_metadata_count 00000000     <absolute>
 0000:00000000       ___dynamic_value_reloc_table 00000000     <absolute>
 0000:00000000       ___enclave_config          00000000     <absolute>
 0000:00000000       ___guard_check_icall_a64n_fptr 00000000     <absolute>
 0000:00000000       ___guard_eh_cont_count     00000000     <absolute>
 0000:00000000       ___guard_eh_cont_table     00000000     <absolute>
 0000:00000000       ___guard_fids_count        00000000     <absolute>
 0000:00000000       ___guard_fids_table        00000000     <absolute>
 0000:00000000       ___guard_iat_count         00000000     <absolute>
 0000:00000000       ___guard_iat_table         00000000     <absolute>
 0000:00000000       ___guard_longjmp_count     00000000     <absolute>
 0000:00000000       ___guard_longjmp_table     00000000     <absolute>
 0000:00000000       ___hybrid_auxiliary_delayload_iat 00000000     <absolute>
 0000:00000000       ___hybrid_auxiliary_delayload_iat_copy 00000000     <absolute>
 0000:00000000       ___hybrid_auxiliary_iat    00000000     <absolute>
 0000:00000000       ___hybrid_auxiliary_iat_copy 00000000     <absolute>
 0000:00000000       ___hybrid_code_map         00000000     <absolute>
 0000:00000000       ___hybrid_code_map_count   00000000     <absolute>
 0000:00000000       ___hybrid_image_info_bitfield 00000000     <absolute>
 0000:00000000       ___safe_se_handler_count   00000000     <absolute>
 0000:00000000       ___safe_se_handler_table   00000000     <absolute>
 0000:00000000       ___x64_code_ranges_to_entry_points 00000000     <absolute>
 0000:00000000       ___x64_code_ranges_to_entry_points_count 00000000     <absolute>
 0000:00000000       __except_list              00000000     <absolute>
 0000:00000100       ___guard_flags             00000100     <absolute>
 0000:00000000       ___ImageBase               10000000     <linker-defined>
 0001:00000000       _adler32_z@12              10001000 f   adler32.obj
 0001:00000280       _adler32@12                10001280 f   adler32.obj
 0001:000003c0       _adler32_combine@12        100013c0 f   adler32.obj
 0001:000003e0       _compress2@20              100013e0 f   compress.obj
 0001:000004c0       _compress@16               100014c0 f   compress.obj
 0001:000004e0       _compressBound@4           100014e0 f   compress.obj
 0001:000005b0       _get_crc_table@0           100015b0 f   crc32.obj
 0001:00000650       _crc32_z@12                10001650 f   crc32.obj
 0001:00000970       _crc32@12                  10001970 f   crc32.obj
 0001:00000980       _crc32_combine64@16        10001980 f   crc32.obj
 0001:000009b0       _crc32_combine@12          100019b0 f   crc32.obj
 0001:000009d0       _crc32_combine_gen64@8     100019d0 f   crc32.obj
 0001:000009f0       _crc32_combine_gen@4       100019f0 f   crc32.obj
 0001:00000a10       _crc32_combine_op@12       10001a10 f   crc32.obj
 0001:00000cd0       _deflateInit_@16           10001cd0 f   deflate.obj
 0001:00000cf0       _deflateInit2_@32          10001cf0 f   deflate.obj
 0001:00000f90       _deflateSetDictionary@12   10001f90 f   deflate.obj
 0001:00001130       _deflateGetDictionary@12   10002130 f   deflate.obj
 0001:00001190       _deflateResetKeep@4        10002190 f   deflate.obj
 0001:000012e0       _deflateReset@4            100022e0 f   deflate.obj
 0001:00001310       _deflateSetHeader@8        10002310 f   deflate.obj
 0001:00001340       _deflatePending@12         10002340 f   deflate.obj
 0001:00001380       _deflatePrime@12           10002380 f   deflate.obj
 0001:00001420       _deflateParams@12          10002420 f   deflate.obj
 0001:00001570       _deflateTune@20            10002570 f   deflate.obj
 0001:000015c0       _deflateBound@8            100025c0 f   deflate.obj
 0001:00001770       _deflate@8                 10002770 f   deflate.obj
 0001:00002060       _deflateEnd@4              10003060 f   deflate.obj
 0001:00002120       _deflateCopy@8             10003120 f   deflate.obj
 0001:00003410       _gzclose@4                 10004410 f   gzclose.obj
 0001:00003440       ___local_stdio_printf_options 10004440 f i gzlib.obj
 0001:00003450       _vsnprintf                 10004450 f i gzlib.obj
 0001:00003490       _snprintf                  10004490 f i gzlib.obj
 0001:00003840       _gzopen@8                  10004840 f   gzlib.obj
 0001:00003860       _gzdopen@8                 10004860 f   gzlib.obj
 0001:000038c0       _gzopen_w@8                100048c0 f   gzlib.obj
 0001:000038e0       _gzbuffer@8                100048e0 f   gzlib.obj
 0001:00003930       _gzrewind@4                10004930 f   gzlib.obj
 0001:00003990       _gzseek64@16               10004990 f   gzlib.obj
 0001:00003b40       _gzseek@12                 10004b40 f   gzlib.obj
 0001:00003b80       _gztell64@4                10004b80 f   gzlib.obj
 0001:00003be0       _gztell@4                  10004be0 f   gzlib.obj
 0001:00003c10       _gzoffset64@4              10004c10 f   gzlib.obj
 0001:00003c60       _gzoffset@4                10004c60 f   gzlib.obj
 0001:00003c90       _gzeof@4                   10004c90 f   gzlib.obj
 0001:00003cc0       _gzerror@8                 10004cc0 f   gzlib.obj
 0001:00003d10       _gzclearerr@4              10004d10 f   gzlib.obj
 0001:00003d60       _gz_error                  10004d60 f   gzlib.obj
 0001:00004430       _gzread@12                 10005430 f   gzread.obj
 0001:000044a0       _gzfread@16                100054a0 f   gzread.obj
 0001:00004520       _gzgetc@4                  10005520 f   gzread.obj
 0001:00004590       _gzgetc_@4                 10005590 f   gzread.obj
 0001:000045a0       _gzungetc@8                100055a0 f   gzread.obj
 0001:000046b0       _gzgets@12                 100056b0 f   gzread.obj
 0001:000047d0       _gzdirect@4                100057d0 f   gzread.obj
 0001:00004810       _gzclose_r@4               10005810 f   gzread.obj
 0001:00004c90       _gzwrite@12                10005c90 f   gzwrite.obj
 0001:00004ce0       _gzfwrite@16               10005ce0 f   gzwrite.obj
 0001:00004d50       _gzputc@8                  10005d50 f   gzwrite.obj
 0001:00004e10       _gzputs@8                  10005e10 f   gzwrite.obj
 0001:00004e80       _gzvprintf                 10005e80 f   gzwrite.obj
 0001:00004fb0       _gzprintf                  10005fb0 f   gzwrite.obj
 0001:00004fd0       _gzflush@8                 10005fd0 f   gzwrite.obj
 0001:00005040       _gzsetparams@12            10006040 f   gzwrite.obj
 0001:00005130       _gzclose_w@4               10006130 f   gzwrite.obj
 0001:00005200       _inflateBackInit_@20       10006200 f   infback.obj
 0001:00005310       _inflateBack@20            10006310 f   infback.obj
 0001:00006120       _inflateBackEnd@4          10007120 f   infback.obj
 0001:00006160       _inflate_fast              10007160 f   inffast.obj
 0001:000065d0       _inflateResetKeep@4        100075d0 f   inflate.obj
 0001:00006680       _inflateReset@4            10007680 f   inflate.obj
 0001:000066c0       _inflateReset2@8           100076c0 f   inflate.obj
 0001:00006750       _inflateInit2_@16          10007750 f   inflate.obj
 0001:00006820       _inflateInit_@12           10007820 f   inflate.obj
 0001:00006840       _inflatePrime@12           10007840 f   inflate.obj
 0001:000069d0       _inflate@8                 100079d0 f   inflate.obj
 0001:00008130       _inflateEnd@4              10009130 f   inflate.obj
 0001:00008190       _inflateGetDictionary@12   10009190 f   inflate.obj
 0001:00008200       _inflateSetDictionary@12   10009200 f   inflate.obj
 0001:000082a0       _inflateGetHeader@8        100092a0 f   inflate.obj
 0001:00008360       _inflateSync@4             10009360 f   inflate.obj
 0001:00008490       _inflateSyncPoint@4        10009490 f   inflate.obj
 0001:000084d0       _inflateCopy@8             100094d0 f   inflate.obj
 0001:00008630       _inflateUndermine@8        10009630 f   inflate.obj
 0001:00008660       _inflateValidate@8         10009660 f   inflate.obj
 0001:000086a0       _inflateMark@4             100096a0 f   inflate.obj
 0001:00008710       _inflateCodesUsed@4        10009710 f   inflate.obj
 0001:00008740       _inflate_table             10009740 f   inftrees.obj
 0001:00008c20       _call_zopen64              10009c20 f   ioapi.obj
 0001:00008c40       _call_zseek64              10009c40 f   ioapi.obj
 0001:00008c90       _call_ztell64              10009c90 f   ioapi.obj
 0001:00008cc0       _fill_zlib_filefunc64_32_def_from_filefunc32 10009cc0 f   ioapi.obj
 0001:00008ec0       _fill_fopen64_filefunc     10009ec0 f   ioapi.obj
 0001:00008fb0       _win32_open64_file_func    10009fb0 f   iowin32.obj
 0001:00009010       _win32_open64_file_funcA   1000a010 f   iowin32.obj
 0001:00009070       _win32_open64_file_funcW   1000a070 f   iowin32.obj
 0001:000090d0       _win32_open_file_func      1000a0d0 f   iowin32.obj
 0001:00009130       _win32_read_file_func      1000a130 f   iowin32.obj
 0001:00009180       _win32_write_file_func     1000a180 f   iowin32.obj
 0001:00009230       _win32_tell_file_func      1000a230 f   iowin32.obj
 0001:00009280       _win32_tell64_file_func    1000a280 f   iowin32.obj
 0001:000092e0       _win32_seek_file_func      1000a2e0 f   iowin32.obj
 0001:00009350       _win32_seek64_file_func    1000a350 f   iowin32.obj
 0001:000093d0       _win32_close_file_func     1000a3d0 f   iowin32.obj
 0001:00009400       _win32_error_file_func     1000a400 f   iowin32.obj
 0001:00009420       _fill_win32_filefunc       1000a420 f   iowin32.obj
 0001:00009460       _fill_win32_filefunc64     1000a460 f   iowin32.obj
 0001:000094a0       _fill_win32_filefunc64A    1000a4a0 f   iowin32.obj
 0001:000094e0       _fill_win32_filefunc64W    1000a4e0 f   iowin32.obj
 0001:00009730       __tr_init                  1000a730 f   trees.obj
 0001:0000a610       __tr_stored_block          1000b610 f   trees.obj
 0001:0000a710       __tr_flush_bits            1000b710 f   trees.obj
 0001:0000a720       __tr_align                 1000b720 f   trees.obj
 0001:0000ad10       __tr_flush_block           1000bd10 f   trees.obj
 0001:0000af30       _uncompress2@16            1000bf30 f   uncompr.obj
 0001:0000b060       _uncompress@16             1000c060 f   uncompr.obj
 0001:0000b370       _unzStringFileNameCompare@12 1000c370 f   unzip.obj
 0001:0000bbf0       _unzOpen2@8                1000cbf0 f   unzip.obj
 0001:0000bc40       _unzOpen2_64@8             1000cc40 f   unzip.obj
 0001:0000bca0       _unzOpen@4                 1000cca0 f   unzip.obj
 0001:0000bcc0       _unzOpen64@4               1000ccc0 f   unzip.obj
 0001:0000bce0       _unzClose@4                1000cce0 f   unzip.obj
 0001:0000bd20       _unzGetGlobalInfo64@8      1000cd20 f   unzip.obj
 0001:0000bd50       _unzGetGlobalInfo@8        1000cd50 f   unzip.obj
 0001:0000c3d0       _unzGetCurrentFileInfo64@32 1000d3d0 f   unzip.obj
 0001:0000c400       _unzGetCurrentFileInfo@32  1000d400 f   unzip.obj
 0001:0000c4c0       _unzGoToFirstFile@4        1000d4c0 f   unzip.obj
 0001:0000c530       _unzGoToNextFile@4         1000d530 f   unzip.obj
 0001:0000c5e0       _unzLocateFile@12          1000d5e0 f   unzip.obj
 0001:0000c790       _unzGetFilePos64@8         1000d790 f   unzip.obj
 0001:0000c7e0       _unzGetFilePos@8           1000d7e0 f   unzip.obj
 0001:0000c810       _unzGoToFilePos64@8        1000d810 f   unzip.obj
 0001:0000c880       _unzGoToFilePos@8          1000d880 f   unzip.obj
 0001:0000cb20       _unzOpenCurrentFile3@20    1000db20 f   unzip.obj
 0001:0000ce70       _unzOpenCurrentFile@4      1000de70 f   unzip.obj
 0001:0000ce90       _unzOpenCurrentFilePassword@8 1000de90 f   unzip.obj
 0001:0000ceb0       _unzOpenCurrentFile2@16    1000deb0 f   unzip.obj
 0001:0000ced0       _unzGetCurrentFileZStreamPos64@4 1000ded0 f   unzip.obj
 0001:0000cf10       _unzReadCurrentFile@12     1000df10 f   unzip.obj
 0001:0000d230       _unztell@4                 1000e230 f   unzip.obj
 0001:0000d260       _unztell64@4               1000e260 f   unzip.obj
 0001:0000d290       _unzeof@4                  1000e290 f   unzip.obj
 0001:0000d2d0       _unzGetLocalExtrafield@12  1000e2d0 f   unzip.obj
 0001:0000d3a0       _unzCloseCurrentFile@4     1000e3a0 f   unzip.obj
 0001:0000d430       _unzGetGlobalComment@12    1000e430 f   unzip.obj
 0001:0000e500       _zipOpen3@16               1000f500 f   zip.obj
 0001:0000e670       _zipOpen2@16               1000f670 f   zip.obj
 0001:0000e6c0       _zipOpen2_64@16            1000f6c0 f   zip.obj
 0001:0000e720       _zipOpen@8                 1000f720 f   zip.obj
 0001:0000e740       _zipOpen64@8               1000f740 f   zip.obj
 0001:0000e9a0       _zipOpenNewFileInZip4_64@76 1000f9a0 f   zip.obj
 0001:0000ef40       _zipOpenNewFileInZip3@64   1000ff40 f   zip.obj
 0001:0000ef90       _zipOpenNewFileInZip3_64@68 1000ff90 f   zip.obj
 0001:0000efe0       _zipOpenNewFileInZip2@44   1000ffe0 f   zip.obj
 0001:0000f020       _zipOpenNewFileInZip2_64@48 10010020 f   zip.obj
 0001:0000f060       _zipOpenNewFileInZip64@44  10010060 f   zip.obj
 0001:0000f0a0       _zipOpenNewFileInZip@40    100100a0 f   zip.obj
 0001:0000f1a0       _zipWriteInFileInZip@12    100101a0 f   zip.obj
 0001:0000f2b0       _zipCloseFileInZipRaw@12   100102b0 f   zip.obj
 0001:0000f2d0       _zipCloseFileInZipRaw64@16 100102d0 f   zip.obj
 0001:0000f870       _zipCloseFileInZip@4       10010870 f   zip.obj
 0001:0000fbd0       _zipClose@8                10010bd0 f   zip.obj
 0001:0000fd60       _zlibVersion@0             10010d60 f   zutil.obj
 0001:0000fd70       _zlibCompileFlags@0        10010d70 f   zutil.obj
 0001:0000fd80       _zError@4                  10010d80 f   zutil.obj
 0001:0000fdb0       _zcalloc                   10010db0 f   zutil.obj
 0001:0000fdd0       _zcfree                    10010dd0 f   zutil.obj
 0001:0000fde0       _ReadFile@20               10010de0 f   kernel32:KERNEL32.dll
 0001:0000fde6       _WriteFile@20              10010de6 f   kernel32:KERNEL32.dll
 0001:0000fdec       _SetFilePointer@16         10010dec f   kernel32:KERNEL32.dll
 0001:0000fdf2       _CreateFileW@28            10010df2 f   kernel32:KERNEL32.dll
 0001:0000fdf8       _GetLastError@0            10010df8 f   kernel32:KERNEL32.dll
 0001:0000fdfe       _CreateFileA@28            10010dfe f   kernel32:KERNEL32.dll
 0001:0000fe04       _CloseHandle@4             10010e04 f   kernel32:KERNEL32.dll
 0001:0001014a       __CRT_INIT@12              1001114a f   LIBCMT:dll_dllmain.obj
 0001:00010153       __DllMainCRTStartup@12     10011153 f   LIBCMT:dll_dllmain.obj
 0001:000101c3       ___security_init_cookie    100111c3 f   LIBCMT:gs_support.obj
 0001:0001020e       _DllMain@12                1001120e f   LIBCMT:dll_dllmain_stub.obj
 0001:00010214       ?__scrt_initialize_type_info@@YAXXZ 10011214 f   LIBCMT:tncleanup.obj
 0001:00010220       ?__scrt_uninitialize_type_info@@YAXXZ 10011220 f   LIBCMT:tncleanup.obj
 0001:0001022c       ___local_stdio_scanf_options 1001122c f i LIBCMT:default_local_stdio_options.obj
 0001:00010232       ___scrt_initialize_default_local_stdio_options 10011232 f   LIBCMT:default_local_stdio_options.obj
 0001:0001024f       ?configure_argv@__scrt_narrow_argv_policy@@SAHXZ 1001124f f i LIBCMT:utility.obj
 0001:000102a0       ?initialize_environment@__scrt_narrow_environment_policy@@SAHXZ 100112a0 f i LIBCMT:utility.obj
 0001:000102d8       _NtCurrentTeb              100112d8 f i LIBCMT:utility.obj
 0001:000102df       ___scrt_acquire_startup_lock 100112df f   LIBCMT:utility.obj
 0001:00010311       ___scrt_dllmain_after_initialize_c 10011311 f   LIBCMT:utility.obj
 0001:0001033c       ___scrt_dllmain_before_initialize_c 1001133c f   LIBCMT:utility.obj
 0001:0001034a       ___scrt_dllmain_crt_thread_attach 1001134a f   LIBCMT:utility.obj
 0001:00010369       ___scrt_dllmain_crt_thread_detach 10011369 f   LIBCMT:utility.obj
 0001:00010376       ___scrt_dllmain_exception_filter 10011376 f   LIBCMT:utility.obj
 0001:000103aa       ___scrt_dllmain_uninitialize_c 100113aa f   LIBCMT:utility.obj
 0001:000103cd       ___scrt_dllmain_uninitialize_critical 100113cd f   LIBCMT:utility.obj
 0001:000103da       ___scrt_initialize_crt     100113da f   LIBCMT:utility.obj
 0001:00010413       ___scrt_initialize_onexit_tables 10011413 f   LIBCMT:utility.obj
 0001:0001049a       ___scrt_is_nonwritable_in_current_image 1001149a f   LIBCMT:utility.obj
 0001:0001052e       ___scrt_release_startup_lock 1001152e f   LIBCMT:utility.obj
 0001:0001054b       ___scrt_uninitialize_crt   1001154b f   LIBCMT:utility.obj
 0001:00010573       __onexit                   10011573 f   LIBCMT:utility.obj
 0001:000105a0       _at_quick_exit             100115a0 f   LIBCMT:utility.obj
 0001:000105c3       _atexit                    100115c3 f   LIBCMT:utility.obj
 0001:000105d8       ___scrt_get_dyn_tls_init_callback 100115d8 f   LIBCMT:dyn_tls_init.obj
 0001:000105de       ___scrt_fastfail           100115de f   LIBCMT:utility_desktop.obj
 0001:000106f3       ___scrt_get_show_window_mode 100116f3 f   LIBCMT:utility_desktop.obj
 0001:00010724       ___scrt_initialize_mta     10011724 f   LIBCMT:utility_desktop.obj
 0001:00010729       ___scrt_initialize_winrt   10011729 f   LIBCMT:utility_desktop.obj
 0001:0001072c       ___scrt_is_managed_app     1001172c f   LIBCMT:utility_desktop.obj
 0001:0001076e       ___scrt_set_unhandled_exception_filter 1001176e f   LIBCMT:utility_desktop.obj
 0001:0001077a       ___scrt_exe_initialize_mta 1001177a f   LIBCMT:utility_desktop.obj
 0001:0001077a       ___scrt_stub_for_initialize_mta 1001177a f   LIBCMT:utility_desktop.obj
 0001:0001077d       ___scrt_unhandled_exception_filter@4 1001177d f   LIBCMT:utility_desktop.obj
 0001:000107d3       __crt_debugger_hook        100117d3 f   LIBCMT:utility_desktop.obj
 0001:000107db       __RTC_Initialize           100117db f   LIBCMT:initsect.obj
 0001:00010807       __RTC_Terminate            10011807 f   LIBCMT:initsect.obj
 0001:00010840       __SEH_prolog4              10011840 f   LIBCMT:sehprolg4.obj
 0001:00010890       __SEH_epilog4              10011890 f   LIBCMT:sehprolg4.obj
 0001:000108a4       @_guard_check_icall_nop@4  100118a4 f i LIBCMT:guard_support.obj
 0001:000108a7       _ReadNoFence               100118a7 f i LIBCMT:guard_support.obj
 0001:000108b1       _ReadPointerNoFence        100118b1 f i LIBCMT:guard_support.obj
 0001:000108bb       __InlineInterlockedExchangePointer 100118bb f i LIBCMT:guard_support.obj
 0001:000108c8       ___castguard_check_failure_debugbreak 100118c8 f i LIBCMT:guard_support.obj
 0001:000108e3       ___castguard_check_failure_fastfail 100118e3 f i LIBCMT:guard_support.obj
 0001:00010902       ___castguard_check_failure_nop 10011902 f i LIBCMT:guard_support.obj
 0001:00010905       ___castguard_check_failure_os_handled 10011905 f i LIBCMT:guard_support.obj
 0001:0001093c       ___castguard_check_failure_user_handled 1001193c f i LIBCMT:guard_support.obj
 0001:000109aa       ___castguard_set_user_handler 100119aa f i LIBCMT:guard_support.obj
 0001:000109b9       ___castguard_slow_path_check_debugbreak 100119b9 f i LIBCMT:guard_support.obj
 0001:000109e6       ___castguard_slow_path_check_fastfail 100119e6 f i LIBCMT:guard_support.obj
 0001:00010a17       ___castguard_slow_path_check_nop 10011a17 f i LIBCMT:guard_support.obj
 0001:00010a1a       ___castguard_slow_path_check_os_handled 10011a1a f i LIBCMT:guard_support.obj
 0001:00010a56       ___castguard_slow_path_check_user_handled 10011a56 f i LIBCMT:guard_support.obj
 0001:00010ab7       __guard_icall_checks_enforced 10011ab7 f i LIBCMT:guard_support.obj
 0001:00010ac9       ___isa_available_init      10011ac9 f   LIBCMT:cpu_disp.obj
 0001:00010c9d       __get_startup_argv_mode    10011c9d f   LIBCMT:argv_mode.obj
 0001:00010ca1       ___scrt_is_ucrt_dll_in_use 10011ca1 f   LIBCMT:ucrt_detection.obj
 0001:00010cad       @__security_check_cookie@4 10011cad f   LIBCMT:secchk.obj
 0001:00010cbb       ___raise_securityfailure   10011cbb f   LIBCMT:gs_report.obj
 0001:00010ce3       ___report_gsfailure        10011ce3 f   LIBCMT:gs_report.obj
 0001:00010ddd       ___report_rangecheckfailure 10011ddd f   LIBCMT:gs_report.obj
 0001:00010de9       ___report_securityfailure  10011de9 f   LIBCMT:gs_report.obj
 0001:00010eb8       ___report_securityfailureEx 10011eb8 f   LIBCMT:gs_report.obj
 0001:00011010       __except_handler4          10012010 f   libvcruntime:chandler4.obj
 0001:0001117c       ??$?RD@__crt_internal_free_policy@@QBEXQBD@Z 1001217c f i libvcruntime:std_type_info.obj
 0001:0001118c       ??$?RX@__crt_internal_free_policy@@QBEXQBX@Z 1001218c f i libvcruntime:std_type_info.obj
 0001:0001119c       ??$__crt_interlocked_compare_exchange_pointer@$$CBDPAD$$T@@YAPBDPDSBDQAD$$T@Z 1001219c f i libvcruntime:std_type_info.obj
 0001:000111ae       ??$__crt_interlocked_read_pointer@$$CBD@@YAPBDPDSBD@Z 100121ae f i libvcruntime:std_type_info.obj
 0001:000111b9       ??0?$__crt_unique_heap_ptr@DU__crt_internal_free_policy@@@@QAE@QAD@Z 100121b9 f i libvcruntime:std_type_info.obj
 0001:000111c7       ??0?$__crt_unique_heap_ptr@XU__crt_internal_free_policy@@@@QAE@QAX@Z 100121c7 f i libvcruntime:std_type_info.obj
 0001:000111d5       ??1?$__crt_unique_heap_ptr@DU__crt_internal_free_policy@@@@QAE@XZ 100121d5 f i libvcruntime:std_type_info.obj
 0001:000111e5       ??1?$__crt_unique_heap_ptr@XU__crt_internal_free_policy@@@@QAE@XZ 100121e5 f i libvcruntime:std_type_info.obj
 0001:000111f5       ??B?$__crt_unique_heap_ptr@DU__crt_internal_free_policy@@@@QBE_NXZ 100121f5 f i libvcruntime:std_type_info.obj
 0001:000111fc       ??B?$__crt_unique_heap_ptr@XU__crt_internal_free_policy@@@@QBE_NXZ 100121fc f i libvcruntime:std_type_info.obj
 0001:00011223       ?__crt_interlocked_read_32@@YAHPDH@Z 10012223 f i libvcruntime:std_type_info.obj
 0001:0001122e       ?detach@?$__crt_unique_heap_ptr@XU__crt_internal_free_policy@@@@QAEPAXXZ 1001222e f i libvcruntime:std_type_info.obj
 0001:00011234       ?get@?$__crt_unique_heap_ptr@DU__crt_internal_free_policy@@@@QBEPADXZ 10012234 f i libvcruntime:std_type_info.obj
 0001:00011237       ?get@?$__crt_unique_heap_ptr@XU__crt_internal_free_policy@@@@QBEPAXXZ 10012237 f i libvcruntime:std_type_info.obj
 0001:0001123a       ?is_valid@?$__crt_unique_heap_ptr@DU__crt_internal_free_policy@@@@QBE_NXZ 1001223a f i libvcruntime:std_type_info.obj
 0001:00011241       ?is_valid@?$__crt_unique_heap_ptr@XU__crt_internal_free_policy@@@@QBE_NXZ 10012241 f i libvcruntime:std_type_info.obj
 0001:00011248       ?release@?$__crt_unique_heap_ptr@DU__crt_internal_free_policy@@@@QAEXXZ 10012248 f i libvcruntime:std_type_info.obj
 0001:00011258       ?release@?$__crt_unique_heap_ptr@XU__crt_internal_free_policy@@@@QAEXXZ 10012258 f i libvcruntime:std_type_info.obj
 0001:00011268       ___std_type_info_compare   10012268 f   libvcruntime:std_type_info.obj
 0001:000112a4       ___std_type_info_destroy_list 100122a4 f   libvcruntime:std_type_info.obj
 0001:000112c7       ___std_type_info_hash      100122c7 f   libvcruntime:std_type_info.obj
 0001:000112ed       ___std_type_info_name      100122ed f   libvcruntime:std_type_info.obj
 0001:000113b3       ___vcrt_initialize         100123b3 f   libvcruntime:initialization.obj
 0001:000113d2       ___vcrt_thread_attach      100123d2 f   libvcruntime:initialization.obj
 0001:000113dd       ___vcrt_thread_detach      100123dd f   libvcruntime:initialization.obj
 0001:000113e5       ___vcrt_uninitialize       100123e5 f   libvcruntime:initialization.obj
 0001:000113fc       ___vcrt_uninitialize_critical 100123fc f   libvcruntime:initialization.obj
 0001:00011407       ___DestructExceptionObject 10012407 f   libvcruntime:ehhelpers.obj
 0001:000114a8       ?_CallMemberFunction0@@YGXQAX0@Z 100124a8 f i libvcruntime:ehhelpers.obj
 0001:0001150d       ?raw_name@type_info@@QBEPBDXZ 1001250d f i libvcruntime:ehhelpers.obj
 0001:00011511       __IsExceptionObjectToBeDestroyed 10012511 f   libvcruntime:ehhelpers.obj
 0001:00011537       __SetWinRTOutOfMemoryExceptionCallback 10012537 f   libvcruntime:ehhelpers.obj
 0001:00011544       ___AdjustPointer           10012544 f   libvcruntime:ehhelpers.obj
 0001:00011569       ___FrameUnwindFilter       10012569 f   libvcruntime:ehhelpers.obj
 0001:000115bf       ___GetPlatformExceptionInfo 100125bf f   libvcruntime:ehhelpers.obj
 0001:0001160b       ___current_exception       1001260b f   libvcruntime:ehhelpers.obj
 0001:00011614       ___current_exception_context 10012614 f   libvcruntime:ehhelpers.obj
 0001:0001161d       ___processing_throw        1001261d f   libvcruntime:ehhelpers.obj
 0001:00011626       ___std_terminate           10012626 f   libvcruntime:ehhelpers.obj
 0001:0001162b       __is_exception_typeof      1001262b f   libvcruntime:ehhelpers.obj
 0001:000116d0       _memset                    100126d0 f   libvcruntime:memset.obj
 0001:00011830       __local_unwind4            10012830 f   libvcruntime:exsup4.obj
 0001:00011920       __seh_longjmp_unwind4@4    10012920 f   libvcruntime:exsup4.obj
 0001:00011950       @_EH4_CallFilterFunc@8     10012950 f   libvcruntime:exsup4.obj
 0001:00011970       @_EH4_TransferToHandler@8  10012970 f   libvcruntime:exsup4.obj
 0001:00011990       @_EH4_GlobalUnwind2@8      10012990 f   libvcruntime:exsup4.obj
 0001:000119b0       @_EH4_LocalUnwind@16       100129b0 f   libvcruntime:exsup4.obj
 0001:000119d2       ___except_validate_context_record 100129d2 f   libvcruntime:jbcxrval.obj
 0001:00011a02       ___except_validate_jump_buffer 10012a02 f   libvcruntime:jbcxrval.obj
 0001:00011a2f       ___except_validate_jump_buffer_common 10012a2f f i libvcruntime:jbcxrval.obj
 0001:00011a68       ??$?0$00@DName@@QAE@PBDU?$StringLifeSelector@$00@@@Z 10012a68 f i libvcruntime:undname.obj
 0001:00011a9b       ??$?0$00@pcharNode@@QAE@PBDHU?$StringLifeSelector@$00@@@Z 10012a9b f i libvcruntime:undname.obj
 0001:00011ab6       ??$?0$01@DName@@QAE@PBDU?$StringLifeSelector@$01@@@Z 10012ab6 f i libvcruntime:undname.obj
 0001:00011ae9       ??$?0$01@pcharNode@@QAE@PBDHU?$StringLifeSelector@$01@@@Z 10012ae9 f i libvcruntime:undname.obj
 0001:00011b29       ??$?0$0A@@DName@@QAE@PBDU?$StringLifeSelector@$0A@@@@Z 10012b29 f i libvcruntime:undname.obj
 0001:00011b5c       ??$?0$0A@@pcharNode@@QAE@PBDHU?$StringLifeSelector@$0A@@@@Z 10012b5c f i libvcruntime:undname.obj
 0001:00011b9c       ??$?0_K$0A@@?$optional@_K@std@@QAE@$$QA_K@Z 10012b9c f i libvcruntime:undname.obj
 0001:00011bb6       ??$?0_K@?$_Optional_construct_base@_K@std@@QAE@Uin_place_t@1@$$QA_K@Z 10012bb6 f i libvcruntime:undname.obj
 0001:00011bd0       ??$?0_K@?$_Optional_destruct_base@_K$00@std@@QAE@Uin_place_t@1@$$QA_K@Z 10012bd0 f i libvcruntime:undname.obj
 0001:00011bea       ??$append@VDNameNode@@@DName@@AAEXPBVDNameNode@@@Z 10012bea f i libvcruntime:undname.obj
 0001:00011c2b       ??$append@VDNameStatusNode@@@DName@@AAEXPBVDNameStatusNode@@@Z 10012c2b f i libvcruntime:undname.obj
 0001:00011c6c       ??$append@VcharNode@@@DName@@AAEXPBVcharNode@@@Z 10012c6c f i libvcruntime:undname.obj
 0001:00011cad       ??$append@VpDNameNode@@@DName@@AAEXPBVpDNameNode@@@Z 10012cad f i libvcruntime:undname.obj
 0001:00011cee       ??$append@VpcharNode@@@DName@@AAEXPBVpcharNode@@@Z 10012cee f i libvcruntime:undname.obj
 0001:00011d2f       ??$doPchar@$00@DName@@AAEXPBDH@Z 10012d2f f i libvcruntime:undname.obj
 0001:00011d9a       ??$doPchar@$01@DName@@AAEXPBDH@Z 10012d9a f i libvcruntime:undname.obj
 0001:00011e0b       ??$doPchar@$0A@@DName@@AAEXPBDH@Z 10012e0b f i libvcruntime:undname.obj
 0001:00011e7c       ??$forward@_K@std@@YA$$QA_KAA_K@Z 10012e7c f i libvcruntime:undname.obj
 0001:00011f40       ??$size@D$04@std@@YAIAAY04$$CBD@Z 10012f40 f i libvcruntime:undname.obj
 0001:00011f44       ??0?$_Optional_construct_base@_K@std@@QAE@XZ 10012f44 f i libvcruntime:undname.obj
 0001:00011f4b       ??0?$_Optional_destruct_base@_K$00@std@@QAE@XZ 10012f4b f i libvcruntime:undname.obj
 0001:00011f52       ??0?$optional@_K@std@@QAE@XZ 10012f52 f i libvcruntime:undname.obj
 0001:00011f59       ??0Block@_HeapManager@@QAE@XZ 10012f59 f i libvcruntime:undname.obj
 0001:00011f5f       ??0DName@@QAE@AAPBDD@Z     10012f5f f   libvcruntime:undname.obj
 0001:00011fdf       ??0DName@@QAE@ABUStringLiteral@@@Z 10012fdf f   libvcruntime:undname.obj
 0001:00012006       ??0DName@@QAE@ABV0@@Z      10013006 f i libvcruntime:undname.obj
 0001:0001201c       ??0DName@@QAE@D@Z          1001301c f   libvcruntime:undname.obj
 0001:00012038       ??0DName@@QAE@PAV0@@Z      10013038 f   libvcruntime:undname.obj
 0001:00012081       ??0DName@@QAE@W4DNameStatus@@@Z 10013081 f   libvcruntime:undname.obj
 0001:000120c1       ??0DName@@QAE@XZ           100130c1 f i libvcruntime:undname.obj
 0001:000120cb       ??0DName@@QAE@_J@Z         100130cb f   libvcruntime:undname.obj
 0001:00012155       ??0DName@@QAE@_K@Z         10013155 f   libvcruntime:undname.obj
 0001:000121b9       ??0DNameNode@@IAE@XZ       100131b9 f i libvcruntime:undname.obj
 0001:000121c2       ??0Replicator@@QAE@XZ      100131c2 f i libvcruntime:undname.obj
 0001:000121df       ??0UnDecorator@@QAE@PBDP6APADJ@ZK@Z 100131df f i libvcruntime:undname.obj
 0001:00012243       ??0_Nontrivial_dummy_type@std@@QAE@XZ 10013243 f i libvcruntime:undname.obj
 0001:00012246       ??0charNode@@QAE@D@Z       10013246 f i libvcruntime:undname.obj
 0001:0001225b       ??0pDNameNode@@QAE@PAVDName@@@Z 1001325b f   libvcruntime:undname.obj
 0001:00012283       ??0pairNode@@QAE@PBVDNameNode@@0@Z 10013283 f i libvcruntime:undname.obj
 0001:000122a9       ??2@YAPAXIAAV_HeapManager@@H@Z 100132a9 f   libvcruntime:undname.obj
 0001:000122c8       ??4DName@@QAEAAV0@ABUStringLiteral@@@Z 100132c8 f   libvcruntime:undname.obj
 0001:000122e9       ??4DName@@QAEAAV0@ABV0@@Z  100132e9 f   libvcruntime:undname.obj
 0001:000122ff       ??4DName@@QAEAAV0@D@Z      100132ff f i libvcruntime:undname.obj
 0001:0001231b       ??4DName@@QAEAAV0@PAV0@@Z  1001331b f   libvcruntime:undname.obj
 0001:0001235e       ??4DName@@QAEAAV0@W4DNameStatus@@@Z 1001335e f   libvcruntime:undname.obj
 0001:00012390       ??AReplicator@@QBE?AVDName@@H@Z 10013390 f   libvcruntime:undname.obj
 0001:000123cc       ??B?$optional@_K@std@@QBE_NXZ 100133cc f i libvcruntime:undname.obj
 0001:000123d0       ??D?$_Optional_construct_base@_K@std@@QGAEAA_KXZ 100133d0 f i libvcruntime:undname.obj
 0001:000123d3       ??H@YA?AVDName@@ABUStringLiteral@@ABV0@@Z 100133d3 f i libvcruntime:undname.obj
 0001:000123f5       ??H@YA?AVDName@@DABV0@@Z   100133f5 f i libvcruntime:undname.obj
 0001:00012420       ??H@YA?AVDName@@W4DNameStatus@@ABV0@@Z 10013420 f i libvcruntime:undname.obj
 0001:00012442       ??HDName@@QBE?AV0@ABUStringLiteral@@@Z 10013442 f   libvcruntime:undname.obj
 0001:00012464       ??HDName@@QBE?AV0@ABV0@@Z  10013464 f   libvcruntime:undname.obj
 0001:00012486       ??HDName@@QBE?AV0@D@Z      10013486 f   libvcruntime:undname.obj
 0001:000124a8       ??HDName@@QBE?AV0@PAV0@@Z  100134a8 f   libvcruntime:undname.obj
 0001:000124ca       ??HDName@@QBE?AV0@W4DNameStatus@@@Z 100134ca f   libvcruntime:undname.obj
 0001:000124ec       ??HStringLiteral@@QBE?AU0@H@Z 100134ec f i libvcruntime:undname.obj
 0001:00012506       ??YDName@@QAEAAV0@ABUStringLiteral@@@Z 10013506 f   libvcruntime:undname.obj
 0001:0001255e       ??YDName@@QAEAAV0@ABV0@@Z  1001355e f   libvcruntime:undname.obj
 0001:000125b5       ??YDName@@QAEAAV0@D@Z      100135b5 f   libvcruntime:undname.obj
 0001:0001260a       ??YDName@@QAEAAV0@PAV0@@Z  1001360a f   libvcruntime:undname.obj
 0001:0001266e       ??YDName@@QAEAAV0@W4DNameStatus@@@Z 1001366e f   libvcruntime:undname.obj
 0001:000126ae       ??YReplicator@@QAEAAV0@ABVDName@@@Z 100136ae f   libvcruntime:undname.obj
 0001:000126ee       ??_5DName@@QAEAAV0@ABV0@@Z 100136ee f   libvcruntime:undname.obj
 0001:0001270d       ??__K_l@@YA?AUStringLiteral@@PBDI@Z 1001370d f i libvcruntime:undname.obj
 0001:00012718       ?Constructor@_HeapManager@@QAEXP6APAXI@ZP6AXPAX@Z@Z 10013718 f i libvcruntime:undname.obj
 0001:00012735       ?Destructor@_HeapManager@@QAEXXZ 10013735 f i libvcruntime:undname.obj
 0001:00012779       ?UScore@UnDecorator@@SA?AUStringLiteral@@W4Tokens@@@Z 10013779 f   libvcruntime:undname.obj
 0001:000127a0       ?composeDeclaration@UnDecorator@@CA?AVDName@@ABV2@@Z 100137a0 f i libvcruntime:undname.obj
 0001:00013531       ?doAccessSpecifiers@UnDecorator@@SAHXZ 10014531 f i libvcruntime:undname.obj
 0001:0001353f       ?doAllocationLanguage@UnDecorator@@SAHXZ 1001453f f i libvcruntime:undname.obj
 0001:0001354d       ?doAllocationModel@UnDecorator@@SAHXZ 1001454d f i libvcruntime:undname.obj
 0001:0001355b       ?doEcsu@UnDecorator@@SAHXZ 1001455b f i libvcruntime:undname.obj
 0001:00013569       ?doEllipsis@UnDecorator@@SAHXZ 10014569 f i libvcruntime:undname.obj
 0001:00013577       ?doFunctionReturns@UnDecorator@@SAHXZ 10014577 f i libvcruntime:undname.obj
 0001:00013585       ?doMSKeywords@UnDecorator@@SAHXZ 10014585 f i libvcruntime:undname.obj
 0001:00013592       ?doMemberTypes@UnDecorator@@SAHXZ 10014592 f i libvcruntime:undname.obj
 0001:000135a0       ?doNameOnly@UnDecorator@@SAHXZ 100145a0 f i libvcruntime:undname.obj
 0001:000135ab       ?doNoIdentCharCheck@UnDecorator@@SAHXZ 100145ab f i libvcruntime:undname.obj
 0001:000135b6       ?doPchar@DName@@AAEXD@Z    100145b6 f   libvcruntime:undname.obj
 0001:000135ee       ?doPtr64@UnDecorator@@SAHXZ 100145ee f i libvcruntime:undname.obj
 0001:000135fc       ?doRestrictionSpec@UnDecorator@@SAHXZ 100145fc f i libvcruntime:undname.obj
 0001:0001360a       ?doThisTypes@UnDecorator@@SAHXZ 1001460a f i libvcruntime:undname.obj
 0001:0001361c       ?doThrowTypes@UnDecorator@@SAHXZ 1001461c f i libvcruntime:undname.obj
 0001:0001362a       ?doTypeOnly@UnDecorator@@SAHXZ 1001462a f i libvcruntime:undname.obj
 0001:00013635       ?doUnderScore@UnDecorator@@SAHXZ 10014635 f i libvcruntime:undname.obj
 0001:00013640       ?getAddressOf@UnDecorator@@CA?AVDName@@XZ 10014640 f   libvcruntime:undname.obj
 0001:000136a8       ?getArgumentList@UnDecorator@@CA?AVDName@@XZ 100146a8 f   libvcruntime:undname.obj
 0001:000137b5       ?getArgumentTypes@UnDecorator@@CA?AVDName@@XZ 100147b5 f   libvcruntime:undname.obj
 0001:000138bd       ?getArrayAccess@UnDecorator@@CA?AVDName@@XZ 100148bd f   libvcruntime:undname.obj
 0001:00013931       ?getArrayObject@UnDecorator@@CA?AVDName@@XZ 10014931 f   libvcruntime:undname.obj
 0001:000139cf       ?getArrayType@UnDecorator@@CA?AVDName@@ABV2@@Z 100149cf f i libvcruntime:undname.obj
 0001:00013b6c       ?getBasedType@UnDecorator@@CA?AVDName@@XZ 10014b6c f   libvcruntime:undname.obj
 0001:00013c1b       ?getBasicDataType@UnDecorator@@CA?AVDName@@ABV2@@Z 10014c1b f   libvcruntime:undname.obj
 0001:00014177       ?getCHPEName@UnDecorator@@QAEPADPADH@Z 10015177 f i libvcruntime:undname.obj
 0001:00014254       ?getCallIndex@UnDecorator@@CA?AVDName@@XZ 10015254 f i libvcruntime:undname.obj
 0001:00014268       ?getCallingConvention@UnDecorator@@CA?AVDName@@XZ 10015268 f   libvcruntime:undname.obj
 0001:00014332       ?getDataIndirectType@UnDecorator@@CA?AVDName@@ABV2@W4IndirectionKind@@0H@Z 10015332 f   libvcruntime:undname.obj
 0001:00014ab8       ?getDataIndirectType@UnDecorator@@CA?AVDName@@XZ 10015ab8 f i libvcruntime:undname.obj
 0001:00014ae6       ?getDataType@UnDecorator@@CA?AVDName@@PAV2@@Z 10015ae6 f   libvcruntime:undname.obj
 0001:00014bbd       ?getDecoratedName@UnDecorator@@CA?AVDName@@XZ 10015bbd f   libvcruntime:undname.obj
 0001:00014e11       ?getDimension@UnDecorator@@CA?AVDName@@_N@Z 10015e11 f   libvcruntime:undname.obj
 0001:00014f28       ?getDispatchTarget@UnDecorator@@CA?AVDName@@XZ 10015f28 f   libvcruntime:undname.obj
 0001:00014f79       ?getDisplacement@UnDecorator@@CA?AVDName@@XZ 10015f79 f i libvcruntime:undname.obj
 0001:00014f8d       ?getECSUDataType@UnDecorator@@CA?AVDName@@XZ 10015f8d f   libvcruntime:undname.obj
 0001:00015137       ?getECSUName@UnDecorator@@CA?AVDName@@XZ 10016137 f i libvcruntime:undname.obj
 0001:00015148       ?getEnumType@UnDecorator@@CA?AVDName@@XZ 10016148 f i libvcruntime:undname.obj
 0001:0001525c       ?getExtendedDataIndirectType@UnDecorator@@CA?AVDName@@AAW4IndirectionKind@@AA_NH@Z 1001625c f   libvcruntime:undname.obj
 0001:00015460       ?getExternalDataType@UnDecorator@@CA?AVDName@@ABV2@@Z 10016460 f i libvcruntime:undname.obj
 0001:000154c5       ?getFloatingPoint@UnDecorator@@CA?AVDName@@H@Z 100164c5 f   libvcruntime:undname.obj
 0001:00015588       ?getFunctionIndirectType@UnDecorator@@CA?AVDName@@ABV2@@Z 10016588 f   libvcruntime:undname.obj
 0001:00015932       ?getGuardNumber@UnDecorator@@CA?AVDName@@XZ 10016932 f i libvcruntime:undname.obj
 0001:00015946       ?getLastChar@DName@@QBEDXZ 10016946 f i libvcruntime:undname.obj
 0001:00015966       ?getLastChar@DNameStatusNode@@UBEDXZ 10016966 f i libvcruntime:undname.obj
 0001:00015972       ?getLastChar@charNode@@UBEDXZ 10016972 f i libvcruntime:undname.obj
 0001:00015976       ?getLastChar@pDNameNode@@UBEDXZ 10016976 f i libvcruntime:undname.obj
 0001:00015984       ?getLastChar@pairNode@@UBEDXZ 10016984 f i libvcruntime:undname.obj
 0001:000159b9       ?getLastChar@pcharNode@@UBEDXZ 100169b9 f i libvcruntime:undname.obj
 0001:000159cb       ?getLexicalFrame@UnDecorator@@CA?AVDName@@XZ 100169cb f i libvcruntime:undname.obj
 0001:000159fc       ?getMemberAccess@UnDecorator@@CA?AVDName@@XZ 100169fc f   libvcruntime:undname.obj
 0001:00015a6c       ?getMemoryWithBuffer@_HeapManager@@QAEPAXI@Z 10016a6c f   libvcruntime:undname.obj
 0001:00015ad6       ?getMemoryWithoutBuffer@_HeapManager@@QAEPAXI@Z 10016ad6 f   libvcruntime:undname.obj
 0001:00015af6       ?getNoexcept@UnDecorator@@CA?AVDName@@XZ 10016af6 f   libvcruntime:undname.obj
 0001:00015b3e       ?getNumberOfDimensions@UnDecorator@@CAHXZ 10016b3e f   libvcruntime:undname.obj
 0001:00015b98       ?getOperatorName@UnDecorator@@CA?AVDName@@_NPA_N@Z 10016b98 f i libvcruntime:undname.obj
 0001:0001645e       ?getPointerToMember@UnDecorator@@CA?AVDName@@XZ 1001745e f   libvcruntime:undname.obj
 0001:0001651a       ?getPointerType@UnDecorator@@CA?AVDName@@ABV2@0@Z 1001751a f i libvcruntime:undname.obj
 0001:00016535       ?getPointerTypeArray@UnDecorator@@CA?AVDName@@ABV2@0@Z 10017535 f i libvcruntime:undname.obj
 0001:00016550       ?getPrimaryDataType@UnDecorator@@CA?AVDName@@ABV2@@Z 10017550 f   libvcruntime:undname.obj
 0001:0001679e       ?getPtrRefDataType@UnDecorator@@CA?AVDName@@ABV2@H@Z 1001779e f   libvcruntime:undname.obj
 0001:0001690b       ?getPtrRefType@UnDecorator@@CA?AVDName@@ABV2@0W4IndirectionKind@@@Z 1001790b f   libvcruntime:undname.obj
 0001:00016a1c       ?getReferenceType@UnDecorator@@CA?AVDName@@ABV2@0W4IndirectionKind@@@Z 10017a1c f i libvcruntime:undname.obj
 0001:00016a38       ?getRestrictionSpec@UnDecorator@@CA?AVDName@@XZ 10017a38 f   libvcruntime:undname.obj
 0001:00016b51       ?getReturnType@UnDecorator@@CA?AVDName@@PAV2@@Z 10017b51 f   libvcruntime:undname.obj
 0001:00016b80       ?getScope@UnDecorator@@CA?AVDName@@XZ 10017b80 f   libvcruntime:undname.obj
 0001:00016f3e       ?getScopedName@UnDecorator@@CA?AVDName@@XZ 10017f3e f   libvcruntime:undname.obj
 0001:00017033       ?getSignedDimension@UnDecorator@@CA?AVDName@@XZ 10018033 f   libvcruntime:undname.obj
 0001:00017084       ?getStorageConvention@UnDecorator@@CA?AVDName@@XZ 10018084 f i libvcruntime:undname.obj
 0001:00017095       ?getString@DName@@QBEPADPAD0@Z 10018095 f i libvcruntime:undname.obj
 0001:000170c2       ?getString@DName@@QBEPADPADH@Z 100180c2 f i libvcruntime:undname.obj
 0001:00017117       ?getString@DNameStatusNode@@UBEPADPAD0@Z 10018117 f i libvcruntime:undname.obj
 0001:0001715e       ?getString@charNode@@UBEPADPAD0@Z 1001815e f i libvcruntime:undname.obj
 0001:00017173       ?getString@pDNameNode@@UBEPADPAD0@Z 10018173 f i libvcruntime:undname.obj
 0001:0001718a       ?getString@pairNode@@UBEPADPAD0@Z 1001818a f i libvcruntime:undname.obj
 0001:000171d0       ?getString@pcharNode@@UBEPADPAD0@Z 100181d0 f i libvcruntime:undname.obj
 0001:000171eb       ?getStringEncoding@UnDecorator@@CA?AVDName@@W4PrefixKind@@H@Z 100181eb f   libvcruntime:undname.obj
 0001:0001727e       ?getStringHelper@@YAPADPADPBD1H@Z 1001827e f i libvcruntime:undname.obj
 0001:000172a8       ?getStringObject@UnDecorator@@CA?AVDName@@XZ 100182a8 f   libvcruntime:undname.obj
 0001:00017314       ?getSymbolName@UnDecorator@@CA?AVDName@@XZ 10018314 f i libvcruntime:undname.obj
 0001:0001735c       ?getTemplateArgumentList@UnDecorator@@CA?AVDName@@XZ 1001835c f   libvcruntime:undname.obj
 0001:0001750c       ?getTemplateName@UnDecorator@@CA?AVDName@@_N@Z 1001850c f   libvcruntime:undname.obj
 0001:00017687       ?getTemplateNonTypeArgument@UnDecorator@@CA?AVDName@@XZ 10018687 f   libvcruntime:undname.obj
 0001:00017a4f       ?getTemplateTypeArgument@UnDecorator@@CA?AVDName@@XZ 10018a4f f   libvcruntime:undname.obj
 0001:00017b60       ?getThisType@UnDecorator@@CA?AVDName@@XZ 10018b60 f i libvcruntime:undname.obj
 0001:00017b8f       ?getThrowTypes@UnDecorator@@CA?AVDName@@XZ 10018b8f f   libvcruntime:undname.obj
 0001:00017bae       ?getTypeEncoding@UnDecorator@@CAHXZ 10018bae f i libvcruntime:undname.obj
 0001:00017eea       ?getUndecoratedName@UnDecorator@@QAEPADPADH@Z 10018eea f i libvcruntime:undname.obj
 0001:00018009       ?getUnionObject@UnDecorator@@CA?AVDName@@XZ 10019009 f   libvcruntime:undname.obj
 0001:000180b0       ?getVCallThunkType@UnDecorator@@CA?AVDName@@XZ 100190b0 f i libvcruntime:undname.obj
 0001:000180fa       ?getValue@UnDecorator@@CA?AV?$optional@_K@std@@XZ 100190fa f   libvcruntime:undname.obj
 0001:0001814a       ?getValueObject@UnDecorator@@CA?AVDName@@XZ 1001914a f   libvcruntime:undname.obj
 0001:00018276       ?getVbTableType@UnDecorator@@CA?AVDName@@ABV2@@Z 10019276 f i libvcruntime:undname.obj
 0001:0001828b       ?getVdispMapType@UnDecorator@@CA?AVDName@@ABV2@@Z 1001928b f i libvcruntime:undname.obj
 0001:000182ec       ?getVfTableType@UnDecorator@@CA?AVDName@@ABV2@@Z 100192ec f i libvcruntime:undname.obj
 0001:00018440       ?getZName@UnDecorator@@CA?AVDName@@_N0@Z 10019440 f   libvcruntime:undname.obj
 0001:00018659       ?get_current_character_and_increment_buffer@UnDecorator@@CADXZ 10019659 f i libvcruntime:undname.obj
 0001:0001866d       ?haveTemplateParameters@UnDecorator@@SAHXZ 1001966d f i libvcruntime:undname.obj
 0001:00018678       ?increment_buffer@UnDecorator@@CA_NI@Z 10019678 f i libvcruntime:undname.obj
 0001:000186a0       ?increment_buffer_no_check@UnDecorator@@CAXI@Z 100196a0 f i libvcruntime:undname.obj
 0001:000186ae       ?increment_buffer_no_check@UnDecorator@@CAXXZ 100196ae f i libvcruntime:undname.obj
 0001:000186b5       ?isArray@DName@@QBEHXZ     100196b5 f i libvcruntime:undname.obj
 0001:000186bf       ?isComArray@DName@@QBEHXZ  100196bf f i libvcruntime:undname.obj
 0001:000186c9       ?isEmpty@DName@@QBEHXZ     100196c9 f i libvcruntime:undname.obj
 0001:000186d1       ?isFull@Replicator@@QBEHXZ 100196d1 f i libvcruntime:undname.obj
 0001:000186da       ?isNoTE@DName@@QBEHXZ      100196da f i libvcruntime:undname.obj
 0001:000186e4       ?isPinPtr@DName@@QBEHXZ    100196e4 f i libvcruntime:undname.obj
 0001:000186ee       ?isPtrRef@DName@@QBEHXZ    100196ee f i libvcruntime:undname.obj
 0001:000186f8       ?isUDC@DName@@QBEHXZ       100196f8 f i libvcruntime:undname.obj
 0001:00018709       ?isUDTThunk@DName@@QBEHXZ  10019709 f i libvcruntime:undname.obj
 0001:0001871a       ?isVCallThunk@DName@@QBEHXZ 1001971a f i libvcruntime:undname.obj
 0001:00018724       ?isValid@DName@@QBEHXZ     10019724 f i libvcruntime:undname.obj
 0001:0001872e       ?length@DName@@QBEHXZ      1001972e f i libvcruntime:undname.obj
 0001:0001874d       ?length@DNameStatusNode@@UBEHXZ 1001974d f i libvcruntime:undname.obj
 0001:00018751       ?length@charNode@@UBEHXZ   10019751 f i libvcruntime:undname.obj
 0001:00018755       ?length@pDNameNode@@UBEHXZ 10019755 f i libvcruntime:undname.obj
 0001:00018763       ?length@pairNode@@UBEHXZ   10019763 f i libvcruntime:undname.obj
 0001:000187ac       ?length@pcharNode@@UBEHXZ  100197ac f i libvcruntime:undname.obj
 0001:000187b0       ?make@DNameStatusNode@@SAPBV1@W4DNameStatus@@@Z 100197b0 f i libvcruntime:undname.obj
 0001:000187cc       ?parseDecoratedName@UnDecorator@@CA?AVDName@@XZ 100197cc f   libvcruntime:undname.obj
 0001:000188c7       ?raw_length@DNameStatusNode@@UBEHXZ 100198c7 f i libvcruntime:undname.obj
 0001:000188cb       ?raw_length@charNode@@UBEHXZ 100198cb f i libvcruntime:undname.obj
 0001:000188cf       ?raw_length@pDNameNode@@UBEHXZ 100198cf f i libvcruntime:undname.obj
 0001:000188d3       ?raw_length@pairNode@@UBEHXZ 100198d3 f i libvcruntime:undname.obj
 0001:000188d7       ?raw_length@pcharNode@@UBEHXZ 100198d7 f i libvcruntime:undname.obj
 0001:000188db       ?setIsArray@DName@@QAEXXZ  100198db f i libvcruntime:undname.obj
 0001:000188e3       ?setIsComArray@DName@@QAEXXZ 100198e3 f i libvcruntime:undname.obj
 0001:000188eb       ?setIsNoTE@DName@@QAEXXZ   100198eb f i libvcruntime:undname.obj
 0001:000188f3       ?setIsPinPtr@DName@@QAEXXZ 100198f3 f i libvcruntime:undname.obj
 0001:000188fb       ?setIsUDC@DName@@QAEXXZ    100198fb f i libvcruntime:undname.obj
 0001:00018908       ?setIsVCallThunk@DName@@QAEXXZ 10019908 f i libvcruntime:undname.obj
 0001:00018910       ?setPtrRef@DName@@QAEAAV1@XZ 10019910 f i libvcruntime:undname.obj
 0001:0001891a       ?status@DName@@QBE?AW4DNameStatus@@XZ 1001991a f i libvcruntime:undname.obj
 0001:00018986       ___unDName                 10019986 f   libvcruntime:undname.obj
 0001:000189a9       ___unDNameEx               100199a9 f   libvcruntime:undname.obj
 0001:00018a48       __vsprintf_s_l             10019a48 f i libvcruntime:undname.obj
 0001:00018a75       _sprintf_s                 10019a75 f i libvcruntime:undname.obj
 0001:00018a91       _unDNameGenerateCHPE       10019a91 f   libvcruntime:undname.obj
 0001:00018b2e       ??$?RU__vcrt_ptd@@@__crt_internal_free_policy@@QBEXQBU__vcrt_ptd@@@Z 10019b2e f i libvcruntime:per_thread_data.obj
 0001:00018b3e       ??0?$__crt_unique_heap_ptr@U__vcrt_ptd@@U__crt_internal_free_policy@@@@QAE@QAU__vcrt_ptd@@@Z 10019b3e f i libvcruntime:per_thread_data.obj
 0001:00018b5b       ??1?$__crt_unique_heap_ptr@U__vcrt_ptd@@U__crt_internal_free_policy@@@@QAE@XZ 10019b5b f i libvcruntime:per_thread_data.obj
 0001:00018b74       ??B?$__crt_unique_heap_ptr@U__vcrt_ptd@@U__crt_internal_free_policy@@@@QBE_NXZ 10019b74 f i libvcruntime:per_thread_data.obj
 0001:00018b7b       ?detach@?$__crt_unique_heap_ptr@U__vcrt_ptd@@U__crt_internal_free_policy@@@@QAEPAU__vcrt_ptd@@XZ 10019b7b f i libvcruntime:per_thread_data.obj
 0001:00018b81       ?get@?$__crt_unique_heap_ptr@U__vcrt_ptd@@U__crt_internal_free_policy@@@@QBEPAU__vcrt_ptd@@XZ 10019b81 f i libvcruntime:per_thread_data.obj
 0001:00018b84       ?is_valid@?$__crt_unique_heap_ptr@U__vcrt_ptd@@U__crt_internal_free_policy@@@@QBE_NXZ 10019b84 f i libvcruntime:per_thread_data.obj
 0001:00018b8b       ?release@?$__crt_unique_heap_ptr@U__vcrt_ptd@@U__crt_internal_free_policy@@@@QAEXXZ 10019b8b f i libvcruntime:per_thread_data.obj
 0001:00018bb5       ___vcrt_freefls@4          10019bb5 f   libvcruntime:per_thread_data.obj
 0001:00018bd1       ___vcrt_freeptd_for_this_thread 10019bd1 f   libvcruntime:per_thread_data.obj
 0001:00018bfc       ___vcrt_getptd             10019bfc f   libvcruntime:per_thread_data.obj
 0001:00018c0a       ___vcrt_getptd_noexit      10019c0a f   libvcruntime:per_thread_data.obj
 0001:00018c9c       ___vcrt_getptd_noinit      10019c9c f   libvcruntime:per_thread_data.obj
 0001:00018cd3       ___vcrt_initialize_ptd     10019cd3 f   libvcruntime:per_thread_data.obj
 0001:00018d06       ___vcrt_uninitialize_ptd   10019d06 f   libvcruntime:per_thread_data.obj
 0001:00018d21       ___vcrt_initialize_locks   10019d21 f   libvcruntime:locks.obj
 0001:00018d5d       ___vcrt_lock               10019d5d f   libvcruntime:locks.obj
 0001:00018d72       ___vcrt_uninitialize_locks 10019d72 f   libvcruntime:locks.obj
 0001:00018da1       ___vcrt_unlock             10019da1 f   libvcruntime:locks.obj
 0001:00018dc0       __global_unwind2           10019dc0 f   libvcruntime:exsup.obj
 0001:00018e40       __local_unwind2            10019e40 f   libvcruntime:exsup.obj
 0001:00018ee0       __abnormal_termination     10019ee0 f   libvcruntime:exsup.obj
 0001:00018f10       __NLG_Notify1              10019f10 f   libvcruntime:exsup.obj
 0001:00018f20       __NLG_Notify               10019f20 f   libvcruntime:exsup.obj
 0001:00018f37       __NLG_Dispatch             10019f37     libvcruntime:exsup.obj
 0001:00018f37       __NLG_Dispatch2            10019f37     libvcruntime:exsup.obj
 0001:00018f40       __NLG_Call                 10019f40 f   libvcruntime:exsup.obj
 0001:00018f42       __NLG_Return2              10019f42     libvcruntime:exsup.obj
 0001:00018f43       ??$__crt_interlocked_exchange_pointer@$$A6AXXZP6AXXZ@@YAP6AXXZPDS6AXXZQ6AXXZ@Z 10019f43 f i libvcruntime:purevirt.obj
 0001:00018f50       ??$__crt_interlocked_read_pointer@$$A6AXXZ@@YAP6AXXZPDS6AXXZ@Z 10019f50 f i libvcruntime:purevirt.obj
 0001:00018f5b       __get_purecall_handler     10019f5b f   libvcruntime:purevirt.obj
 0001:00018f62       __purecall                 10019f62 f   libvcruntime:purevirt.obj
 0001:00018f7e       __set_purecall_handler     10019f7e f   libvcruntime:purevirt.obj
 0001:00018f8d       ??$?0AAViterator@TryBlockMap@__FrameHandler3@@AAV012@$0A@@?$pair@Viterator@TryBlockMap@__FrameHandler3@@V123@@std@@QAE@AAViterator@TryBlockMap@__FrameHandler3@@0@Z 10019f8d f i libvcruntime:trnsctrl.obj
 0001:00018fb1       ??$forward@AAViterator@TryBlockMap@__FrameHandler3@@@std@@YAAAViterator@TryBlockMap@__FrameHandler3@@AAV123@@Z 10019fb1 f i libvcruntime:trnsctrl.obj
 0001:00018fb9       ??0iterator@TryBlockMap@__FrameHandler3@@QAE@AAV12@I@Z 10019fb9 f i libvcruntime:trnsctrl.obj
 0001:00018fcd       ?GetRangeOfTrysToCheck@__FrameHandler3@@SA?AU?$pair@Viterator@TryBlockMap@__FrameHandler3@@V123@@std@@AAVTryBlockMap@1@HPAXPBU_s_FuncInfo@@H@Z 10019fcd f   libvcruntime:trnsctrl.obj
 0001:0001903c       ?_CallCatchBlock2@@YAPAXPAUEHRegistrationNode@@PBU_s_FuncInfo@@PAXHK@Z 1001a03c f   libvcruntime:trnsctrl.obj
 0001:00019099       ?_CallSETranslator@@YAHPAUEHExceptionRecord@@PAUEHRegistrationNode@@PAX2PBU_s_FuncInfo@@H1@Z 1001a099 f   libvcruntime:trnsctrl.obj
 0001:00019189       ?_JumpToContinuation@@YGXPAXPAUEHRegistrationNode@@@Z 1001a189 f   libvcruntime:trnsctrl.obj
 0001:000191b9       ?_UnwindNestedFrames@@YGXPAUEHRegistrationNode@@PAUEHExceptionRecord@@@Z 1001a1b9 f   libvcruntime:trnsctrl.obj
 0001:0001920c       __CatchGuardHandler        1001a20c f   libvcruntime:trnsctrl.obj
 0001:0001923d       __CreateFrameInfo          1001a23d f   libvcruntime:trnsctrl.obj
 0001:00019261       __FindAndUnlinkFrame       1001a261 f   libvcruntime:trnsctrl.obj
 0001:000192a9       __TranslatorGuardHandler   1001a2a9 f   libvcruntime:trnsctrl.obj
 0001:00019346       ___CxxFrameHandler         1001a346 f   libvcruntime:trnsctrl.obj
 0001:0001937c       ___CxxFrameHandler2        1001a37c f   libvcruntime:trnsctrl.obj
 0001:000193b2       ___CxxFrameHandler3        1001a3b2 f   libvcruntime:trnsctrl.obj
 0001:000193e8       ___CxxLongjmpUnwind@4      1001a3e8 f   libvcruntime:trnsctrl.obj
 0001:00019410       _memcpy                    1001a410 f   libvcruntime:memcpy.obj
 0001:00019984       ??$__crt_interlocked_exchange_pointer@UHINSTANCE__@@PAU1@@@YAPAUHINSTANCE__@@PDSAU0@QAU0@@Z 1001a984 f i libvcruntime:winapi_downlevel.obj
 0001:00019991       ??$__crt_interlocked_exchange_pointer@UHINSTANCE__@@PAX@@YAPAUHINSTANCE__@@PDSAU0@QAX@Z 1001a991 f i libvcruntime:winapi_downlevel.obj
 0001:0001999e       ??$__crt_interlocked_exchange_pointer@XPAX@@YAPAXPDSAXQAX@Z 1001a99e f i libvcruntime:winapi_downlevel.obj
 0001:000199ab       ??$__crt_interlocked_read_pointer@UHINSTANCE__@@@@YAPAUHINSTANCE__@@PDSAU0@@Z 1001a9ab f i libvcruntime:winapi_downlevel.obj
 0001:000199b6       ??$__crt_interlocked_read_pointer@X@@YAPAXPDSAX@Z 1001a9b6 f i libvcruntime:winapi_downlevel.obj
 0001:00019c42       ___vcrt_FlsAlloc           1001ac42 f   libvcruntime:winapi_downlevel.obj
 0001:00019c7d       ___vcrt_FlsFree            1001ac7d f   libvcruntime:winapi_downlevel.obj
 0001:00019cb8       ___vcrt_FlsGetValue        1001acb8 f   libvcruntime:winapi_downlevel.obj
 0001:00019cf3       ___vcrt_FlsSetValue        1001acf3 f   libvcruntime:winapi_downlevel.obj
 0001:00019d31       ___vcrt_InitializeCriticalSectionEx 1001ad31 f   libvcruntime:winapi_downlevel.obj
 0001:0001a4aa       ??$TypeMatchHelper@V__FrameHandler3@@@@YAHPBU_s_HandlerType@@PBU_s_CatchableType@@PBU_s_ThrowInfo@@@Z 1001b4aa f i libvcruntime:frame.obj
 0001:0001a538       ??$__InternalCxxFrameHandler@V__FrameHandler3@@@@YA?AW4_EXCEPTION_DISPOSITION@@PAUEHExceptionRecord@@PAUEHRegistrationNode@@PAU_CONTEXT@@PAXPBU_s_FuncInfo@@H1E@Z 1001b538 f i libvcruntime:frame.obj
 0001:0001a63a       ??$__InternalCxxFrameHandlerWrapper@V__FrameHandler3@@@@YA?AW4_EXCEPTION_DISPOSITION@@PAUEHExceptionRecord@@PAUEHRegistrationNode@@PAU_CONTEXT@@PAXPBU_s_FuncInfo@@H1E@Z 1001b63a f i libvcruntime:frame.obj
 0001:0001a643       ??0HandlerMap@__FrameHandler3@@QAE@PBU_s_TryBlockMapEntry@@II@Z 1001b643 f i libvcruntime:frame.obj
 0001:0001a65a       ??0TryBlockMap@__FrameHandler3@@QAE@PBU_s_FuncInfo@@I@Z 1001b65a f i libvcruntime:frame.obj
 0001:0001a66e       ??0bad_exception@std@@QAE@ABV01@@Z 1001b66e f i libvcruntime:frame.obj
 0001:0001a689       ??0bad_exception@std@@QAE@XZ 1001b689 f i libvcruntime:frame.obj
 0001:0001a6a1       ??0exception@std@@QAE@ABV01@@Z 1001b6a1 f i libvcruntime:frame.obj
 0001:0001a6cd       ??0exception@std@@QAE@QBDH@Z 1001b6cd f i libvcruntime:frame.obj
 0001:0001a6ea       ??0iterator@HandlerMap@__FrameHandler3@@QAE@AAV12@I@Z 1001b6ea f i libvcruntime:frame.obj
 0001:0001a6fe       ??1bad_exception@std@@UAE@XZ 1001b6fe f i libvcruntime:frame.obj
 0001:0001a70f       ??1exception@std@@UAE@XZ   1001b70f f i libvcruntime:frame.obj
 0001:0001a720       ??8iterator@HandlerMap@__FrameHandler3@@QBE_NABV012@@Z 1001b720 f i libvcruntime:frame.obj
 0001:0001a733       ??8type_info@@QBE_NABV0@@Z 1001b733 f i libvcruntime:frame.obj
 0001:0001a752       ??9iterator@HandlerMap@__FrameHandler3@@QBE_NABV012@@Z 1001b752 f i libvcruntime:frame.obj
 0001:0001a765       ??Diterator@HandlerMap@__FrameHandler3@@QAE?BU_s_HandlerType@@XZ 1001b765 f i libvcruntime:frame.obj
 0001:0001a784       ??Diterator@TryBlockMap@__FrameHandler3@@QAE?BU_s_TryBlockMapEntry@@XZ 1001b784 f i libvcruntime:frame.obj
 0001:0001a7a6       ??Eiterator@HandlerMap@__FrameHandler3@@QAEAAV012@XZ 1001b7a6 f i libvcruntime:frame.obj
 0001:0001a7ac       ??Eiterator@TryBlockMap@__FrameHandler3@@QAEAAV012@XZ 1001b7ac f i libvcruntime:frame.obj
 0001:0001a7b2       ??Miterator@TryBlockMap@__FrameHandler3@@QBE_NABV012@@Z 1001b7b2 f i libvcruntime:frame.obj
 0001:0001a7c5       ??_Ebad_exception@std@@UAEPAXI@Z 1001b7c5 f i libvcruntime:frame.obj
 0001:0001a7c5       ??_Gbad_exception@std@@UAEPAXI@Z 1001b7c5 f i libvcruntime:frame.obj
 0001:0001a7f2       ??_Eexception@std@@UAEPAXI@Z 1001b7f2 f i libvcruntime:frame.obj
 0001:0001a7f2       ??_Gexception@std@@UAEPAXI@Z 1001b7f2 f i libvcruntime:frame.obj
 0001:0001a81f       ?BuildCatchObject@__FrameHandler3@@SAXPAUEHExceptionRecord@@PAXPBU_s_HandlerType@@PBU_s_CatchableType@@@Z 1001b81f f   libvcruntime:frame.obj
 0001:0001a824       ?BuildCatchObjectHelper@__FrameHandler3@@SAHPAUEHExceptionRecord@@PAXPBU_s_HandlerType@@PBU_s_CatchableType@@@Z 1001b824 f   libvcruntime:frame.obj
 0001:0001aa85       ?FrameUnwindToEmptyState@__FrameHandler3@@SAXPAUEHRegistrationNode@@PAXPBU_s_FuncInfo@@@Z 1001ba85 f   libvcruntime:frame.obj
 0001:0001aa9d       ?FrameUnwindToState@__FrameHandler3@@SAXPAUEHRegistrationNode@@PAXPBU_s_FuncInfo@@H@Z 1001ba9d f   libvcruntime:frame.obj
 0001:0001ab85       ?GetMaxState@__FrameHandler3@@SAHPAXPBU_s_FuncInfo@@@Z 1001bb85 f i libvcruntime:frame.obj
 0001:0001ac63       ?TypeMatch@__FrameHandler3@@SAHPBU_s_HandlerType@@PBU_s_CatchableType@@PBU_s_ThrowInfo@@@Z 1001bc63 f   libvcruntime:frame.obj
 0001:0001ac6c       ?_CallMemberFunction1@@YGXQAX00@Z 1001bc6c f i libvcruntime:frame.obj
 0001:0001ac7c       ?_CallMemberFunction2@@YGXQAX00H@Z 1001bc7c f i libvcruntime:frame.obj
 0001:0001ac8f       ?begin@HandlerMap@__FrameHandler3@@QAE?AViterator@12@XZ 1001bc8f f i libvcruntime:frame.obj
 0001:0001ac9f       ?end@HandlerMap@__FrameHandler3@@QAE?AViterator@12@XZ 1001bc9f f i libvcruntime:frame.obj
 0001:0001acb0       ?getESTypes@__FrameHandler3@@SAPBU_s_ESTypeList@@PBU_s_FuncInfo@@@Z 1001bcb0 f i libvcruntime:frame.obj
 0001:0001acbb       ?getLastEntry@HandlerMap@__FrameHandler3@@QAEPBU_s_HandlerType@@XZ 1001bcbb f i libvcruntime:frame.obj
 0001:0001acc9       ?getMagicNum@__FrameHandler3@@SAIPBU_s_FuncInfo@@@Z 1001bcc9 f i libvcruntime:frame.obj
 0001:0001acd8       ?getNumTryBlocks@TryBlockMap@__FrameHandler3@@QAEIXZ 1001bcd8 f i libvcruntime:frame.obj
 0001:0001acde       ?isEHs@__FrameHandler3@@SA_NPBU_s_FuncInfo@@@Z 1001bcde f i libvcruntime:frame.obj
 0001:0001aceb       ?isNoExcept@__FrameHandler3@@SA_NPBU_s_FuncInfo@@@Z 1001bceb f i libvcruntime:frame.obj
 0001:0001acfb       ?what@exception@std@@UBEPBDXZ 1001bcfb f i libvcruntime:frame.obj
 0001:0001ad08       ___BuildCatchObject        1001bd08 f   libvcruntime:frame.obj
 0001:0001ad0d       ___BuildCatchObjectHelper  1001bd0d f   libvcruntime:frame.obj
 0001:0001ad16       ___TypeMatch               1001bd16 f   libvcruntime:frame.obj
 0001:0001ad1f       ___vcrt_EncodePointer      1001bd1f f i libvcruntime:frame.obj
 0001:0001ad30       __CallSettingFrame@12      1001bd30 f   libvcruntime:lowhelpr.obj
 0001:0001ad57       __NLG_Return               1001bd57     libvcruntime:lowhelpr.obj
 0001:0001ad90       __get_unexpected           1001bd90 f   libvcruntime:unexpected.obj
 0001:0001ada2       _set_unexpected            1001bda2 f   libvcruntime:unexpected.obj
 0001:0001adc0       _unexpected                1001bdc0 f   libvcruntime:unexpected.obj
 0001:0001addd       ?GetCurrentState@__FrameHandler3@@SAHPAUEHRegistrationNode@@PAXPBU_s_FuncInfo@@@Z 1001bddd f   libvcruntime:ehstate.obj
 0001:0001adfa       ?SetState@__FrameHandler3@@SAXPAUEHRegistrationNode@@PBU_s_FuncInfo@@H@Z 1001bdfa f   libvcruntime:ehstate.obj
 0001:0001ae08       ??$?RD@__crt_public_free_policy@@QBEXQBD@Z 1001be08 f i libvcruntime:std_exception.obj
 0001:0001ae18       ??0?$__crt_unique_heap_ptr@DU__crt_public_free_policy@@@@QAE@QAD@Z 1001be18 f i libvcruntime:std_exception.obj
 0001:0001ae26       ??1?$__crt_unique_heap_ptr@DU__crt_public_free_policy@@@@QAE@XZ 1001be26 f i libvcruntime:std_exception.obj
 0001:0001ae36       ??B?$__crt_unique_heap_ptr@DU__crt_public_free_policy@@@@QBE_NXZ 1001be36 f i libvcruntime:std_exception.obj
 0001:0001ae3d       ?detach@?$__crt_unique_heap_ptr@DU__crt_public_free_policy@@@@QAEPADXZ 1001be3d f i libvcruntime:std_exception.obj
 0001:0001ae43       ?get@?$__crt_unique_heap_ptr@DU__crt_public_free_policy@@@@QBEPADXZ 1001be43 f i libvcruntime:std_exception.obj
 0001:0001ae46       ?is_valid@?$__crt_unique_heap_ptr@DU__crt_public_free_policy@@@@QBE_NXZ 1001be46 f i libvcruntime:std_exception.obj
 0001:0001ae4d       ?release@?$__crt_unique_heap_ptr@DU__crt_public_free_policy@@@@QAEXXZ 1001be4d f i libvcruntime:std_exception.obj
 0001:0001ae5d       ___std_exception_copy      1001be5d f   libvcruntime:std_exception.obj
 0001:0001aec0       ___std_exception_destroy   1001bec0 f   libvcruntime:std_exception.obj
 0001:0001aedf       __CxxThrowException@8      1001bedf f   libvcruntime:throw.obj
 0001:0001af50       _memmove                   1001bf50 f   libvcruntime:memmove.obj
 0001:0001b7da       ??0?$cached@H@__crt_cached_ptd_host@@QAE@XZ 1001c7da f i libucrt:lseek.obj
 0001:0001b7e1       ??0?$cached@K@__crt_cached_ptd_host@@QAE@XZ 1001c7e1 f i libucrt:lseek.obj
 0001:0001b7e8       ??0__crt_cached_ptd_host@@QAE@QAU__crt_locale_pointers@@@Z 1001c7e8 f i libucrt:lseek.obj
 0001:0001b830       ??0__crt_scoped_get_last_error_reset@@QAE@XZ 1001c830 f i libucrt:lseek.obj
 0001:0001b841       ??1__crt_cached_ptd_host@@QAE@XZ 1001c841 f i libucrt:lseek.obj
 0001:0001b87d       ??1__crt_scoped_get_last_error_reset@@QAE@XZ 1001c87d f i libucrt:lseek.obj
 0001:0001b886       ?check_synchronize_global_state_index@__crt_cached_ptd_host@@AAEIABV__crt_scoped_get_last_error_reset@@@Z 1001c886 f i libucrt:lseek.obj
 0001:0001b89e       ?check_synchronize_per_thread_data@__crt_cached_ptd_host@@AAEPAU__acrt_ptd@@XZ 1001c89e f i libucrt:lseek.obj
 0001:0001b985       ?force_synchronize_global_state_index@__crt_cached_ptd_host@@AAEIABV__crt_scoped_get_last_error_reset@@@Z 1001c985 f i libucrt:lseek.obj
 0001:0001b992       ?force_synchronize_per_thread_data@__crt_cached_ptd_host@@AAEPAU__acrt_ptd@@XZ 1001c992 f i libucrt:lseek.obj
 0001:0001b9d8       ?get_current_state_index@__crt_state_management@@YAIABV__crt_scoped_get_last_error_reset@@@Z 1001c9d8 f i libucrt:lseek.obj
 0001:0001b9db       ?get_doserrno@__crt_cached_ptd_host@@QAE@XZ 1001c9db f i libucrt:lseek.obj
 0001:0001b9df       ?get_errno@__crt_cached_ptd_host@@QAE@XZ 1001c9df f i libucrt:lseek.obj
 0001:0001b9e3       ?get_raw_ptd@__crt_cached_ptd_host@@QAEPAU__acrt_ptd@@XZ 1001c9e3 f i libucrt:lseek.obj
 0001:0001ba00       ?set@?$cached@H@__crt_cached_ptd_host@@QAEHH@Z 1001ca00 f i libucrt:lseek.obj
 0001:0001ba12       ?set@?$cached@K@__crt_cached_ptd_host@@QAEKK@Z 1001ca12 f i libucrt:lseek.obj
 0001:0001ba24       ?unsafe_value@?$cached@H@__crt_cached_ptd_host@@QAEHXZ 1001ca24 f i libucrt:lseek.obj
 0001:0001ba27       ?unsafe_value@?$cached@K@__crt_cached_ptd_host@@QAEKXZ 1001ca27 f i libucrt:lseek.obj
 0001:0001ba2a       ?valid@?$cached@H@__crt_cached_ptd_host@@QBE_NXZ 1001ca2a f i libucrt:lseek.obj
 0001:0001ba2e       ?valid@?$cached@K@__crt_cached_ptd_host@@QBE_NXZ 1001ca2e f i libucrt:lseek.obj
 0001:0001ba32       ___acrt_enable_global_locale_sync 1001ca32 f i libucrt:lseek.obj
 0001:0001ba47       ___acrt_locale_changed     1001ca47 f i libucrt:lseek.obj
 0001:0001ba52       __lseek                    1001ca52 f   libucrt:lseek.obj
 0001:0001ba89       __lseek_internal           1001ca89 f   libucrt:lseek.obj
 0001:0001ba94       __lseek_nolock             1001ca94 f   libucrt:lseek.obj
 0001:0001bacb       __lseek_nolock_internal    1001cacb f   libucrt:lseek.obj
 0001:0001bad6       __lseeki64                 1001cad6 f   libucrt:lseek.obj
 0001:0001bb16       __lseeki64_internal        1001cb16 f   libucrt:lseek.obj
 0001:0001bb34       __lseeki64_nolock          1001cb34 f   libucrt:lseek.obj
 0001:0001bb74       __lseeki64_nolock_internal 1001cb74 f   libucrt:lseek.obj
 0001:0001bb92       ??$__acrt_convert_wcs_mbs_cp@D_WV<lambda_62f6974d9771e494a5ea317cc32e971c>@@U__crt_win32_buffer_internal_dynamic_resizing@@@@YAHQBDAAV?$__crt_win32_buffer@_WU__crt_win32_buffer_internal_dynamic_resizing@@@@ABV<lambda_62f6974d9771e494a5ea317cc32e971c>@@I@Z 1001cb92 f i libucrt:open.obj
 0001:0001bc44       ??$__acrt_mbs_to_wcs_cp@U__crt_win32_buffer_internal_dynamic_resizing@@@@YAHQBDAAV?$__crt_win32_buffer@_WU__crt_win32_buffer_internal_dynamic_resizing@@@@I@Z 1001cc44 f i libucrt:open.obj
 0001:0001bfb9       ??$tsopen_nolock@PAHABQAHABQBDABHABHABHABH@?$__crt_char_traits@D@@SAH$$QAPAHABQAHABQBDABH333@Z 1001cfb9 f i libucrt:open.obj
 0001:0001bfeb       ??$tsopen_nolock@PAHABQAHABQB_WABHABHABHABH@?$__crt_char_traits@_W@@SAH$$QAPAHABQAHABQB_WABH333@Z 1001cfeb f i libucrt:open.obj
 0001:0001c01d       ??$tsopen_nolock@PAHPAHABQBDABHHABHH@?$__crt_char_traits@D@@SAH$$QAPAH0ABQBDABH$$QAH23@Z 1001d01d f i libucrt:open.obj
 0001:0001c04f       ??$tsopen_nolock@PAHPAHABQB_WABHHABHH@?$__crt_char_traits@_W@@SAH$$QAPAH0ABQB_WABH$$QAH23@Z 1001d04f f i libucrt:open.obj
 0001:0001c081       ??0?$__crt_win32_buffer@_WU__crt_win32_buffer_internal_dynamic_resizing@@@@QAE@XZ 1001d081 f i libucrt:open.obj
 0001:0001c097       ??0_LocaleUpdate@@QAE@QAU__crt_locale_pointers@@@Z 1001d097 f i libucrt:open.obj
 0001:0001c119       ??1?$__crt_win32_buffer@_WU__crt_win32_buffer_internal_dynamic_resizing@@@@QAE@XZ 1001d119 f i libucrt:open.obj
 0001:0001c11e       ??1_LocaleUpdate@@QAE@XZ   1001d11e f i libucrt:open.obj
 0001:0001c12e       ??R<lambda_62f6974d9771e494a5ea317cc32e971c>@@QBE@IQBDQA_WI@Z 1001d12e f i libucrt:open.obj
 0001:0001c14f       ?GetLocaleT@_LocaleUpdate@@QAEPAU__crt_locale_pointers@@XZ 1001d14f f i libucrt:open.obj
 0001:0001c153       ?__acrt_get_utf8_acp_compatibility_codepage@@YAIXZ 1001d153 f i libucrt:open.obj
 0001:0001c192       ?_deallocate@?$__crt_win32_buffer@_WU__crt_win32_buffer_internal_dynamic_resizing@@@@AAEXXZ 1001d192 f i libucrt:open.obj
 0001:0001c1ac       ?allocate@?$__crt_win32_buffer@_WU__crt_win32_buffer_internal_dynamic_resizing@@@@QAEHI@Z 1001d1ac f i libucrt:open.obj
 0001:0001c1eb       ?allocate@__crt_win32_buffer_internal_dynamic_resizing@@SAHQAPAXIABV__crt_win32_buffer_empty_debug_info@@@Z 1001d1eb f i libucrt:open.obj
 0001:0001c20a       ?capacity@?$__crt_win32_buffer@_WU__crt_win32_buffer_internal_dynamic_resizing@@@@QBEIXZ 1001d20a f i libucrt:open.obj
 0001:0001c489       ?data@?$__crt_win32_buffer@_WU__crt_win32_buffer_internal_dynamic_resizing@@@@QAEPA_WXZ 1001d489 f i libucrt:open.obj
 0001:0001c48d       ?deallocate@__crt_win32_buffer_internal_dynamic_resizing@@SAXQAXABV__crt_win32_buffer_empty_debug_info@@@Z 1001d48d f i libucrt:open.obj
 0001:0001c49d       ?debug_info@?$__crt_win32_buffer@_WU__crt_win32_buffer_internal_dynamic_resizing@@@@QBEABV__crt_win32_buffer_empty_debug_info@@XZ 1001d49d f i libucrt:open.obj
 0001:0001c783       ?set_to_nullptr@?$__crt_win32_buffer@_WU__crt_win32_buffer_internal_dynamic_resizing@@@@QAEXXZ 1001d783 f i libucrt:open.obj
 0001:0001c79a       ?size@?$__crt_win32_buffer@_WU__crt_win32_buffer_internal_dynamic_resizing@@@@QAEXI@Z 1001d79a f i libucrt:open.obj
 0001:0001c853       ___acrt_disable_global_locale_sync 1001d853 f i libucrt:open.obj
 0001:0001c866       __invoke_watson_if_error   1001d866 f i libucrt:open.obj
 0001:0001c888       __open                     1001d888 f   libucrt:open.obj
 0001:0001c8a0       __sopen                    1001d8a0 f   libucrt:open.obj
 0001:0001c8d3       __sopen_dispatch           1001d8d3 f   libucrt:open.obj
 0001:0001c8de       __sopen_nolock             1001d8de f   libucrt:open.obj
 0001:0001c94c       __sopen_s                  1001d94c f   libucrt:open.obj
 0001:0001c96c       __wopen                    1001d96c f   libucrt:open.obj
 0001:0001c984       __wsopen                   1001d984 f   libucrt:open.obj
 0001:0001c9b7       __wsopen_dispatch          1001d9b7 f   libucrt:open.obj
 0001:0001c9c2       __wsopen_nolock            1001d9c2 f   libucrt:open.obj
 0001:0001ccec       __wsopen_s                 1001dcec f   libucrt:open.obj
 0001:0001d088       ?get_locale@__crt_cached_ptd_host@@QAEPAU__crt_locale_pointers@@XZ 1001e088 f i libucrt:wcstombs.obj
 0001:0001d09d       ?update_locale@__crt_cached_ptd_host@@AAEXXZ 1001e09d f i libucrt:wcstombs.obj
 0001:0001d0a8       ?update_locale_slow@__crt_cached_ptd_host@@AAEXXZ 1001e0a8 f i libucrt:wcstombs.obj
 0001:0001d101       ?value_or@?$cached@H@__crt_cached_ptd_host@@QBEHH@Z 1001e101 f i libucrt:wcstombs.obj
 0001:0001d142       __wcstombs_l               1001e142 f   libucrt:wcstombs.obj
 0001:0001d17a       __wcstombs_s_l             1001e17a f   libucrt:wcstombs.obj
 0001:0001d1b8       _wcstombs                  1001e1b8 f   libucrt:wcstombs.obj
 0001:0001d1ef       _wcstombs_s                1001e1ef f   libucrt:wcstombs.obj
 0001:0001d22c       ??$?0ABV?$stream_output_adapter@D@__crt_stdio_output@@AB_KABQBDAAV__crt_cached_ptd_host@@ABQAD@?$format_validation_base@DV?$stream_output_adapter@D@__crt_stdio_output@@@__crt_stdio_output@@IAE@ABV?$stream_output_adapter@D@1@AB_KABQBDAAV__crt_cached_ptd_host@@ABQAD@Z 1001e22c f i libucrt:output.obj
 0001:0001d24f       ??$?0ABV?$stream_output_adapter@D@__crt_stdio_output@@AB_KABQBDAAV__crt_cached_ptd_host@@ABQAD@?$positional_parameter_base@DV?$stream_output_adapter@D@__crt_stdio_output@@@__crt_stdio_output@@IAE@ABV?$stream_output_adapter@D@1@AB_KABQBDAAV__crt_cached_ptd_host@@ABQAD@Z 1001e24f f i libucrt:output.obj
 0001:0001d297       ??$?0ABV?$stream_output_adapter@D@__crt_stdio_output@@AB_KABQBDAAV__crt_cached_ptd_host@@ABQAD@?$standard_base@DV?$stream_output_adapter@D@__crt_stdio_output@@@__crt_stdio_output@@IAE@ABV?$stream_output_adapter@D@1@AB_KABQBDAAV__crt_cached_ptd_host@@ABQAD@Z 1001e297 f i libucrt:output.obj
 0001:0001d2ca       ??$?0ABV?$stream_output_adapter@_W@__crt_stdio_output@@AB_KABQB_WAAV__crt_cached_ptd_host@@ABQAD@?$format_validation_base@_WV?$stream_output_adapter@_W@__crt_stdio_output@@@__crt_stdio_output@@IAE@ABV?$stream_output_adapter@_W@1@AB_KABQB_WAAV__crt_cached_ptd_host@@ABQAD@Z 1001e2ca f i libucrt:output.obj
 0001:0001d2ed       ??$?0ABV?$stream_output_adapter@_W@__crt_stdio_output@@AB_KABQB_WAAV__crt_cached_ptd_host@@ABQAD@?$positional_parameter_base@_WV?$stream_output_adapter@_W@__crt_stdio_output@@@__crt_stdio_output@@IAE@ABV?$stream_output_adapter@_W@1@AB_KABQB_WAAV__crt_cached_ptd_host@@ABQAD@Z 1001e2ed f i libucrt:output.obj
 0001:0001d335       ??$?0ABV?$stream_output_adapter@_W@__crt_stdio_output@@AB_KABQB_WAAV__crt_cached_ptd_host@@ABQAD@?$standard_base@_WV?$stream_output_adapter@_W@__crt_stdio_output@@@__crt_stdio_output@@IAE@ABV?$stream_output_adapter@_W@1@AB_KABQB_WAAV__crt_cached_ptd_host@@ABQAD@Z 1001e335 f i libucrt:output.obj
 0001:0001d368       ??$?0ABV?$string_output_adapter@D@__crt_stdio_output@@AB_KABQBDAAV__crt_cached_ptd_host@@ABQAD@?$format_validation_base@DV?$string_output_adapter@D@__crt_stdio_output@@@__crt_stdio_output@@IAE@ABV?$string_output_adapter@D@1@AB_KABQBDAAV__crt_cached_ptd_host@@ABQAD@Z 1001e368 f i libucrt:output.obj
 0001:0001d38b       ??$?0ABV?$string_output_adapter@D@__crt_stdio_output@@AB_KABQBDAAV__crt_cached_ptd_host@@ABQAD@?$positional_parameter_base@DV?$string_output_adapter@D@__crt_stdio_output@@@__crt_stdio_output@@IAE@ABV?$string_output_adapter@D@1@AB_KABQBDAAV__crt_cached_ptd_host@@ABQAD@Z 1001e38b f i libucrt:output.obj
 0001:0001d3d3       ??$?0ABV?$string_output_adapter@D@__crt_stdio_output@@AB_KABQBDAAV__crt_cached_ptd_host@@ABQAD@?$standard_base@DV?$string_output_adapter@D@__crt_stdio_output@@@__crt_stdio_output@@IAE@ABV?$string_output_adapter@D@1@AB_KABQBDAAV__crt_cached_ptd_host@@ABQAD@Z 1001e3d3 f i libucrt:output.obj
 0001:0001d406       ??$?0ABV?$string_output_adapter@_W@__crt_stdio_output@@AB_KABQB_WAAV__crt_cached_ptd_host@@ABQAD@?$format_validation_base@_WV?$string_output_adapter@_W@__crt_stdio_output@@@__crt_stdio_output@@IAE@ABV?$string_output_adapter@_W@1@AB_KABQB_WAAV__crt_cached_ptd_host@@ABQAD@Z 1001e406 f i libucrt:output.obj
 0001:0001d429       ??$?0ABV?$string_output_adapter@_W@__crt_stdio_output@@AB_KABQB_WAAV__crt_cached_ptd_host@@ABQAD@?$positional_parameter_base@_WV?$string_output_adapter@_W@__crt_stdio_output@@@__crt_stdio_output@@IAE@ABV?$string_output_adapter@_W@1@AB_KABQB_WAAV__crt_cached_ptd_host@@ABQAD@Z 1001e429 f i libucrt:output.obj
 0001:0001d471       ??$?0ABV?$string_output_adapter@_W@__crt_stdio_output@@AB_KABQB_WAAV__crt_cached_ptd_host@@ABQAD@?$standard_base@_WV?$string_output_adapter@_W@__crt_stdio_output@@@__crt_stdio_output@@IAE@ABV?$string_output_adapter@_W@1@AB_KABQB_WAAV__crt_cached_ptd_host@@ABQAD@Z 1001e471 f i libucrt:output.obj
 0001:0001d7aa       ??$__crt_interlocked_read@J@@YAJPDJ@Z 1001e7aa f i libucrt:output.obj
 0001:0001d7b7       ??$_tcstol_internal@DPAPAD$0A@@@YAJAAV__crt_cached_ptd_host@@QBDQAPADH@Z 1001e7b7 f i libucrt:output.obj
 0001:0001d7e2       ??$_tcstol_internal@_WPAPA_W$0A@@@YAJAAV__crt_cached_ptd_host@@QB_WQAPA_WH@Z 1001e7e2 f i libucrt:output.obj
 0001:0001e73c       ??$count@D@formatting_buffer@__crt_stdio_output@@QBEIXZ 1001f73c f i libucrt:output.obj
 0001:0001e754       ??$count@_W@formatting_buffer@__crt_stdio_output@@QBEIXZ 1001f754 f i libucrt:output.obj
 0001:0001e76d       ??$data@D@formatting_buffer@__crt_stdio_output@@QAEPADXZ 1001f76d f i libucrt:output.obj
 0001:0001e77a       ??$data@_W@formatting_buffer@__crt_stdio_output@@QAEPA_WXZ 1001f77a f i libucrt:output.obj
 0001:0001e787       ??$ensure_buffer_is_big_enough@D@formatting_buffer@__crt_stdio_output@@QAE_NIAAV__crt_cached_ptd_host@@@Z 1001f787 f i libucrt:output.obj
 0001:0001e808       ??$ensure_buffer_is_big_enough@_W@formatting_buffer@__crt_stdio_output@@QAE_NIAAV__crt_cached_ptd_host@@@Z 1001f808 f i libucrt:output.obj
 0001:0001e88a       ??$extract_argument_from_va_list@C_J@?$positional_parameter_base@DV?$stream_output_adapter@D@__crt_stdio_output@@@__crt_stdio_output@@IAE_NAA_J@Z 1001f88a f i libucrt:output.obj
 0001:0001e919       ??$extract_argument_from_va_list@C_J@?$positional_parameter_base@DV?$string_output_adapter@D@__crt_stdio_output@@@__crt_stdio_output@@IAE_NAA_J@Z 1001f919 f i libucrt:output.obj
 0001:0001e9a8       ??$extract_argument_from_va_list@C_J@?$positional_parameter_base@_WV?$stream_output_adapter@_W@__crt_stdio_output@@@__crt_stdio_output@@IAE_NAA_J@Z 1001f9a8 f i libucrt:output.obj
 0001:0001ea38       ??$extract_argument_from_va_list@C_J@?$positional_parameter_base@_WV?$string_output_adapter@_W@__crt_stdio_output@@@__crt_stdio_output@@IAE_NAA_J@Z 1001fa38 f i libucrt:output.obj
 0001:0001eac8       ??$extract_argument_from_va_list@C_J@?$standard_base@DV?$stream_output_adapter@D@__crt_stdio_output@@@__crt_stdio_output@@IAE_NAA_J@Z 1001fac8 f i libucrt:output.obj
 0001:0001eae8       ??$extract_argument_from_va_list@C_J@?$standard_base@DV?$string_output_adapter@D@__crt_stdio_output@@@__crt_stdio_output@@IAE_NAA_J@Z 1001fae8 f i libucrt:output.obj
 0001:0001eb08       ??$extract_argument_from_va_list@C_J@?$standard_base@_WV?$stream_output_adapter@_W@__crt_stdio_output@@@__crt_stdio_output@@IAE_NAA_J@Z 1001fb08 f i libucrt:output.obj
 0001:0001eb28       ??$extract_argument_from_va_list@C_J@?$standard_base@_WV?$string_output_adapter@_W@__crt_stdio_output@@@__crt_stdio_output@@IAE_NAA_J@Z 1001fb28 f i libucrt:output.obj
 0001:0001eb48       ??$extract_argument_from_va_list@E_J@?$positional_parameter_base@DV?$stream_output_adapter@D@__crt_stdio_output@@@__crt_stdio_output@@IAE_NAA_J@Z 1001fb48 f i libucrt:output.obj
 0001:0001ebd7       ??$extract_argument_from_va_list@E_J@?$positional_parameter_base@DV?$string_output_adapter@D@__crt_stdio_output@@@__crt_stdio_output@@IAE_NAA_J@Z 1001fbd7 f i libucrt:output.obj
 0001:0001ec66       ??$extract_argument_from_va_list@E_J@?$positional_parameter_base@_WV?$stream_output_adapter@_W@__crt_stdio_output@@@__crt_stdio_output@@IAE_NAA_J@Z 1001fc66 f i libucrt:output.obj
 0001:0001ecf6       ??$extract_argument_from_va_list@E_J@?$positional_parameter_base@_WV?$string_output_adapter@_W@__crt_stdio_output@@@__crt_stdio_output@@IAE_NAA_J@Z 1001fcf6 f i libucrt:output.obj
 0001:0001ed86       ??$extract_argument_from_va_list@E_J@?$standard_base@DV?$stream_output_adapter@D@__crt_stdio_output@@@__crt_stdio_output@@IAE_NAA_J@Z 1001fd86 f i libucrt:output.obj
 0001:0001eda6       ??$extract_argument_from_va_list@E_J@?$standard_base@DV?$string_output_adapter@D@__crt_stdio_output@@@__crt_stdio_output@@IAE_NAA_J@Z 1001fda6 f i libucrt:output.obj
 0001:0001edc6       ??$extract_argument_from_va_list@E_J@?$standard_base@_WV?$stream_output_adapter@_W@__crt_stdio_output@@@__crt_stdio_output@@IAE_NAA_J@Z 1001fdc6 f i libucrt:output.obj
 0001:0001ede6       ??$extract_argument_from_va_list@E_J@?$standard_base@_WV?$string_output_adapter@_W@__crt_stdio_output@@@__crt_stdio_output@@IAE_NAA_J@Z 1001fde6 f i libucrt:output.obj
 0001:0001ee06       ??$extract_argument_from_va_list@F_J@?$positional_parameter_base@DV?$stream_output_adapter@D@__crt_stdio_output@@@__crt_stdio_output@@IAE_NAA_J@Z 1001fe06 f i libucrt:output.obj
 0001:0001ee95       ??$extract_argument_from_va_list@F_J@?$positional_parameter_base@DV?$string_output_adapter@D@__crt_stdio_output@@@__crt_stdio_output@@IAE_NAA_J@Z 1001fe95 f i libucrt:output.obj
[...]
 0002:0000e0b0       __sehtable$?update_thread_multibyte_data_internal@@YAPAU__crt_multibyte_data@@QAU__acrt_ptd@@QAPAU1@@Z 1006e0b0     libucrt:mbctype.obj
 0002:0000e0d0       __sehtable$??$?RV<lambda_ceb1ee4838e85a9d631eb091e2fbe199>@@AAV<lambda_ae742caa10f662c28703da3d2ea5e57e>@@V<lambda_cd08b5d6af4937fe54fc07d0c9bf6b37>@@@?$__crt_seh_guarded_call@X@@QAEX$$QAV<lambda_ceb1ee4838e85a9d631eb091e2fbe199>@@AAV<lambda_ae742caa10f662c28703da3d2ea5e57e>@@$$QAV<lambda_cd08b5d6af4937fe54fc07d0c9bf6b37>@@@Z 1006e0d0     libucrt:mbctype.obj
 0002:0000e0f0       __sehtable$__query_new_handler 1006e0f0     libucrt:new_handler.obj
 0002:0000e110       __sehtable$__set_new_handler 1006e110     libucrt:new_handler.obj
 0002:0000e130       __sehtable$_signal         1006e130     libucrt:signal.obj
 0002:0000e150       __sehtable$_raise          1006e150     libucrt:signal.obj
 0002:0000e170       __sehtable$?ctrlevent_capture@@YGHK@Z 1006e170     libucrt:signal.obj
 0002:0000e190       __sehtable$??$?RV<lambda_cbab9ec6f41b0180b23cc171c22676b0>@@AAV<lambda_44731a7d0e6d81c3e6aa82d741081786>@@V<lambda_4b292cb8dd18144e164572427af410ab>@@@?$__crt_seh_guarded_call@P6AXH@Z@@QAEP6AXH@Z$$QAV<lambda_cbab9ec6f41b0180b23cc171c22676b0>@@AAV<lambda_44731a7d0e6d81c3e6aa82d741081786>@@$$QAV<lambda_4b292cb8dd18144e164572427af410ab>@@@Z 1006e190     libucrt:signal.obj
 0002:0000e1b0       __sehtable$___acrt_update_thread_locale_data 1006e1b0     libucrt:locale_refcounting.obj
 0002:0000e1d0       __sehtable$__fcloseall     1006e1d0     libucrt:closeall.obj
 0002:0000e1f0       __sehtable$??$?RV<lambda_9e9de3de5fa147e2223d7db92bc10aa6>@@AAV<lambda_38ce7e780aa69e748d6df282ebc68efe>@@V<lambda_8ca6da459f0f6780f1cff60fdc3d00e5>@@@?$__crt_seh_guarded_call@H@@QAEH$$QAV<lambda_9e9de3de5fa147e2223d7db92bc10aa6>@@AAV<lambda_38ce7e780aa69e748d6df282ebc68efe>@@$$QAV<lambda_8ca6da459f0f6780f1cff60fdc3d00e5>@@@Z 1006e1f0     libucrt:commit.obj
 0002:0000e210       __sehtable$___set_fpsr_sse2 1006e210     libucrt:fpctrl.obj
 0002:0000e230       __sehtable$__IsNonwritableInCurrentImage 1006e230     LIBCMT:pesect.obj
 0002:0000e250       .edata                     1006e250     zlibwapi.exp
 0002:0000e278       rgpv                       1006e278     zlibwapi.exp
 0002:0000e540       rgszName                   1006e540     zlibwapi.exp
 0002:0000e750       rgwOrd                     1006e750     zlibwapi.exp
 0002:0000e858       szName                     1006e858     zlibwapi.exp
 0002:0000e865       $N00001                    1006e865     zlibwapi.exp
 0002:0000e86d       $N00140                    1006e86d     zlibwapi.exp
 0002:0000e87d       $N00174                    1006e87d     zlibwapi.exp
 0002:0000e887       $N00039                    1006e887     zlibwapi.exp
 0002:0000e891       $N00002                    1006e891     zlibwapi.exp
 0002:0000e89a       $N00046                    1006e89a     zlibwapi.exp
 0002:0000e8a8       $N00003                    1006e8a8     zlibwapi.exp
 0002:0000e8ae       $N00142                    1006e8ae     zlibwapi.exp
 0002:0000e8bc       $N00177                    1006e8bc     zlibwapi.exp
 0002:0000e8d0       $N00176                    1006e8d0     zlibwapi.exp
 0002:0000e8e2       $N00178                    1006e8e2     zlibwapi.exp
 0002:0000e8f3       $N00175                    1006e8f3     zlibwapi.exp
 0002:0000e8fb       $N00004                    1006e8fb     zlibwapi.exp
 0002:0000e903       $N00047                    1006e903     zlibwapi.exp
 0002:0000e910       $N00005                    1006e910     zlibwapi.exp
 0002:0000e91c       $N00006                    1006e91c     zlibwapi.exp
 0002:0000e927       $N00173                    1006e927     zlibwapi.exp
 0002:0000e93c       $N00007                    1006e93c     zlibwapi.exp
 0002:0000e94a       $N00008                    1006e94a     zlibwapi.exp
 0002:0000e957       $N00009                    1006e957     zlibwapi.exp
 0002:0000e965       $N00052                    1006e965     zlibwapi.exp
 0002:0000e974       $N00051                    1006e974     zlibwapi.exp
 0002:0000e981       $N00010                    1006e981     zlibwapi.exp
 0002:0000e98e       $N00164                    1006e98e     zlibwapi.exp
 0002:0000e99f       $N00011                    1006e99f     zlibwapi.exp
 0002:0000e9b4       $N00144                    1006e9b4     zlibwapi.exp
 0002:0000e9c5       $N00145                    1006e9c5     zlibwapi.exp
 0002:0000e9d1       $N00110                    1006e9d1     zlibwapi.exp
 0002:0000e9e5       $N00111                    1006e9e5     zlibwapi.exp
 0002:0000e9fb       $N00112                    1006e9fb     zlibwapi.exp
 0002:0000ea12       $N00113                    1006ea12     zlibwapi.exp
 0002:0000ea29       $N00038                    1006ea29     zlibwapi.exp
 0002:0000ea37       $N00146                    1006ea37     zlibwapi.exp
 0002:0000ea40       $N00048                    1006ea40     zlibwapi.exp
 0002:0000ea4b       $N00012                    1006ea4b     zlibwapi.exp
 0002:0000ea53       $N00147                    1006ea53     zlibwapi.exp
 0002:0000ea5d       $N00148                    1006ea5d     zlibwapi.exp
 0002:0000ea67       $N00149                    1006ea67     zlibwapi.exp
 0002:0000ea70       $N00013                    1006ea70     zlibwapi.exp
 0002:0000ea78       $N00034                    1006ea78     zlibwapi.exp
 0002:0000ea7e       $N00014                    1006ea7e     zlibwapi.exp
 0002:0000ea86       $N00015                    1006ea86     zlibwapi.exp
 0002:0000ea8e       $N00171                    1006ea8e     zlibwapi.exp
 0002:0000ea96       $N00172                    1006ea96     zlibwapi.exp
 0002:0000ea9f       $N00030                    1006ea9f     zlibwapi.exp
 0002:0000eaa6       $N00161                    1006eaa6     zlibwapi.exp
 0002:0000eaae       $N00041                    1006eaae     zlibwapi.exp
 0002:0000eab5       $N00150                    1006eab5     zlibwapi.exp
 0002:0000eabe       $N00016                    1006eabe     zlibwapi.exp
 0002:0000eac5       $N00165                    1006eac5     zlibwapi.exp
 0002:0000eace       $N00028                    1006eace     zlibwapi.exp
 0002:0000ead7       $N00029                    1006ead7     zlibwapi.exp
 0002:0000eade       $N00040                    1006eade     zlibwapi.exp
 0002:0000eae5       $N00017                    1006eae5     zlibwapi.exp
 0002:0000eaec       $N00032                    1006eaec     zlibwapi.exp
 0002:0000eaf5       $N00031                    1006eaf5     zlibwapi.exp
 0002:0000eafc       $N00035                    1006eafc     zlibwapi.exp
 0002:0000eb08       $N00033                    1006eb08     zlibwapi.exp
 0002:0000eb0f       $N00049                    1006eb0f     zlibwapi.exp
 0002:0000eb18       $N00167                    1006eb18     zlibwapi.exp
 0002:0000eb22       $N00018                    1006eb22     zlibwapi.exp
 0002:0000eb2a       $N00019                    1006eb2a     zlibwapi.exp
 0002:0000eb32       $N00044                    1006eb32     zlibwapi.exp
 0002:0000eb3e       $N00045                    1006eb3e     zlibwapi.exp
 0002:0000eb4d       $N00043                    1006eb4d     zlibwapi.exp
 0002:0000eb5e       $N00168                    1006eb5e     zlibwapi.exp
 0002:0000eb6f       $N00042                    1006eb6f     zlibwapi.exp
 0002:0000eb7b       $N00020                    1006eb7b     zlibwapi.exp
 0002:0000eb86       $N00166                    1006eb86     zlibwapi.exp
 0002:0000eb9b       $N00156                    1006eb9b     zlibwapi.exp
 0002:0000ebac       $N00021                    1006ebac     zlibwapi.exp
 0002:0000ebba       $N00022                    1006ebba     zlibwapi.exp
 0002:0000ebc7       $N00157                    1006ebc7     zlibwapi.exp
 0002:0000ebd3       $N00158                    1006ebd3     zlibwapi.exp
 0002:0000ebe0       $N00159                    1006ebe0     zlibwapi.exp
 0002:0000ebee       $N00023                    1006ebee     zlibwapi.exp
 0002:0000ebfb       $N00163                    1006ebfb     zlibwapi.exp
 0002:0000ec0c       $N00024                    1006ec0c     zlibwapi.exp
 0002:0000ec21       $N00025                    1006ec21     zlibwapi.exp
 0002:0000ec2d       $N00037                    1006ec2d     zlibwapi.exp
 0002:0000ec3e       $N00160                    1006ec3e     zlibwapi.exp
 0002:0000ec4f       $N00169                    1006ec4f     zlibwapi.exp
 0002:0000ec5f       $N00170                    1006ec5f     zlibwapi.exp
 0002:0000ec6b       $N00026                    1006ec6b     zlibwapi.exp
 0002:0000ec76       $N00062                    1006ec76     zlibwapi.exp
 0002:0000ec7f       $N00072                    1006ec7f     zlibwapi.exp
 0002:0000ec93       $N00124                    1006ec93     zlibwapi.exp
 0002:0000ecab       $N00064                    1006ecab     zlibwapi.exp
 0002:0000ecc1       $N00125                    1006ecc1     zlibwapi.exp
 0002:0000ecdf       $N00127                    1006ecdf     zlibwapi.exp
 0002:0000ecef       $N00100                    1006ecef     zlibwapi.exp
 0002:0000ecfd       $N00073                    1006ecfd     zlibwapi.exp
 0002:0000ed11       $N00122                    1006ed11     zlibwapi.exp
 0002:0000ed24       $N00063                    1006ed24     zlibwapi.exp
 0002:0000ed35       $N00076                    1006ed35     zlibwapi.exp
 0002:0000ed4b       $N00128                    1006ed4b     zlibwapi.exp
 0002:0000ed5c       $N00101                    1006ed5c     zlibwapi.exp
 0002:0000ed6b       $N00065                    1006ed6b     zlibwapi.exp
 0002:0000ed7c       $N00066                    1006ed7c     zlibwapi.exp
 0002:0000ed8c       $N00075                    1006ed8c     zlibwapi.exp
 0002:0000ed9a       $N00077                    1006ed9a     zlibwapi.exp
 0002:0000eda3       $N00121                    1006eda3     zlibwapi.exp
 0002:0000edaf       $N00120                    1006edaf     zlibwapi.exp
 0002:0000edb9       $N00061                    1006edb9     zlibwapi.exp
 0002:0000edc1       $N00078                    1006edc1     zlibwapi.exp
 0002:0000edd5       $N00069                    1006edd5     zlibwapi.exp
 0002:0000ede9       $N00067                    1006ede9     zlibwapi.exp
 0002:0000edfc       $N00079                    1006edfc     zlibwapi.exp
 0002:0000ee17       $N00068                    1006ee17     zlibwapi.exp
 0002:0000ee2a       $N00074                    1006ee2a     zlibwapi.exp
 0002:0000ee43       $N00071                    1006ee43     zlibwapi.exp
 0002:0000ee4a       $N00126                    1006ee4a     zlibwapi.exp
 0002:0000ee54       $N00070                    1006ee54     zlibwapi.exp
 0002:0000ee5c       $N00036                    1006ee5c     zlibwapi.exp
 0002:0000ee63       $N00084                    1006ee63     zlibwapi.exp
 0002:0000ee6c       $N00083                    1006ee6c     zlibwapi.exp
 0002:0000ee7e       $N00136                    1006ee7e     zlibwapi.exp
 0002:0000ee95       $N00087                    1006ee95     zlibwapi.exp
 0002:0000eeaa       $N00088                    1006eeaa     zlibwapi.exp
 0002:0000eeb3       $N00131                    1006eeb3     zlibwapi.exp
 0002:0000eebf       $N00130                    1006eebf     zlibwapi.exp
 0002:0000eec9       $N00080                    1006eec9     zlibwapi.exp
 0002:0000eed1       $N00086                    1006eed1     zlibwapi.exp
 0002:0000eee6       $N00133                    1006eee6     zlibwapi.exp
 0002:0000eefe       $N00089                    1006eefe     zlibwapi.exp
 0002:0000ef13       $N00134                    1006ef13     zlibwapi.exp
 0002:0000ef2b       $N00135                    1006ef2b     zlibwapi.exp
 0002:0000ef43       $N00132                    1006ef43     zlibwapi.exp
 0002:0000ef59       $N00081                    1006ef59     zlibwapi.exp
 0002:0000ef6d       $N00082                    1006ef6d     zlibwapi.exp
 0002:0000ef81       $N00050                    1006ef81     zlibwapi.exp
 0002:0000ef92       $N00027                    1006ef92     zlibwapi.exp
 0002:0000f180       .idata$6                   1006f180     kernel32:KERNEL32.dll
 0003:00000090       ?prefix@?1??getDimension@UnDecorator@@CA?AVDName@@_N@Z@4UStringLiteral@@A 10070090     libvcruntime:undname.obj
 0003:00000098       ?__vcrt_flsindex@@3KA      10070098     libvcruntime:per_thread_data.obj
 0003:000001b0       ?errno_no_memory@@3HA      100701b0     libucrt:errno.obj
 0003:000001b4       ?doserrno_no_memory@@3KA   100701b4     libucrt:errno.obj
 0003:000001c0       ?__acrt_flsindex@@3KA      100701c0     libucrt:per_thread_data.obj
 0003:000001c4       __ctype_loc_style          100701c4     libucrt:wsetlocale.obj
 0003:00000590       __mbctypes                 10070590     libucrt:mbctype.obj
 0003:00000698       __mbcasemaps               10070698     libucrt:mbctype.obj
 0003:00000798       ?__rgctypeflag@@3PADA      10070798     libucrt:mbctype.obj
 0003:000007a0       ?__rgcode_page_info@@3PAUcode_page_info@@A 100707a0     libucrt:mbctype.obj
 0003:000008f8       ?__dcrt_lowio_console_output_handle@@3PAXA 100708f8     libucrt:initcon.obj
 0003:00000900       ?__DAZ_ENABLED@?1??__set_fpsr_sse2@@9@9 10070900     libucrt:fpctrl.obj
 0003:00000a30       ?__proc_attached@@3HA      10070a30     LIBCMT:dll_dllmain.obj
 0003:00000a58       ?is_initialized_as_dll@@3_NA 10070a58     LIBCMT:utility.obj
 0003:00000a59       ?module_local_atexit_table_initialized@@3_NA 10070a59     LIBCMT:utility.obj
 0003:00000a5c       ?module_local_atexit_table@@3U_onexit_table_t@@A 10070a5c     LIBCMT:utility.obj
 0003:00000a68       ?module_local_at_quick_exit_table@@3U_onexit_table_t@@A 10070a68     LIBCMT:utility.obj
 0003:00000a88       _GS_ExceptionRecord        10070a88     LIBCMT:gs_report.obj
 0003:00000ad8       _GS_ContextRecord          10070ad8     LIBCMT:gs_report.obj
 0003:00000dd0       ?heap@@3V_HeapManager@@A   10070dd0     libvcruntime:undname.obj
 0003:00000de4       ?__vcrt_startup_thread_ptd@@3U__vcrt_ptd@@A 10070de4     libvcruntime:per_thread_data.obj
 0003:00000e0c       ___vcrt_lock_table         10070e0c     libvcruntime:locks.obj
 0003:00000e24       ___vcrt_locks_initialized  10070e24     libvcruntime:locks.obj
 0003:00000e28       ?module_handles@@3PAPAUHINSTANCE__@@A 10070e28     libvcruntime:winapi_downlevel.obj
 0003:00000e34       ?function_pointers@@3PAPAXA 10070e34     libvcruntime:winapi_downlevel.obj
 0003:00000e4c       ?c_termination_complete@@3JA 10070e4c     libucrt:exit.obj
 0003:00000e50       ?thread_local_exit_callback_func@@3P6GXPAXK0@ZA 10070e50     libucrt:exit.obj
 0003:00000e54       ?c_exit_complete@?1???R<lambda_6e4b09c48022b2350581041d5f6b0c4c>@@QBE@XZ@4_NA 10070e54     libucrt:exit.obj
 0003:00000e58       ?program_name@?1???$common_configure_argv@D@@YAHW4_crt_argv_mode@@@Z@4PADA 10070e58     libucrt:argv_parsing.obj
 0003:00000f60       ?program_name@?1???$common_configure_argv@_W@@YAHW4_crt_argv_mode@@@Z@4PA_WA 10070f60     libucrt:argv_parsing.obj
 0003:00001194       ?__acrt_invalid_parameter_handler@@3V?$dual_state_global@P6AXPB_W00II@Z@__crt_state_management@@A 10071194     libucrt:invalid_parameter.obj
 0003:000013a8       ?module_handles@@3PAPAUHINSTANCE__@@A 100713a8     libucrt:winapi_thunks.obj
 0003:00001400       ?encoded_function_pointers@@3PAPAXA 10071400     libucrt:winapi_thunks.obj
 0003:0000148c       ?static_enum_proc@?1??enum_system_locales_ex_nolock@@YAHQ6GHPA_WKJ@Z@Z@4P6GH0KJ@ZA 1007148c     libucrt:winapi_thunks.obj
 0003:00001494       ?local_state@?7??_wcrtomb_internal@@YAHQAHQADI_WQAU_Mbstatet@@AAV__crt_cached_ptd_host@@@Z@4U2@A 10071494     libucrt:wcrtomb.obj
 0003:0000149c       ?internal_state@?1??_mbtowc_internal@@9@4U_Mbstatet@@A 1007149c     libucrt:mbtowc.obj
 0003:000014b0       ?enable_percent_n@@3IA     100714b0     libucrt:printf_count_output.obj
 0003:000014bc       ?mbst@?1??mbrlen@@9@4U_Mbstatet@@A 100714bc     libucrt:mbrtowc.obj
 0003:000014c4       ?mbst@?1??mbrtowc@@9@4U_Mbstatet@@A 100714c4     libucrt:mbrtowc.obj
 0003:000014cc       ?mbst@?1??_mbsrtowcs_helper@@YAIPA_WPAPBDIPAU_Mbstatet@@AAV__crt_cached_ptd_host@@@Z@4U2@A 100714cc     libucrt:mbrtowc.obj
 0003:000014d8       ?__acrt_lock_table@@3PAU_RTL_CRITICAL_SECTION@@A 100714d8     libucrt:locks.obj
 0003:00001628       ?__acrt_locks_initialized@@3IA 10071628     libucrt:locks.obj
 0003:0000162c       ?state_cache@?1???$get_cached_win_policy@Ubegin_thread_init_policy_properties@?1??__acrt_get_begin_thread_init_policy@@YA?AW4begin_thread_init_policy@@XZ@@@YA?AW4begin_thread_init_policy@@W4AppPolicyThreadInitializationType@@@Z@4JA 1007162c     libucrt:win_policies.obj
 0003:00001630       ?state_cache@?1???$get_cached_win_policy@Udeveloper_information_policy_properties@?1??__acrt_get_developer_information_policy@@YA?AW4developer_information_policy@@XZ@@@YA?AW4developer_information_policy@@W4AppPolicyShowDeveloperDiagnostic@@@Z@4JA 10071630     libucrt:win_policies.obj
 0003:00001634       ?state_cache@?1???$get_cached_win_policy@Uwindowing_model_policy_properties@?1??__acrt_get_windowing_model_policy@@YA?AW4windowing_model_policy@@XZ@@@YA?AW4windowing_model_policy@@W4AppPolicyWindowingModel@@@Z@4JA 10071634     libucrt:win_policies.obj
 0003:00001644       ?fSystemSet@@3HA           10071644     libucrt:mbctype.obj
 0003:00001648       ?initialized@?1??__acrt_initialize_multibyte@@9@4_NA 10071648     libucrt:mbctype.obj
 0003:0000166c       ?__acrt_new_handler@@3V?$dual_state_global@P6AHI@Z@__crt_state_management@@A 1007166c     libucrt:new_handler.obj
 0003:00001670       ?console_ctrl_handler_installed@@3_NA 10071670     libucrt:signal.obj
 0003:00001674       ?ctrlc_action@@3V?$dual_state_global@P6AXH@Z@__crt_state_management@@A 10071674     libucrt:signal.obj
 0003:00001678       ?ctrlbreak_action@@3V?$dual_state_global@P6AXH@Z@__crt_state_management@@A 10071678     libucrt:signal.obj
 0003:0000167c       ?abort_action@@3V?$dual_state_global@P6AXH@Z@__crt_state_management@@A 1007167c     libucrt:signal.obj
 0003:00001680       ?term_action@@3V?$dual_state_global@P6AXH@Z@__crt_state_management@@A 10071680     libucrt:signal.obj
 0003:00001684       ?user_matherr@@3V?$dual_state_global@P6AHPAU_exception@@@Z@__crt_state_management@@A 10071684     libucrt:matherr.obj
 0003:00001688       ?__acrt_app_type@@3W4_crt_app_type@@A 10071688     libucrt:report_runtime_error.obj
 0003:00001690       ?outmsg@?9??__acrt_report_runtime_error@@9@4PA_WA 10071690     libucrt:report_runtime_error.obj
 0003:00001cc0       ?__acrt_global_new_mode@@3V?$dual_state_global@J@__crt_state_management@@A 10071cc0     libucrt:new_mode.obj
 0003:00001cc8       ?internal_pst@?1??__c16rtomb_utf8@__crt_mbstring@@YAIPAD_SPAU_Mbstatet@@AAV__crt_cached_ptd_host@@@Z@4U3@A 10071cc8     libucrt:c16rtomb.obj
 0003:00001cd0       ?internal_pst@?1??__mbrtoc32_utf8@__crt_mbstring@@YAIPA_UPBDIPAU_Mbstatet@@AAV__crt_cached_ptd_host@@@Z@4U3@A 10071cd0     libucrt:mbrtoc32.obj
 0003:00001cdc       ___acrt_error_mode         10071cdc     libucrt:set_error_mode.obj
 0003:00001ce4       __pmatherr_set             10071ce4     libucrt:libm_error.obj
 0003:00001ce8       ?calls@?1??crypthead@@9@9  10071ce8     zip.obj
 0004:00000060       $R000000                   10072060     zlib.res
